RBC_RELEASE_BRANCH_COMMIT=bfbc973b54ce891a3c5a5e0e8c7042b1007219af
ODH_OPERATOR_BUNDLE_GIT_COMMIT=3066022384bc233a2b1160d05d06a7dc836a61c6
ODH_OPERATOR_BUNDLE_GIT_URL=https://github.com/red-hat-data-services/RHOAI-Build-Config
ODH_AI_GATEWAY_PAYLOAD_PROCESSING_E2E_GIT_COMMIT=20f2718d5c28b58b2baebd52360b394a261db46d
ODH_AI_GATEWAY_PAYLOAD_PROCESSING_E2E_GIT_URL=https://github.com/red-hat-data-services/ai-gateway-payload-processing
ODH_AI_GATEWAY_PAYLOAD_PROCESSING_GIT_COMMIT=20f2718d5c28b58b2baebd52360b394a261db46d
ODH_AI_GATEWAY_PAYLOAD_PROCESSING_GIT_URL=https://github.com/red-hat-data-services/ai-gateway-payload-processing
ODH_BUILT_IN_DETECTOR_GIT_COMMIT=5a05e289cd16283ddb2c3ce87e5bf06427b069b2
ODH_BUILT_IN_DETECTOR_GIT_URL=https://github.com/red-hat-data-services/guardrails-detectors
ODH_CLI_GIT_COMMIT=48c7a69834ed94c5e1b70ba48ff6ad74870b9ca4
ODH_CLI_GIT_URL=https://github.com/red-hat-data-services/odh-cli
ODH_DASHBOARD_GIT_COMMIT=c2df7ba7af6efa42041d929f27ebe9cbc154e4a3
ODH_DASHBOARD_GIT_URL=https://github.com/red-hat-data-services/odh-dashboard
ODH_DATA_SCIENCE_PIPELINES_ARGO_ARGOEXEC_GIT_COMMIT=dab6c34fb71f376ac6784d15fa7fe5db85fd88f9
ODH_DATA_SCIENCE_PIPELINES_ARGO_ARGOEXEC_GIT_URL=https://github.com/red-hat-data-services/argo-workflows
ODH_DATA_SCIENCE_PIPELINES_ARGO_WORKFLOWCONTROLLER_GIT_COMMIT=d232fc46a962b2a7b66ca4589620cd0d38eb6438
ODH_DATA_SCIENCE_PIPELINES_ARGO_WORKFLOWCONTROLLER_GIT_URL=https://github.com/red-hat-data-services/argo-workflows
ODH_DATA_SCIENCE_PIPELINES_OPERATOR_CONTROLLER_GIT_COMMIT=341933fce0b7fe1965479265a503df9014d48b84
ODH_DATA_SCIENCE_PIPELINES_OPERATOR_CONTROLLER_GIT_URL=https://github.com/red-hat-data-services/data-science-pipelines-operator
ODH_EVAL_HUB_GIT_COMMIT=a861f95085e15b79716dcb29e24f60418c240a0f
ODH_EVAL_HUB_GIT_URL=https://github.com/red-hat-data-services/eval-hub
ODH_FEAST_OPERATOR_GIT_COMMIT=13314edeb99dba402c6b6bc4e1ff54c458da2d27
ODH_FEAST_OPERATOR_GIT_URL=https://github.com/red-hat-data-services/feast
ODH_FEATURE_SERVER_GIT_COMMIT=a4e87414aa3ed6e5515f71eb7115b4131769a5e4
ODH_FEATURE_SERVER_GIT_URL=https://github.com/red-hat-data-services/feast
ODH_FMS_GUARDRAILS_ORCHESTRATOR_GIT_COMMIT=8114de1214fdfdaab9bc2741c1e28db681db4aba
ODH_FMS_GUARDRAILS_ORCHESTRATOR_GIT_URL=https://github.com/red-hat-data-services/fms-guardrails-orchestrator
ODH_GUARDRAILS_DETECTOR_HUGGINGFACE_RUNTIME_GIT_COMMIT=5a05e289cd16283ddb2c3ce87e5bf06427b069b2
ODH_GUARDRAILS_DETECTOR_HUGGINGFACE_RUNTIME_GIT_URL=https://github.com/red-hat-data-services/guardrails-detectors
ODH_KF_NOTEBOOK_CONTROLLER_GIT_COMMIT=576ed1b4beceb2bae931b64210842912edc8aa26
ODH_KF_NOTEBOOK_CONTROLLER_GIT_URL=https://github.com/red-hat-data-services/kubeflow
ODH_KSERVE_AGENT_GIT_COMMIT=610006b8241d2aa088681fd3c731ed0c9365374b
ODH_KSERVE_AGENT_GIT_URL=https://github.com/red-hat-data-services/kserve
ODH_KSERVE_CONTROLLER_GIT_COMMIT=610006b8241d2aa088681fd3c731ed0c9365374b
ODH_KSERVE_CONTROLLER_GIT_URL=https://github.com/red-hat-data-services/kserve
ODH_KSERVE_LOCALMODEL_CONTROLLER_GIT_COMMIT=610006b8241d2aa088681fd3c731ed0c9365374b
ODH_KSERVE_LOCALMODEL_CONTROLLER_GIT_URL=https://github.com/red-hat-data-services/kserve
ODH_KSERVE_LOCALMODELNODE_AGENT_GIT_COMMIT=610006b8241d2aa088681fd3c731ed0c9365374b
ODH_KSERVE_LOCALMODELNODE_AGENT_GIT_URL=https://github.com/red-hat-data-services/kserve
ODH_KSERVE_ROUTER_GIT_COMMIT=610006b8241d2aa088681fd3c731ed0c9365374b
ODH_KSERVE_ROUTER_GIT_URL=https://github.com/red-hat-data-services/kserve
ODH_KSERVE_STORAGE_INITIALIZER_GIT_COMMIT=610006b8241d2aa088681fd3c731ed0c9365374b
ODH_KSERVE_STORAGE_INITIALIZER_GIT_URL=https://github.com/red-hat-data-services/kserve
ODH_KUBE_AUTH_PROXY_GIT_COMMIT=fc45dc86aa074977df51bba07c1f529b979104e4
ODH_KUBE_AUTH_PROXY_GIT_URL=https://github.com/red-hat-data-services/kube-auth-proxy
ODH_KUBE_RBAC_PROXY_GIT_COMMIT=15f5c78b0211b8f459b764fce48c81d937268007
ODH_KUBE_RBAC_PROXY_GIT_URL=https://github.com/red-hat-data-services/kube-rbac-proxy
ODH_KUBERAY_OPERATOR_CONTROLLER_GIT_COMMIT=3e576f58face1b5a14ae77c8e3270b95b2dbc423
ODH_KUBERAY_OPERATOR_CONTROLLER_GIT_URL=https://github.com/red-hat-data-services/kuberay
ODH_LLM_D_INFERENCE_SCHEDULER_GIT_COMMIT=13768cf93aa6834f361f9c0d1f93fdb3fcd85f56
ODH_LLM_D_INFERENCE_SCHEDULER_GIT_URL=https://github.com/red-hat-data-services/llm-d-inference-scheduler
ODH_LLM_D_ROUTING_SIDECAR_GIT_COMMIT=13768cf93aa6834f361f9c0d1f93fdb3fcd85f56
ODH_LLM_D_ROUTING_SIDECAR_GIT_URL=https://github.com/red-hat-data-services/llm-d-inference-scheduler
ODH_MAAS_API_GIT_COMMIT=b67810e8e4cb27d6c74a019ae2da8d974f0c1303
ODH_MAAS_API_GIT_URL=https://github.com/red-hat-data-services/models-as-a-service
ODH_MAAS_CONTROLLER_GIT_COMMIT=b67810e8e4cb27d6c74a019ae2da8d974f0c1303
ODH_MAAS_CONTROLLER_GIT_URL=https://github.com/red-hat-data-services/models-as-a-service
ODH_ML_PIPELINES_API_SERVER_V2_GIT_COMMIT=a518fc5135d89f865bb89709d8b5105996924e51
ODH_ML_PIPELINES_API_SERVER_V2_GIT_URL=https://github.com/red-hat-data-services/data-science-pipelines
ODH_ML_PIPELINES_DRIVER_GIT_COMMIT=a518fc5135d89f865bb89709d8b5105996924e51
ODH_ML_PIPELINES_DRIVER_GIT_URL=https://github.com/red-hat-data-services/data-science-pipelines
ODH_ML_PIPELINES_LAUNCHER_GIT_COMMIT=398fda9b60e7551e7d5302a52ac7a23ad5e78d88
ODH_ML_PIPELINES_LAUNCHER_GIT_URL=https://github.com/red-hat-data-services/data-science-pipelines
ODH_ML_PIPELINES_PERSISTENCEAGENT_V2_GIT_COMMIT=a518fc5135d89f865bb89709d8b5105996924e51
ODH_ML_PIPELINES_PERSISTENCEAGENT_V2_GIT_URL=https://github.com/red-hat-data-services/data-science-pipelines
ODH_ML_PIPELINES_SCHEDULEDWORKFLOW_V2_GIT_COMMIT=a518fc5135d89f865bb89709d8b5105996924e51
ODH_ML_PIPELINES_SCHEDULEDWORKFLOW_V2_GIT_URL=https://github.com/red-hat-data-services/data-science-pipelines
ODH_MLFLOW_GIT_COMMIT=686f44e9d7e9b65d9e14943830ef90df3103db72
ODH_MLFLOW_GIT_URL=https://github.com/red-hat-data-services/mlflow
ODH_MLMD_GRPC_SERVER_GIT_COMMIT=60c3000c399cae4c5c879fb8565dfe7c82422d18
ODH_MLMD_GRPC_SERVER_GIT_URL=https://github.com/red-hat-data-services/ml-metadata
ODH_MLSERVER_GIT_COMMIT=fafabe3f4cb39bf5a7f5b7544bdffb47c9905f0c
ODH_MLSERVER_GIT_URL=https://github.com/red-hat-data-services/MLServer
ODH_MOD_ARCH_GEN_AI_GIT_COMMIT=a8e3c188f68b99379976a93840251e068aef0e2b
ODH_MOD_ARCH_GEN_AI_GIT_URL=https://github.com/red-hat-data-services/odh-dashboard
ODH_MOD_ARCH_MAAS_GIT_COMMIT=a8e3c188f68b99379976a93840251e068aef0e2b
ODH_MOD_ARCH_MAAS_GIT_URL=https://github.com/red-hat-data-services/odh-dashboard
ODH_MOD_ARCH_MLFLOW_GIT_COMMIT=28ee3f896a4e82e19fa34c856eedbe0776aa1629
ODH_MOD_ARCH_MLFLOW_GIT_URL=https://github.com/red-hat-data-services/odh-dashboard
ODH_MOD_ARCH_MODEL_REGISTRY_GIT_COMMIT=a8e3c188f68b99379976a93840251e068aef0e2b
ODH_MOD_ARCH_MODEL_REGISTRY_GIT_URL=https://github.com/red-hat-data-services/odh-dashboard
ODH_MODEL_CONTROLLER_GIT_COMMIT=018bfc2b74220064b3c47675515d0a4157583ffa
ODH_MODEL_CONTROLLER_GIT_URL=https://github.com/red-hat-data-services/odh-model-controller
ODH_MODEL_METADATA_COLLECTION_GIT_COMMIT=a4d4d3d8d1107c385936c5392d76e8041b4f9ce5
ODH_MODEL_METADATA_COLLECTION_GIT_URL=https://github.com/red-hat-data-services/model-metadata-collection
ODH_MODEL_PERFORMANCE_DATA_GIT_COMMIT=c3fdbfbdb43f923c53c64a580a1be9172faeb9bf
ODH_MODEL_PERFORMANCE_DATA_GIT_URL=https://github.com/red-hat-data-services/models-perf-benchmark-data
ODH_MODEL_REGISTRY_JOB_ASYNC_UPLOAD_GIT_COMMIT=ec809b0b62bce4fe15ffa6c1271cea50c3d10c92
ODH_MODEL_REGISTRY_JOB_ASYNC_UPLOAD_GIT_URL=https://github.com/red-hat-data-services/model-registry
ODH_MODEL_REGISTRY_OPERATOR_GIT_COMMIT=dcafe22814dba5500760d6a9a2c6ad546cfc17e7
ODH_MODEL_REGISTRY_OPERATOR_GIT_URL=https://github.com/red-hat-data-services/model-registry-operator
ODH_MODEL_REGISTRY_GIT_COMMIT=ec809b0b62bce4fe15ffa6c1271cea50c3d10c92
ODH_MODEL_REGISTRY_GIT_URL=https://github.com/red-hat-data-services/model-registry
ODH_MODEL_SERVING_API_GIT_COMMIT=018bfc2b74220064b3c47675515d0a4157583ffa
ODH_MODEL_SERVING_API_GIT_URL=https://github.com/red-hat-data-services/odh-model-controller
ODH_MUST_GATHER_GIT_COMMIT=ed773ac7bd80bff76503f0f4d0fc6fdba6a5f820
ODH_MUST_GATHER_GIT_URL=https://github.com/red-hat-data-services/must-gather
ODH_NOTEBOOK_CONTROLLER_GIT_COMMIT=576ed1b4beceb2bae931b64210842912edc8aa26
ODH_NOTEBOOK_CONTROLLER_GIT_URL=https://github.com/red-hat-data-services/kubeflow
ODH_OGX_CORE_GIT_COMMIT=8f2d9d17dcd01a956ae9304c3320ecd5f6975466
ODH_OGX_CORE_GIT_URL=https://github.com/red-hat-data-services/ogx-distribution
ODH_OGX_K8S_OPERATOR_GIT_COMMIT=b86a2f4db30306aad25ce539ff16fb5a14e1fb6e
ODH_OGX_K8S_OPERATOR_GIT_URL=https://github.com/red-hat-data-services/ogx-k8s-operator
ODH_OPENVINO_MODEL_SERVER_GIT_COMMIT=d0e9b90104854026768244821cba0ca04ad9289d
ODH_OPENVINO_MODEL_SERVER_GIT_URL=https://github.com/red-hat-data-services/openvino_model_server
ODH_OPERATOR_GIT_COMMIT=6629d86f545d78fb41be389bb987df26467aff55
ODH_OPERATOR_GIT_URL=https://github.com/red-hat-data-services/rhods-operator
ODH_PIPELINE_RUNTIME_DATASCIENCE_CPU_PY312_GIT_COMMIT=2fd3c903d22110d8199c1d4683209c4e092f0b57
ODH_PIPELINE_RUNTIME_DATASCIENCE_CPU_PY312_GIT_URL=https://github.com/red-hat-data-services/notebooks
ODH_PIPELINE_RUNTIME_MINIMAL_CPU_PY312_GIT_COMMIT=2fd3c903d22110d8199c1d4683209c4e092f0b57
ODH_PIPELINE_RUNTIME_MINIMAL_CPU_PY312_GIT_URL=https://github.com/red-hat-data-services/notebooks
ODH_PIPELINE_RUNTIME_PYTORCH_CUDA_PY312_GIT_COMMIT=2fd3c903d22110d8199c1d4683209c4e092f0b57
ODH_PIPELINE_RUNTIME_PYTORCH_CUDA_PY312_GIT_URL=https://github.com/red-hat-data-services/notebooks
ODH_PIPELINE_RUNTIME_PYTORCH_LLMCOMPRESSOR_CUDA_PY312_GIT_COMMIT=2fd3c903d22110d8199c1d4683209c4e092f0b57
ODH_PIPELINE_RUNTIME_PYTORCH_LLMCOMPRESSOR_CUDA_PY312_GIT_URL=https://github.com/red-hat-data-services/notebooks
ODH_PIPELINE_RUNTIME_PYTORCH_ROCM_PY312_GIT_COMMIT=2fd3c903d22110d8199c1d4683209c4e092f0b57
ODH_PIPELINE_RUNTIME_PYTORCH_ROCM_PY312_GIT_URL=https://github.com/red-hat-data-services/notebooks
ODH_PIPELINE_RUNTIME_TENSORFLOW_CUDA_PY312_GIT_COMMIT=2fd3c903d22110d8199c1d4683209c4e092f0b57
ODH_PIPELINE_RUNTIME_TENSORFLOW_CUDA_PY312_GIT_URL=https://github.com/red-hat-data-services/notebooks
ODH_PIPELINE_RUNTIME_TENSORFLOW_ROCM_PY312_GIT_COMMIT=2fd3c903d22110d8199c1d4683209c4e092f0b57
ODH_PIPELINE_RUNTIME_TENSORFLOW_ROCM_PY312_GIT_URL=https://github.com/red-hat-data-services/notebooks
ODH_PIPELINES_COMPONENTS_GIT_COMMIT=9abf04347be43f8b3fdcffeab142e6ec12a503a3
ODH_PIPELINES_COMPONENTS_GIT_URL=https://github.com/red-hat-data-services/pipelines-components
ODH_RHEL9_OPERATOR_GIT_COMMIT=6629d86f545d78fb41be389bb987df26467aff55
ODH_RHEL9_OPERATOR_GIT_URL=https://github.com/red-hat-data-services/rhods-operator
ODH_SPARK_OPERATOR_GIT_COMMIT=026a9dc2b89cac5999a317e0611083050d47d013
ODH_SPARK_OPERATOR_GIT_URL=https://github.com/red-hat-data-services/spark-operator
ODH_TA_LMES_DRIVER_GIT_COMMIT=99914bc3c081532d0741a471826143b8adb67c6a
ODH_TA_LMES_DRIVER_GIT_URL=https://github.com/red-hat-data-services/trustyai-service-operator
ODH_TA_LMES_JOB_GIT_COMMIT=b60de5c18c4d2fe11a27e9747aadf9578f22aec2
ODH_TA_LMES_JOB_GIT_URL=https://github.com/red-hat-data-services/lm-evaluation-harness
ODH_TH06_CPU_TORCH210_PY312_GIT_COMMIT=9b234a552eee5b80aadba00494e5353ba31b6721
ODH_TH06_CPU_TORCH210_PY312_GIT_URL=https://github.com/red-hat-data-services/distributed-workloads
ODH_TH06_CUDA130_TORCH210_PY312_GIT_COMMIT=9b234a552eee5b80aadba00494e5353ba31b6721
ODH_TH06_CUDA130_TORCH210_PY312_GIT_URL=https://github.com/red-hat-data-services/distributed-workloads
ODH_TRAINER_GIT_COMMIT=138f5c9d590be0e7aa548798b20ae1b2fa5ac6b9
ODH_TRAINER_GIT_URL=https://github.com/red-hat-data-services/trainer
ODH_TRAINING_CUDA121_TORCH24_PY311_GIT_COMMIT=5994bdf4bd789d2b068d5ebfa86278ac53d91b3a
ODH_TRAINING_CUDA121_TORCH24_PY311_GIT_URL=https://github.com/red-hat-data-services/distributed-workloads
ODH_TRAINING_CUDA124_TORCH25_PY311_GIT_COMMIT=5994bdf4bd789d2b068d5ebfa86278ac53d91b3a
ODH_TRAINING_CUDA124_TORCH25_PY311_GIT_URL=https://github.com/red-hat-data-services/distributed-workloads
ODH_TRAINING_CUDA128_TORCH28_PY312_GIT_COMMIT=5994bdf4bd789d2b068d5ebfa86278ac53d91b3a
ODH_TRAINING_CUDA128_TORCH28_PY312_GIT_URL=https://github.com/red-hat-data-services/distributed-workloads
ODH_TRAINING_CUDA128_TORCH29_PY312_GIT_COMMIT=fbd2e349fee9d611f23a17f94c097a9dae22b95a
ODH_TRAINING_CUDA128_TORCH29_PY312_GIT_URL=https://github.com/red-hat-data-services/distributed-workloads
ODH_TRAINING_OPERATOR_GIT_COMMIT=9777151879b830bb44bbab5fab312e0c05e6072f
ODH_TRAINING_OPERATOR_GIT_URL=https://github.com/red-hat-data-services/training-operator
ODH_TRAINING_ROCM62_TORCH24_PY311_GIT_COMMIT=5994bdf4bd789d2b068d5ebfa86278ac53d91b3a
ODH_TRAINING_ROCM62_TORCH24_PY311_GIT_URL=https://github.com/red-hat-data-services/distributed-workloads
ODH_TRAINING_ROCM62_TORCH25_PY311_GIT_COMMIT=5994bdf4bd789d2b068d5ebfa86278ac53d91b3a
ODH_TRAINING_ROCM62_TORCH25_PY311_GIT_URL=https://github.com/red-hat-data-services/distributed-workloads
ODH_TRAINING_ROCM64_TORCH28_PY312_GIT_COMMIT=5994bdf4bd789d2b068d5ebfa86278ac53d91b3a
ODH_TRAINING_ROCM64_TORCH28_PY312_GIT_URL=https://github.com/red-hat-data-services/distributed-workloads
ODH_TRAINING_ROCM64_TORCH29_PY312_GIT_COMMIT=5994bdf4bd789d2b068d5ebfa86278ac53d91b3a
ODH_TRAINING_ROCM64_TORCH29_PY312_GIT_URL=https://github.com/red-hat-data-services/distributed-workloads
ODH_TRUSTYAI_GARAK_LLS_PROVIDER_DSP_GIT_COMMIT=e6d91bc7494b7f6b381cf5f8b12593378955572b
ODH_TRUSTYAI_GARAK_LLS_PROVIDER_DSP_GIT_URL=https://github.com/red-hat-data-services/llama-stack-provider-trustyai-garak
ODH_TRUSTYAI_SERVICE_OPERATOR_GIT_COMMIT=99914bc3c081532d0741a471826143b8adb67c6a
ODH_TRUSTYAI_SERVICE_OPERATOR_GIT_URL=https://github.com/red-hat-data-services/trustyai-service-operator
ODH_TRUSTYAI_SERVICE_GIT_COMMIT=49ef992545e096550db996666f748fdac485200a
ODH_TRUSTYAI_SERVICE_GIT_URL=https://github.com/red-hat-data-services/trustyai-explainability
ODH_TRUSTYAI_VLLM_ORCHESTRATOR_GATEWAY_GIT_COMMIT=ebf27df75c99ed560db36b8e8ce1d603c3eff2f6
ODH_TRUSTYAI_VLLM_ORCHESTRATOR_GATEWAY_GIT_URL=https://github.com/red-hat-data-services/vllm-orchestrator-gateway
ODH_VLLM_CPU_GIT_COMMIT=88c963bfc89f63f33cdd030d93d6018e478a1d65
ODH_VLLM_CPU_GIT_URL=https://github.com/red-hat-data-services/vllm-cpu
ODH_WORKBENCH_CODESERVER_DATASCIENCE_CPU_PY312_GIT_COMMIT=2fd3c903d22110d8199c1d4683209c4e092f0b57
ODH_WORKBENCH_CODESERVER_DATASCIENCE_CPU_PY312_GIT_URL=https://github.com/red-hat-data-services/notebooks
ODH_WORKBENCH_JUPYTER_DATASCIENCE_CPU_PY312_GIT_COMMIT=2fd3c903d22110d8199c1d4683209c4e092f0b57
ODH_WORKBENCH_JUPYTER_DATASCIENCE_CPU_PY312_GIT_URL=https://github.com/red-hat-data-services/notebooks
ODH_WORKBENCH_JUPYTER_MINIMAL_CPU_PY312_GIT_COMMIT=2fd3c903d22110d8199c1d4683209c4e092f0b57
ODH_WORKBENCH_JUPYTER_MINIMAL_CPU_PY312_GIT_URL=https://github.com/red-hat-data-services/notebooks
ODH_WORKBENCH_JUPYTER_MINIMAL_CUDA_PY312_GIT_COMMIT=2fd3c903d22110d8199c1d4683209c4e092f0b57
ODH_WORKBENCH_JUPYTER_MINIMAL_CUDA_PY312_GIT_URL=https://github.com/red-hat-data-services/notebooks
ODH_WORKBENCH_JUPYTER_MINIMAL_ROCM_PY312_GIT_COMMIT=2fd3c903d22110d8199c1d4683209c4e092f0b57
ODH_WORKBENCH_JUPYTER_MINIMAL_ROCM_PY312_GIT_URL=https://github.com/red-hat-data-services/notebooks
ODH_WORKBENCH_JUPYTER_PYTORCH_CUDA_PY312_GIT_COMMIT=2fd3c903d22110d8199c1d4683209c4e092f0b57
ODH_WORKBENCH_JUPYTER_PYTORCH_CUDA_PY312_GIT_URL=https://github.com/red-hat-data-services/notebooks
ODH_WORKBENCH_JUPYTER_PYTORCH_LLMCOMPRESSOR_CUDA_PY312_GIT_COMMIT=2fd3c903d22110d8199c1d4683209c4e092f0b57
ODH_WORKBENCH_JUPYTER_PYTORCH_LLMCOMPRESSOR_CUDA_PY312_GIT_URL=https://github.com/red-hat-data-services/notebooks
ODH_WORKBENCH_JUPYTER_PYTORCH_ROCM_PY312_GIT_COMMIT=2fd3c903d22110d8199c1d4683209c4e092f0b57
ODH_WORKBENCH_JUPYTER_PYTORCH_ROCM_PY312_GIT_URL=https://github.com/red-hat-data-services/notebooks
ODH_WORKBENCH_JUPYTER_TENSORFLOW_CUDA_PY312_GIT_COMMIT=2fd3c903d22110d8199c1d4683209c4e092f0b57
ODH_WORKBENCH_JUPYTER_TENSORFLOW_CUDA_PY312_GIT_URL=https://github.com/red-hat-data-services/notebooks
ODH_WORKBENCH_JUPYTER_TENSORFLOW_ROCM_PY312_GIT_COMMIT=2fd3c903d22110d8199c1d4683209c4e092f0b57
ODH_WORKBENCH_JUPYTER_TENSORFLOW_ROCM_PY312_GIT_URL=https://github.com/red-hat-data-services/notebooks
ODH_WORKBENCH_JUPYTER_TRUSTYAI_CPU_PY312_GIT_COMMIT=2fd3c903d22110d8199c1d4683209c4e092f0b57
ODH_WORKBENCH_JUPYTER_TRUSTYAI_CPU_PY312_GIT_URL=https://github.com/red-hat-data-services/notebooks
ODH_WORKLOAD_VARIANT_AUTOSCALER_CONTROLLER_GIT_COMMIT=aa433e5966454d3db67f19b10e814a8496ca5846
ODH_WORKLOAD_VARIANT_AUTOSCALER_CONTROLLER_GIT_URL=https://github.com/red-hat-data-services/workload-variant-autoscaler
