RBC_RELEASE_BRANCH_COMMIT_216=2daf1bcbf288d40e22ab19f865f3214c1d7affa2
ODH_OPERATOR_BUNDLE_GIT_COMMIT=1d174d2fdd9398544681a222311785418332412a
ODH_OPERATOR_BUNDLE_GIT_URL=https://github.com/red-hat-data-services/RHOAI-Build-Config
ODH_CODEFLARE_OPERATOR_GIT_COMMIT=e24574478876784581d04c7722b7cb87e5475dc9
ODH_CODEFLARE_OPERATOR_GIT_URL=https://github.com/red-hat-data-services/codeflare-operator
ODH_DASHBOARD_GIT_COMMIT=487b41c86e757594dbd67e4a22cbaa451a9b72b5
ODH_DASHBOARD_GIT_URL=https://gitlab.cee.redhat.com/rhoai/odh-dashboard
ODH_DATA_SCIENCE_PIPELINES_ARGO_ARGOEXEC_GIT_COMMIT=54299f877ae441e06e1fe51ffce8bd8f3331e067
ODH_DATA_SCIENCE_PIPELINES_ARGO_ARGOEXEC_GIT_URL=https://github.com/red-hat-data-services/argo-workflows
ODH_DATA_SCIENCE_PIPELINES_ARGO_WORKFLOWCONTROLLER_GIT_COMMIT=54299f877ae441e06e1fe51ffce8bd8f3331e067
ODH_DATA_SCIENCE_PIPELINES_ARGO_WORKFLOWCONTROLLER_GIT_URL=https://github.com/red-hat-data-services/argo-workflows
ODH_DATA_SCIENCE_PIPELINES_OPERATOR_CONTROLLER_GIT_COMMIT=72a670404b3b1f44e0ef0400895014bedc14c78d
ODH_DATA_SCIENCE_PIPELINES_OPERATOR_CONTROLLER_GIT_URL=https://github.com/red-hat-data-services/data-science-pipelines-operator
ODH_KF_NOTEBOOK_CONTROLLER_GIT_COMMIT=1443b2393eba0ac44639bfc9fb9d522e9f0363d4
ODH_KF_NOTEBOOK_CONTROLLER_GIT_URL=https://github.com/red-hat-data-services/kubeflow
ODH_KUBERAY_OPERATOR_CONTROLLER_GIT_COMMIT=6bedd2e1cd38f34a44b58ac3eeaa40a648394706
ODH_KUBERAY_OPERATOR_CONTROLLER_GIT_URL=https://github.com/red-hat-data-services/kuberay
ODH_KUEUE_CONTROLLER_GIT_COMMIT=57747faf9c91806d865c589c428cd9ce69d60b91
ODH_KUEUE_CONTROLLER_GIT_URL=https://gitlab.cee.redhat.com/rhoai/kueue
ODH_ML_PIPELINES_API_SERVER_V2_GIT_COMMIT=ec6b1269366bf551d6443d5eca6a8cd0d9216602
ODH_ML_PIPELINES_API_SERVER_V2_GIT_URL=https://github.com/red-hat-data-services/data-science-pipelines
ODH_ML_PIPELINES_DRIVER_GIT_COMMIT=ec6b1269366bf551d6443d5eca6a8cd0d9216602
ODH_ML_PIPELINES_DRIVER_GIT_URL=https://github.com/red-hat-data-services/data-science-pipelines
ODH_ML_PIPELINES_LAUNCHER_GIT_COMMIT=ec6b1269366bf551d6443d5eca6a8cd0d9216602
ODH_ML_PIPELINES_LAUNCHER_GIT_URL=https://github.com/red-hat-data-services/data-science-pipelines
ODH_ML_PIPELINES_PERSISTENCEAGENT_V2_GIT_COMMIT=ec6b1269366bf551d6443d5eca6a8cd0d9216602
ODH_ML_PIPELINES_PERSISTENCEAGENT_V2_GIT_URL=https://github.com/red-hat-data-services/data-science-pipelines
ODH_ML_PIPELINES_SCHEDULEDWORKFLOW_V2_GIT_COMMIT=ec6b1269366bf551d6443d5eca6a8cd0d9216602
ODH_ML_PIPELINES_SCHEDULEDWORKFLOW_V2_GIT_URL=https://github.com/red-hat-data-services/data-science-pipelines
ODH_MLMD_GRPC_SERVER_GIT_COMMIT=3bf1f07dd77c08ac731fcd39ccbb522b3880733d
ODH_MLMD_GRPC_SERVER_GIT_URL=https://github.com/red-hat-data-services/ml-metadata
ODH_MM_REST_PROXY_GIT_COMMIT=8d8bcac8df1e1629c2589ccee4d87afd0d99079f
ODH_MM_REST_PROXY_GIT_URL=https://github.com/red-hat-data-services/rest-proxy
ODH_MODEL_CONTROLLER_GIT_COMMIT=8d38c31c3813bd94f18e501948b26639e12e7e8b
ODH_MODEL_CONTROLLER_GIT_URL=https://github.com/red-hat-data-services/odh-model-controller
ODH_MODEL_REGISTRY_OPERATOR_GIT_COMMIT=09a973b13124a664046c63226f0c15ba0105e50f
ODH_MODEL_REGISTRY_OPERATOR_GIT_URL=https://github.com/red-hat-data-services/model-registry-operator
ODH_MODEL_REGISTRY_GIT_COMMIT=a00cff36f281a9708dbdb45798b464c7efeff259
ODH_MODEL_REGISTRY_GIT_URL=https://github.com/red-hat-data-services/model-registry
ODH_MODELMESH_RUNTIME_ADAPTER_GIT_COMMIT=383a33e2877c342a84ce3d13068ecff58991a838
ODH_MODELMESH_RUNTIME_ADAPTER_GIT_URL=https://github.com/red-hat-data-services/modelmesh-runtime-adapter
ODH_MODELMESH_SERVING_CONTROLLER_GIT_COMMIT=441140d92c661b7c2e94642c067f77df6be0f63a
ODH_MODELMESH_SERVING_CONTROLLER_GIT_URL=https://github.com/red-hat-data-services/modelmesh-serving
ODH_MODELMESH_GIT_COMMIT=8b45993d154da3d17d3ab491cd2f5937443f1e27
ODH_MODELMESH_GIT_URL=https://gitlab.cee.redhat.com/rhoai/odh-modelmesh
ODH_NOTEBOOK_CONTROLLER_GIT_COMMIT=1443b2393eba0ac44639bfc9fb9d522e9f0363d4
ODH_NOTEBOOK_CONTROLLER_GIT_URL=https://github.com/red-hat-data-services/kubeflow
ODH_RHEL8_OPERATOR_GIT_COMMIT=0cbbf38a588eb459a863d4bd877bf4f106f5dd16
ODH_RHEL8_OPERATOR_GIT_URL=https://github.com/red-hat-data-services/rhods-operator
ODH_TRAINING_OPERATOR_GIT_COMMIT=90666d4fc9c041f415c9494352d4613f0cec292f
ODH_TRAINING_OPERATOR_GIT_URL=https://github.com/red-hat-data-services/training-operator
ODH_TRUSTYAI_SERVICE_OPERATOR_GIT_COMMIT=bbac887f0abf147cefff47c4aa1d652fa17e2ffd
ODH_TRUSTYAI_SERVICE_OPERATOR_GIT_URL=https://github.com/red-hat-data-services/trustyai-service-operator
ODH_TRUSTYAI_SERVICE_GIT_COMMIT=abf5e0608bed41ab45ffaaa6e42540b98f176705
ODH_TRUSTYAI_SERVICE_GIT_URL=https://github.com/red-hat-data-services/trustyai-explainability
RBC_RELEASE_BRANCH_COMMIT_219=d0f0d173f2b4e693d25dc21e1f46fc09d0169bc0
ODH_OPERATOR_BUNDLE_GIT_COMMIT=5f8e48ba3d45016e691a5a34374c910f520d6ae6
ODH_OPERATOR_BUNDLE_GIT_URL=https://github.com/red-hat-data-services/RHOAI-Build-Config
ODH_CODEFLARE_OPERATOR_GIT_COMMIT=e853fb2b7e48384a73227a48f77ba2de09f7c7e3
ODH_CODEFLARE_OPERATOR_GIT_URL=https://github.com/red-hat-data-services/codeflare-operator
ODH_DASHBOARD_GIT_COMMIT=cce582a928e7fdabeb2655ab6a595889ff70defa
ODH_DASHBOARD_GIT_URL=https://gitlab.cee.redhat.com/rhoai/odh-dashboard
ODH_DATA_SCIENCE_PIPELINES_ARGO_ARGOEXEC_GIT_COMMIT=64c3e30e189c2a8d31257019ef36156330a1026e
ODH_DATA_SCIENCE_PIPELINES_ARGO_ARGOEXEC_GIT_URL=https://github.com/red-hat-data-services/argo-workflows
ODH_DATA_SCIENCE_PIPELINES_ARGO_WORKFLOWCONTROLLER_GIT_COMMIT=64c3e30e189c2a8d31257019ef36156330a1026e
ODH_DATA_SCIENCE_PIPELINES_ARGO_WORKFLOWCONTROLLER_GIT_URL=https://github.com/red-hat-data-services/argo-workflows
ODH_DATA_SCIENCE_PIPELINES_OPERATOR_CONTROLLER_GIT_COMMIT=8d8c2cc9992c50d345e4794a4062b1cba213b905
ODH_DATA_SCIENCE_PIPELINES_OPERATOR_CONTROLLER_GIT_URL=https://github.com/red-hat-data-services/data-science-pipelines-operator
ODH_KF_NOTEBOOK_CONTROLLER_GIT_COMMIT=f9c96aec604f5ecdbdd1053ebcdcf14cfc4f18a9
ODH_KF_NOTEBOOK_CONTROLLER_GIT_URL=https://github.com/red-hat-data-services/kubeflow
ODH_KUBERAY_OPERATOR_CONTROLLER_GIT_COMMIT=296187c3c5cbefcb4307b255295fb46a170ef62a
ODH_KUBERAY_OPERATOR_CONTROLLER_GIT_URL=https://github.com/red-hat-data-services/kuberay
ODH_KUEUE_CONTROLLER_GIT_COMMIT=8fb85d1ddbb6bf9f29561b308a20c67e632297d0
ODH_KUEUE_CONTROLLER_GIT_URL=https://gitlab.cee.redhat.com/rhoai/kueue
ODH_ML_PIPELINES_API_SERVER_V2_GIT_COMMIT=2198924dda29e855b7f57edf00e6afa621f8f05a
ODH_ML_PIPELINES_API_SERVER_V2_GIT_URL=https://github.com/red-hat-data-services/data-science-pipelines
ODH_ML_PIPELINES_DRIVER_GIT_COMMIT=2198924dda29e855b7f57edf00e6afa621f8f05a
ODH_ML_PIPELINES_DRIVER_GIT_URL=https://github.com/red-hat-data-services/data-science-pipelines
ODH_ML_PIPELINES_LAUNCHER_GIT_COMMIT=2198924dda29e855b7f57edf00e6afa621f8f05a
ODH_ML_PIPELINES_LAUNCHER_GIT_URL=https://github.com/red-hat-data-services/data-science-pipelines
ODH_ML_PIPELINES_PERSISTENCEAGENT_V2_GIT_COMMIT=2198924dda29e855b7f57edf00e6afa621f8f05a
ODH_ML_PIPELINES_PERSISTENCEAGENT_V2_GIT_URL=https://github.com/red-hat-data-services/data-science-pipelines
ODH_ML_PIPELINES_SCHEDULEDWORKFLOW_V2_GIT_COMMIT=2198924dda29e855b7f57edf00e6afa621f8f05a
ODH_ML_PIPELINES_SCHEDULEDWORKFLOW_V2_GIT_URL=https://github.com/red-hat-data-services/data-science-pipelines
ODH_MLMD_GRPC_SERVER_GIT_COMMIT=83a44807a191367d128b596b193d1ee595b95bc1
ODH_MLMD_GRPC_SERVER_GIT_URL=https://github.com/red-hat-data-services/ml-metadata
ODH_MM_REST_PROXY_GIT_COMMIT=d101c8fedc2fae23b67efd1449e075c796ecd339
ODH_MM_REST_PROXY_GIT_URL=https://github.com/red-hat-data-services/rest-proxy
ODH_MODEL_CONTROLLER_GIT_COMMIT=0e7241f9a1c5a3b4e745fca2133d9a360d41f41d
ODH_MODEL_CONTROLLER_GIT_URL=https://github.com/red-hat-data-services/odh-model-controller
ODH_MODEL_REGISTRY_OPERATOR_GIT_COMMIT=5c6cacd7b05d631389d36df985b769ef8180b998
ODH_MODEL_REGISTRY_OPERATOR_GIT_URL=https://github.com/red-hat-data-services/model-registry-operator
ODH_MODEL_REGISTRY_GIT_COMMIT=3c35f3b583c86c62f0b4f9c008be9b444bab9e26
ODH_MODEL_REGISTRY_GIT_URL=https://github.com/red-hat-data-services/model-registry
ODH_MODELMESH_RUNTIME_ADAPTER_GIT_COMMIT=da92ab72366d56232c789bb11c34efc53cddf317
ODH_MODELMESH_RUNTIME_ADAPTER_GIT_URL=https://github.com/red-hat-data-services/modelmesh-runtime-adapter
ODH_MODELMESH_SERVING_CONTROLLER_GIT_COMMIT=e6475e7e4b2d3261d8b1641cb2f97d1379f7e660
ODH_MODELMESH_SERVING_CONTROLLER_GIT_URL=https://github.com/red-hat-data-services/modelmesh-serving
ODH_MODELMESH_GIT_COMMIT=6623c57e5d9a94d7ea22756781010d3a23186846
ODH_MODELMESH_GIT_URL=https://gitlab.cee.redhat.com/rhoai/odh-modelmesh
ODH_NOTEBOOK_CONTROLLER_GIT_COMMIT=f9c96aec604f5ecdbdd1053ebcdcf14cfc4f18a9
ODH_NOTEBOOK_CONTROLLER_GIT_URL=https://github.com/red-hat-data-services/kubeflow
ODH_RHEL8_OPERATOR_GIT_COMMIT=65bfc3fb60b6acdcb7329c881dd25ea042489e0b
ODH_RHEL8_OPERATOR_GIT_URL=https://github.com/red-hat-data-services/rhods-operator
ODH_TRAINING_OPERATOR_GIT_COMMIT=a6289b4c6615c6126226529de89c46b8eab1a2d2
ODH_TRAINING_OPERATOR_GIT_URL=https://github.com/red-hat-data-services/training-operator
ODH_TRUSTYAI_SERVICE_OPERATOR_GIT_COMMIT=10a20c2fa9eccc649a0cae2501cabd98d266a128
ODH_TRUSTYAI_SERVICE_OPERATOR_GIT_URL=https://github.com/red-hat-data-services/trustyai-service-operator
ODH_TRUSTYAI_SERVICE_GIT_COMMIT=5aecf99ecb5e6b02e703fe9b26292c213a3901bf
ODH_TRUSTYAI_SERVICE_GIT_URL=https://github.com/red-hat-data-services/trustyai-explainability
RBC_RELEASE_BRANCH_COMMIT=d0f0d173f2b4e693d25dc21e1f46fc09d0169bc0
RBC_RELEASE_BRANCH_COMMIT_221=c53c1371a533a590dfe2cb8de6a34497ed204239
ODH_OPERATOR_BUNDLE_GIT_COMMIT=a95ad6cc9c0cae802352f56f558dcbd5f0d9a5b9
ODH_OPERATOR_BUNDLE_GIT_URL=https://github.com/red-hat-data-services/RHOAI-Build-Config
ODH_CODEFLARE_OPERATOR_GIT_COMMIT=5b1e477672c69ca70b362e47eba844ba0b9d12a7
ODH_CODEFLARE_OPERATOR_GIT_URL=https://github.com/red-hat-data-services/codeflare-operator
ODH_DASHBOARD_GIT_COMMIT=c0fc785b2a37e503792826fdb6b246a70ed96d62
ODH_DASHBOARD_GIT_URL=https://gitlab.cee.redhat.com/rhoai/odh-dashboard
ODH_DATA_SCIENCE_PIPELINES_ARGO_ARGOEXEC_GIT_COMMIT=517a14490bd582e57b8a8d16bad18b0402432a93
ODH_DATA_SCIENCE_PIPELINES_ARGO_ARGOEXEC_GIT_URL=https://github.com/red-hat-data-services/argo-workflows
ODH_DATA_SCIENCE_PIPELINES_ARGO_WORKFLOWCONTROLLER_GIT_COMMIT=517a14490bd582e57b8a8d16bad18b0402432a93
ODH_DATA_SCIENCE_PIPELINES_ARGO_WORKFLOWCONTROLLER_GIT_URL=https://github.com/red-hat-data-services/argo-workflows
ODH_DATA_SCIENCE_PIPELINES_OPERATOR_CONTROLLER_GIT_COMMIT=29a64b5dda88240e02dc46b1313387dad017c0d8
ODH_DATA_SCIENCE_PIPELINES_OPERATOR_CONTROLLER_GIT_URL=https://github.com/red-hat-data-services/data-science-pipelines-operator
ODH_KF_NOTEBOOK_CONTROLLER_GIT_COMMIT=3b15deabc76a211f863e91bfdae764bdac4b8809
ODH_KF_NOTEBOOK_CONTROLLER_GIT_URL=https://github.com/red-hat-data-services/kubeflow
ODH_KUBERAY_OPERATOR_CONTROLLER_GIT_COMMIT=8f39806407ae07d9b9b7497a2183c89858436bc3
ODH_KUBERAY_OPERATOR_CONTROLLER_GIT_URL=https://github.com/red-hat-data-services/kuberay
ODH_KUEUE_CONTROLLER_GIT_COMMIT=3667318e6c3c5e9f7e384009bc888ec5ab7f8ce5
ODH_KUEUE_CONTROLLER_GIT_URL=https://gitlab.cee.redhat.com/rhoai/kueue
ODH_ML_PIPELINES_API_SERVER_V2_GIT_COMMIT=57043f28ce31bdf6c9c0790517712616b98a55f3
ODH_ML_PIPELINES_API_SERVER_V2_GIT_URL=https://github.com/red-hat-data-services/data-science-pipelines
ODH_ML_PIPELINES_DRIVER_GIT_COMMIT=57043f28ce31bdf6c9c0790517712616b98a55f3
ODH_ML_PIPELINES_DRIVER_GIT_URL=https://github.com/red-hat-data-services/data-science-pipelines
ODH_ML_PIPELINES_LAUNCHER_GIT_COMMIT=57043f28ce31bdf6c9c0790517712616b98a55f3
ODH_ML_PIPELINES_LAUNCHER_GIT_URL=https://github.com/red-hat-data-services/data-science-pipelines
ODH_ML_PIPELINES_PERSISTENCEAGENT_V2_GIT_COMMIT=57043f28ce31bdf6c9c0790517712616b98a55f3
ODH_ML_PIPELINES_PERSISTENCEAGENT_V2_GIT_URL=https://github.com/red-hat-data-services/data-science-pipelines
ODH_ML_PIPELINES_SCHEDULEDWORKFLOW_V2_GIT_COMMIT=57043f28ce31bdf6c9c0790517712616b98a55f3
ODH_ML_PIPELINES_SCHEDULEDWORKFLOW_V2_GIT_URL=https://github.com/red-hat-data-services/data-science-pipelines
ODH_MLMD_GRPC_SERVER_GIT_COMMIT=dc6759cf7608ca1b1a472f42760eb8679da5878a
ODH_MLMD_GRPC_SERVER_GIT_URL=https://github.com/red-hat-data-services/ml-metadata
ODH_MM_REST_PROXY_GIT_COMMIT=a90e7cd1c3e779255733b0be15758a42c05888f4
ODH_MM_REST_PROXY_GIT_URL=https://github.com/red-hat-data-services/rest-proxy
ODH_MODEL_CONTROLLER_GIT_COMMIT=32397d7e4b8cb2fbb6c502b24589a9c5ada657c1
ODH_MODEL_CONTROLLER_GIT_URL=https://github.com/red-hat-data-services/odh-model-controller
ODH_MODEL_REGISTRY_OPERATOR_GIT_COMMIT=80d3052b82ef92bc73b061920f9fb579b5e9cdd2
ODH_MODEL_REGISTRY_OPERATOR_GIT_URL=https://github.com/red-hat-data-services/model-registry-operator
ODH_MODEL_REGISTRY_GIT_COMMIT=d51bd69426aaf1f4b286ee6989bfc4be6f992524
ODH_MODEL_REGISTRY_GIT_URL=https://github.com/red-hat-data-services/model-registry
ODH_MODELMESH_RUNTIME_ADAPTER_GIT_COMMIT=dd3ea67df729a5ad4bc22e9917412f87d106a15f
ODH_MODELMESH_RUNTIME_ADAPTER_GIT_URL=https://github.com/red-hat-data-services/modelmesh-runtime-adapter
ODH_MODELMESH_SERVING_CONTROLLER_GIT_COMMIT=bb61acffba611c6ae1f6cb109c8127d0c625c49a
ODH_MODELMESH_SERVING_CONTROLLER_GIT_URL=https://github.com/red-hat-data-services/modelmesh-serving
ODH_MODELMESH_GIT_COMMIT=eadf3920034550135fced29437968a5f94b6e956
ODH_MODELMESH_GIT_URL=https://gitlab.cee.redhat.com/rhoai/odh-modelmesh
ODH_NOTEBOOK_CONTROLLER_GIT_COMMIT=3b15deabc76a211f863e91bfdae764bdac4b8809
ODH_NOTEBOOK_CONTROLLER_GIT_URL=https://github.com/red-hat-data-services/kubeflow
ODH_RHEL9_OPERATOR_GIT_COMMIT=2da897ba0288a5a2c236973c8f61de090427471b
ODH_RHEL9_OPERATOR_GIT_URL=https://github.com/red-hat-data-services/rhods-operator
ODH_TRAINING_OPERATOR_GIT_COMMIT=072a94ab228e2252ce92578762d5c5ec0756ae50
ODH_TRAINING_OPERATOR_GIT_URL=https://github.com/red-hat-data-services/training-operator
ODH_TRUSTYAI_SERVICE_OPERATOR_GIT_COMMIT=d4d9e82cb7bdb83de8797237e02665baefc9a97c
ODH_TRUSTYAI_SERVICE_OPERATOR_GIT_URL=https://github.com/red-hat-data-services/trustyai-service-operator
ODH_TRUSTYAI_SERVICE_GIT_COMMIT=fc87afb120bf7b09d534369d842d793299e3d3b2
ODH_TRUSTYAI_SERVICE_GIT_URL=https://github.com/red-hat-data-services/trustyai-explainability
RBC_RELEASE_BRANCH_COMMIT_222=d6c91f31e2d279d34f02444b3dd23d1cab2d968c
ODH_OPERATOR_BUNDLE_GIT_COMMIT=ffc628b240474a77eb59591f32116f0042437343
ODH_OPERATOR_BUNDLE_GIT_URL=https://github.com/red-hat-data-services/RHOAI-Build-Config
ODH_CODEFLARE_OPERATOR_GIT_COMMIT=1ac7c10d2288a7b6c428abefdf104f986b3e3bcd
ODH_CODEFLARE_OPERATOR_GIT_URL=https://github.com/red-hat-data-services/codeflare-operator
ODH_DASHBOARD_GIT_COMMIT=10a1e7bec41beb3ba8b71d744edbafb554d295ba
ODH_DASHBOARD_GIT_URL=https://gitlab.cee.redhat.com/rhoai/odh-dashboard
ODH_DATA_SCIENCE_PIPELINES_ARGO_ARGOEXEC_GIT_COMMIT=08233ef070c3dc02bc8a4212db92c095cb87d2d8
ODH_DATA_SCIENCE_PIPELINES_ARGO_ARGOEXEC_GIT_URL=https://github.com/red-hat-data-services/argo-workflows
ODH_DATA_SCIENCE_PIPELINES_ARGO_WORKFLOWCONTROLLER_GIT_COMMIT=08233ef070c3dc02bc8a4212db92c095cb87d2d8
ODH_DATA_SCIENCE_PIPELINES_ARGO_WORKFLOWCONTROLLER_GIT_URL=https://github.com/red-hat-data-services/argo-workflows
ODH_DATA_SCIENCE_PIPELINES_OPERATOR_CONTROLLER_GIT_COMMIT=cec631e540d6a73bf9d86fd6400c9a31f4338036
ODH_DATA_SCIENCE_PIPELINES_OPERATOR_CONTROLLER_GIT_URL=https://github.com/red-hat-data-services/data-science-pipelines-operator
ODH_KF_NOTEBOOK_CONTROLLER_GIT_COMMIT=b72d3307a27542e6b3068bd6b29fb7d13a0017e6
ODH_KF_NOTEBOOK_CONTROLLER_GIT_URL=https://github.com/red-hat-data-services/kubeflow
ODH_KUBERAY_OPERATOR_CONTROLLER_GIT_COMMIT=9cf2ea02a31d35eb6ed1059ca7c88952fd3c717f
ODH_KUBERAY_OPERATOR_CONTROLLER_GIT_URL=https://github.com/red-hat-data-services/kuberay
ODH_KUEUE_CONTROLLER_GIT_COMMIT=bd96473d2d0b8a165b2d48fb71a4c4194134c755
ODH_KUEUE_CONTROLLER_GIT_URL=https://gitlab.cee.redhat.com/rhoai/kueue
ODH_ML_PIPELINES_API_SERVER_V2_GIT_COMMIT=54ba36151e65d5fad613fcb987ae783d4ba75c55
ODH_ML_PIPELINES_API_SERVER_V2_GIT_URL=https://github.com/red-hat-data-services/data-science-pipelines
ODH_ML_PIPELINES_DRIVER_GIT_COMMIT=54ba36151e65d5fad613fcb987ae783d4ba75c55
ODH_ML_PIPELINES_DRIVER_GIT_URL=https://github.com/red-hat-data-services/data-science-pipelines
ODH_ML_PIPELINES_LAUNCHER_GIT_COMMIT=54ba36151e65d5fad613fcb987ae783d4ba75c55
ODH_ML_PIPELINES_LAUNCHER_GIT_URL=https://github.com/red-hat-data-services/data-science-pipelines
ODH_ML_PIPELINES_PERSISTENCEAGENT_V2_GIT_COMMIT=54ba36151e65d5fad613fcb987ae783d4ba75c55
ODH_ML_PIPELINES_PERSISTENCEAGENT_V2_GIT_URL=https://github.com/red-hat-data-services/data-science-pipelines
ODH_ML_PIPELINES_SCHEDULEDWORKFLOW_V2_GIT_COMMIT=54ba36151e65d5fad613fcb987ae783d4ba75c55
ODH_ML_PIPELINES_SCHEDULEDWORKFLOW_V2_GIT_URL=https://github.com/red-hat-data-services/data-science-pipelines
ODH_MLMD_GRPC_SERVER_GIT_COMMIT=45c1c57738a60d98e0b812b0400eb142dcaea2fb
ODH_MLMD_GRPC_SERVER_GIT_URL=https://github.com/red-hat-data-services/ml-metadata
ODH_MM_REST_PROXY_GIT_COMMIT=b297fa0e8b9ba853c017d5cc30959e3bab46eaab
ODH_MM_REST_PROXY_GIT_URL=https://github.com/red-hat-data-services/rest-proxy
ODH_MODEL_CONTROLLER_GIT_COMMIT=8452b694008f21a2927e0f905dbeec6d4031575f
ODH_MODEL_CONTROLLER_GIT_URL=https://github.com/red-hat-data-services/odh-model-controller
ODH_MODEL_REGISTRY_OPERATOR_GIT_COMMIT=3fdf52575e5c945cd9c4fdcae9aeced72910cecb
ODH_MODEL_REGISTRY_OPERATOR_GIT_URL=https://github.com/red-hat-data-services/model-registry-operator
ODH_MODEL_REGISTRY_GIT_COMMIT=e619421f0723baeae1c3c5dadfcf012894ec2321
ODH_MODEL_REGISTRY_GIT_URL=https://github.com/red-hat-data-services/model-registry
ODH_MODELMESH_RUNTIME_ADAPTER_GIT_COMMIT=c960e67a77a1acb74ff75dc8bb96a02793ae2310
ODH_MODELMESH_RUNTIME_ADAPTER_GIT_URL=https://github.com/red-hat-data-services/modelmesh-runtime-adapter
ODH_MODELMESH_SERVING_CONTROLLER_GIT_COMMIT=72cc30e49a48eae2244ebb92f247ac2e0e48debc
ODH_MODELMESH_SERVING_CONTROLLER_GIT_URL=https://github.com/red-hat-data-services/modelmesh-serving
ODH_MODELMESH_GIT_COMMIT=582313b27342c85b04b7e0f5093ff4030a52692a
ODH_MODELMESH_GIT_URL=https://gitlab.cee.redhat.com/rhoai/odh-modelmesh
ODH_NOTEBOOK_CONTROLLER_GIT_COMMIT=b72d3307a27542e6b3068bd6b29fb7d13a0017e6
ODH_NOTEBOOK_CONTROLLER_GIT_URL=https://github.com/red-hat-data-services/kubeflow
ODH_RHEL9_OPERATOR_GIT_COMMIT=79f30db3079816ff971a50915b7192f74478f442
ODH_RHEL9_OPERATOR_GIT_URL=https://github.com/red-hat-data-services/rhods-operator
ODH_TRAINING_OPERATOR_GIT_COMMIT=eb2881d59b5f5a29864faeeefb2512348abcf2b9
ODH_TRAINING_OPERATOR_GIT_URL=https://github.com/red-hat-data-services/training-operator
ODH_TRUSTYAI_SERVICE_OPERATOR_GIT_COMMIT=2e53da0a83608e097f35e3a790fe0139327461d3
ODH_TRUSTYAI_SERVICE_OPERATOR_GIT_URL=https://github.com/red-hat-data-services/trustyai-service-operator
ODH_TRUSTYAI_SERVICE_GIT_COMMIT=df34c29848a4e49ce44fedc8fd4e04c23b79e400
ODH_TRUSTYAI_SERVICE_GIT_URL=https://github.com/red-hat-data-services/trustyai-explainability
