RBC_RELEASE_BRANCH_COMMIT_216=
ODH_MODEL_CONTROLLER_GIT_COMMIT=bbe8394bc3db9e6f0fbf6be6226a4377fb724a89
ODH_TRUSTYAI_SERVICE_OPERATOR_GIT_COMMIT=3ac83de91efe0b0824d751fb9b6edc29c1cc2e03
ODH_KUBERAY_OPERATOR_CONTROLLER_GIT_URL=https://github.com/red-hat-data-services/kuberay
ODH_ML_PIPELINES_API_SERVER_V2_GIT_COMMIT=ca32974a33442de989f8f4e8262e5ab26b067101
ODH_KF_NOTEBOOK_CONTROLLER_GIT_URL=https://github.com/red-hat-data-services/kubeflow
ODH_ML_PIPELINES_PERSISTENCEAGENT_V2_GIT_COMMIT=4312333b5dae9d7b15e796fd9e8a2a3b922ac51b
ODH_NOTEBOOK_CONTROLLER_GIT_COMMIT=cbd019ac36cfb285263062008c556147320ddb21
ODH_MODEL_CONTROLLER_GIT_URL=https://github.com/red-hat-data-services/odh-model-controller
ODH_DATA_SCIENCE_PIPELINES_OPERATOR_CONTROLLER_GIT_COMMIT=d0d362546165fac8a27114df6a732b66c401ce01
ODH_DATA_SCIENCE_PIPELINES_ARGO_ARGOEXEC_GIT_COMMIT=f9be9a99a8885fdcd8c0b5c2502f11418bfa5f81
ODH_ML_PIPELINES_PERSISTENCEAGENT_V2_GIT_URL=https://github.com/red-hat-data-services/data-science-pipelines
ODH_CODEFLARE_OPERATOR_GIT_URL=https://github.com/red-hat-data-services/codeflare-operator
ODH_MLMD_GRPC_SERVER_GIT_COMMIT=3bf1f07dd77c08ac731fcd39ccbb522b3880733d
ODH_RHEL8_OPERATOR_GIT_URL=https://github.com/red-hat-data-services/rhods-operator
ODH_OPERATOR_BUNDLE_GIT_COMMIT=c4cc199051846ec2ed76b51e7786793e862fe4be
ODH_DATA_SCIENCE_PIPELINES_OPERATOR_CONTROLLER_GIT_URL=https://github.com/red-hat-data-services/data-science-pipelines-operator
ODH_KUEUE_CONTROLLER_GIT_COMMIT=00056c01761c71743d6cff018995300df851e569
ODH_MM_REST_PROXY_GIT_URL=https://github.com/red-hat-data-services/rest-proxy
ODH_MODELMESH_GIT_COMMIT=2323518ec48a7427efbd29810bb0dee0e8f3c865
ODH_MODELMESH_RUNTIME_ADAPTER_GIT_URL=https://github.com/red-hat-data-services/modelmesh-runtime-adapter
ODH_DASHBOARD_GIT_COMMIT=b1e5e825feaa3484033a360e871b6025ca975f09
ODH_MLMD_GRPC_SERVER_GIT_URL=https://github.com/red-hat-data-services/ml-metadata
ODH_MODEL_REGISTRY_OPERATOR_GIT_COMMIT=107edf2365584beb2ad1990eaec986e4130ffe0a
ODH_MODELMESH_SERVING_CONTROLLER_GIT_URL=https://github.com/red-hat-data-services/modelmesh-serving
ODH_DASHBOARD_GIT_URL=https://github.com/red-hat-data-services/odh-dashboard
ODH_KUEUE_CONTROLLER_GIT_URL=https://github.com/red-hat-data-services/kueue
ODH_MODELMESH_RUNTIME_ADAPTER_GIT_COMMIT=d92ff3847ee07d6ddbb4165d1f934ff40e2f5075
ODH_MODELMESH_SERVING_CONTROLLER_GIT_COMMIT=c92d0b5330513e9bd94b49beab29c5fb3cdad7c9
ODH_RHEL8_OPERATOR_GIT_COMMIT=2c5675f732be558e2b3a6177fe371ce0d6eab6bf
ODH_TRUSTYAI_SERVICE_GIT_COMMIT=a738fa3e379d7e10c2d41c35354e6dd8c6e67c5d
ODH_TRUSTYAI_SERVICE_GIT_URL=https://github.com/red-hat-data-services/trustyai-explainability
ODH_TRAINING_OPERATOR_GIT_URL=https://github.com/red-hat-data-services/training-operator
ODH_ML_PIPELINES_DRIVER_GIT_URL=https://github.com/red-hat-data-services/data-science-pipelines
ODH_CODEFLARE_OPERATOR_GIT_COMMIT=209d12ed69a26249f597ad1e2ffaea4214bae801
ODH_ML_PIPELINES_SCHEDULEDWORKFLOW_V2_GIT_URL=https://github.com/red-hat-data-services/data-science-pipelines
ODH_MODEL_REGISTRY_OPERATOR_GIT_URL=https://github.com/red-hat-data-services/model-registry-operator
ODH_ML_PIPELINES_DRIVER_GIT_COMMIT=4312333b5dae9d7b15e796fd9e8a2a3b922ac51b
ODH_MODEL_REGISTRY_GIT_COMMIT=f1e23fb426c402fc769ad2798c8aa70e3af672c9
ODH_DATA_SCIENCE_PIPELINES_ARGO_ARGOEXEC_GIT_URL=https://github.com/red-hat-data-services/argo-workflows
ODH_KF_NOTEBOOK_CONTROLLER_GIT_COMMIT=cbd019ac36cfb285263062008c556147320ddb21
ODH_OPERATOR_BUNDLE_GIT_URL=https://github.com/red-hat-data-services/RHOAI-Build-Config
ODH_KUBERAY_OPERATOR_CONTROLLER_GIT_COMMIT=d45fd228dc85f4ce26a365d6f0344785625df667
ODH_ML_PIPELINES_API_SERVER_V2_GIT_URL=https://github.com/red-hat-data-services/data-science-pipelines
ODH_MODEL_REGISTRY_GIT_URL=https://github.com/red-hat-data-services/model-registry
ODH_MODELMESH_GIT_URL=https://github.com/red-hat-data-services/modelmesh
ODH_TRAINING_OPERATOR_GIT_COMMIT=416dea4b7290beca1224aeba15378828e96f74c0
ODH_MM_REST_PROXY_GIT_COMMIT=6de445495a342a7ff06da30148d35bf7d4e531ec
ODH_DATA_SCIENCE_PIPELINES_ARGO_WORKFLOWCONTROLLER_GIT_COMMIT=f9be9a99a8885fdcd8c0b5c2502f11418bfa5f81
ODH_DATA_SCIENCE_PIPELINES_ARGO_WORKFLOWCONTROLLER_GIT_URL=https://github.com/red-hat-data-services/argo-workflows
ODH_ML_PIPELINES_LAUNCHER_GIT_COMMIT=4312333b5dae9d7b15e796fd9e8a2a3b922ac51b
ODH_ML_PIPELINES_LAUNCHER_GIT_URL=https://github.com/red-hat-data-services/data-science-pipelines
ODH_ML_PIPELINES_SCHEDULEDWORKFLOW_V2_GIT_COMMIT=4312333b5dae9d7b15e796fd9e8a2a3b922ac51b
ODH_NOTEBOOK_CONTROLLER_GIT_URL=https://github.com/red-hat-data-services/kubeflow
ODH_TRUSTYAI_SERVICE_OPERATOR_GIT_URL=https://github.com/red-hat-data-services/trustyai-service-operator
RBC_RELEASE_BRANCH_COMMIT_219=
ODH_ML_PIPELINES_API_SERVER_V2_GIT_COMMIT=2198924dda29e855b7f57edf00e6afa621f8f05a
ODH_MLMD_GRPC_SERVER_GIT_COMMIT=a51b8fbc50f9a8423db5f7562d244fdf198fed2d
ODH_TRUSTYAI_SERVICE_GIT_URL=https://github.com/red-hat-data-services/trustyai-explainability
ODH_OPERATOR_BUNDLE_GIT_URL=https://github.com/red-hat-data-services/RHOAI-Build-Config
ODH_CODEFLARE_OPERATOR_GIT_COMMIT=b2c9597833e67b4191ca533959d2a8b4aa9258d7
ODH_MLMD_GRPC_SERVER_GIT_URL=https://github.com/red-hat-data-services/ml-metadata
ODH_DATA_SCIENCE_PIPELINES_ARGO_WORKFLOWCONTROLLER_GIT_COMMIT=de9bf2134ce4b306c840de5974b2e4c762a574b7
ODH_ML_PIPELINES_PERSISTENCEAGENT_V2_GIT_URL=https://github.com/red-hat-data-services/data-science-pipelines
ODH_RHEL8_OPERATOR_GIT_URL=https://github.com/red-hat-data-services/rhods-operator
ODH_KF_NOTEBOOK_CONTROLLER_GIT_URL=https://github.com/red-hat-data-services/kubeflow
ODH_KUBERAY_OPERATOR_CONTROLLER_GIT_COMMIT=d7bb7fdb7d784ea645e675746a7bed31f916e3a9
ODH_ML_PIPELINES_SCHEDULEDWORKFLOW_V2_GIT_URL=https://github.com/red-hat-data-services/data-science-pipelines
ODH_MODEL_REGISTRY_OPERATOR_GIT_URL=https://github.com/red-hat-data-services/model-registry-operator
ODH_TRUSTYAI_SERVICE_GIT_COMMIT=39c536100033e0fe164a0c0a577b92a9d9963c4b
ODH_DATA_SCIENCE_PIPELINES_ARGO_WORKFLOWCONTROLLER_GIT_URL=https://github.com/red-hat-data-services/argo-workflows
ODH_NOTEBOOK_CONTROLLER_GIT_URL=https://github.com/red-hat-data-services/kubeflow
ODH_RHEL8_OPERATOR_GIT_COMMIT=ad07653163d9e21bc4e7f28c1018b1ec7204988f
ODH_KF_NOTEBOOK_CONTROLLER_GIT_COMMIT=5bc29f60a2ca2f3cbcc294f80bd06a505182bfb7
ODH_MODELMESH_RUNTIME_ADAPTER_GIT_URL=https://github.com/red-hat-data-services/modelmesh-runtime-adapter
ODH_MODELMESH_SERVING_CONTROLLER_GIT_URL=https://github.com/red-hat-data-services/modelmesh-serving
ODH_OPERATOR_BUNDLE_GIT_COMMIT=00cf0d8f43735f27be66b705610aaadac93d4553
ODH_KUBERAY_OPERATOR_CONTROLLER_GIT_URL=https://github.com/red-hat-data-services/kuberay
ODH_MODEL_CONTROLLER_GIT_COMMIT=cf4a370b9ddb05d344bae0867c9fc34738c1528d
ODH_MODELMESH_GIT_URL=https://github.com/red-hat-data-services/modelmesh
ODH_MODELMESH_SERVING_CONTROLLER_GIT_COMMIT=b26222e5ef7f30fadda4b4f210f912bcd0fee056
ODH_DASHBOARD_GIT_COMMIT=0c71fbab6f7f756a6487862b0452d87e452d9a8b
ODH_DATA_SCIENCE_PIPELINES_ARGO_ARGOEXEC_GIT_URL=https://github.com/red-hat-data-services/argo-workflows
ODH_ML_PIPELINES_API_SERVER_V2_GIT_URL=https://github.com/red-hat-data-services/data-science-pipelines
ODH_KUEUE_CONTROLLER_GIT_COMMIT=5b47e1598f6cefe5bd9decc67bdc69939e8166dd
ODH_DATA_SCIENCE_PIPELINES_OPERATOR_CONTROLLER_GIT_COMMIT=3158bc26b269a92a0cfe028503b825ad8ceadf28
ODH_ML_PIPELINES_DRIVER_GIT_URL=https://github.com/red-hat-data-services/data-science-pipelines
ODH_MODEL_REGISTRY_GIT_URL=https://github.com/red-hat-data-services/model-registry
ODH_DASHBOARD_GIT_URL=https://github.com/red-hat-data-services/odh-dashboard
ODH_MM_REST_PROXY_GIT_URL=https://github.com/red-hat-data-services/rest-proxy
ODH_ML_PIPELINES_LAUNCHER_GIT_URL=https://github.com/red-hat-data-services/data-science-pipelines
ODH_MODEL_CONTROLLER_GIT_URL=https://github.com/red-hat-data-services/odh-model-controller
ODH_TRUSTYAI_SERVICE_OPERATOR_GIT_COMMIT=048a1a6878343560b8da96efa5c123388d337096
ODH_DATA_SCIENCE_PIPELINES_OPERATOR_CONTROLLER_GIT_URL=https://github.com/red-hat-data-services/data-science-pipelines-operator
ODH_CODEFLARE_OPERATOR_GIT_URL=https://github.com/red-hat-data-services/codeflare-operator
ODH_DATA_SCIENCE_PIPELINES_ARGO_ARGOEXEC_GIT_COMMIT=de9bf2134ce4b306c840de5974b2e4c762a574b7
ODH_ML_PIPELINES_LAUNCHER_GIT_COMMIT=2198924dda29e855b7f57edf00e6afa621f8f05a
ODH_MODEL_REGISTRY_OPERATOR_GIT_COMMIT=6fdaf574b9c95e6657233a1f7ab83a3424e3f13d
ODH_TRAINING_OPERATOR_GIT_URL=https://github.com/red-hat-data-services/training-operator
ODH_TRUSTYAI_SERVICE_OPERATOR_GIT_URL=https://github.com/red-hat-data-services/trustyai-service-operator
ODH_KUEUE_CONTROLLER_GIT_URL=https://github.com/red-hat-data-services/kueue
ODH_ML_PIPELINES_PERSISTENCEAGENT_V2_GIT_COMMIT=2198924dda29e855b7f57edf00e6afa621f8f05a
ODH_MODEL_REGISTRY_GIT_COMMIT=7bdab771c23989bf341750562eb900cbb3805b15
ODH_MODELMESH_RUNTIME_ADAPTER_GIT_COMMIT=857a2f1fd16c759a06f639ace9e01d7ccb5b42c7
ODH_ML_PIPELINES_DRIVER_GIT_COMMIT=2198924dda29e855b7f57edf00e6afa621f8f05a
ODH_NOTEBOOK_CONTROLLER_GIT_COMMIT=5bc29f60a2ca2f3cbcc294f80bd06a505182bfb7
ODH_ML_PIPELINES_SCHEDULEDWORKFLOW_V2_GIT_COMMIT=2198924dda29e855b7f57edf00e6afa621f8f05a
ODH_MODELMESH_GIT_COMMIT=4af7d9992b2e48a5da24e311c6b5be9a3a0f0d2d
ODH_MM_REST_PROXY_GIT_COMMIT=b6fa6a84f41888286c7bdfc2963b9966183ccd4b
ODH_TRAINING_OPERATOR_GIT_COMMIT=a97edfa73ac73585d3e0cd96954270f788c1c0a3
