ODH_DASHBOARD_GIT_URL=https://github.com/red-hat-data-services/odh-dashboard
ODH_DATA_SCIENCE_PIPELINES_ARGO_ARGOEXEC_GIT_URL=https://github.com/red-hat-data-services/argo-workflows
ODH_RHEL9_OPERATOR_GIT_COMMIT=6d57baa85b362c56b64fae19d014a8ef1d096347
ODH_KF_NOTEBOOK_CONTROLLER_GIT_URL=https://github.com/red-hat-data-services/kubeflow
ODH_CODEFLARE_OPERATOR_GIT_COMMIT=7b42ad6dc5ba0b5b9621aa10698185f98803079d
ODH_ML_PIPELINES_API_SERVER_V2_GIT_URL=https://github.com/red-hat-data-services/data-science-pipelines
ODH_MODEL_REGISTRY_OPERATOR_GIT_COMMIT=f8c983956330e675880eb8578b5f78c31213c2e4
ODH_NOTEBOOK_CONTROLLER_GIT_URL=https://github.com/red-hat-data-services/kubeflow
ODH_RHEL9_OPERATOR_GIT_URL=https://github.com/red-hat-data-services/rhods-operator
ODH_TRUSTYAI_SERVICE_GIT_URL=https://github.com/red-hat-data-services/trustyai-explainability
ODH_CODEFLARE_OPERATOR_GIT_URL=https://github.com/red-hat-data-services/codeflare-operator
ODH_TRAINING_OPERATOR_GIT_URL=https://github.com/red-hat-data-services/training-operator
ODH_MODEL_REGISTRY_OPERATOR_GIT_URL=https://github.com/red-hat-data-services/model-registry-operator
ODH_MODELMESH_SERVING_CONTROLLER_GIT_URL=https://github.com/red-hat-data-services/modelmesh-serving
ODH_ML_PIPELINES_SCHEDULEDWORKFLOW_V2_GIT_URL=https://github.com/red-hat-data-services/data-science-pipelines
ODH_MM_REST_PROXY_GIT_COMMIT=c63e38168c932524fdee4a18f44a0f60e04a685e
ODH_NOTEBOOK_CONTROLLER_GIT_COMMIT=fe3ae67c1d38b923a41a2ae027342f103cbba648
ODH_KUBERAY_OPERATOR_CONTROLLER_GIT_COMMIT=3ab6bc57bdb2f0d6f98f42a701e2e578733d55da
ODH_MODELMESH_GIT_COMMIT=f5d546d0969de79c6cd3dbd56d9300b65c49fb58
ODH_ML_PIPELINES_DRIVER_GIT_URL=https://github.com/red-hat-data-services/data-science-pipelines
ODH_MODEL_REGISTRY_GIT_URL=https://github.com/red-hat-data-services/model-registry
ODH_TRUSTYAI_SERVICE_OPERATOR_GIT_COMMIT=b502fa30e4592ca52716ac7bf2f5a7f040a1e903
ODH_OPERATOR_BUNDLE_GIT_URL=https://github.com/red-hat-data-services/RHOAI-Build-Config
ODH_KUEUE_CONTROLLER_GIT_URL=https://github.com/red-hat-data-services/kueue
ODH_DATA_SCIENCE_PIPELINES_ARGO_ARGOEXEC_GIT_COMMIT=46d48c0ea510e958f1bade61208c683d2bbed2b7
ODH_KUEUE_CONTROLLER_GIT_COMMIT=87196befff3f09e2d2dfed357450aaf4c7302075
ODH_ML_PIPELINES_API_SERVER_V2_GIT_COMMIT=4c540b4c30c5d488ba078cee359aba2bbc2585f6
ODH_ML_PIPELINES_PERSISTENCEAGENT_V2_GIT_COMMIT=4c540b4c30c5d488ba078cee359aba2bbc2585f6
ODH_MLMD_GRPC_SERVER_GIT_COMMIT=4976a0f6f74144c524d2e7fb3b71c4fb1d3ba36d
ODH_MODEL_CONTROLLER_GIT_URL=https://github.com/red-hat-data-services/odh-model-controller
ODH_MODELMESH_RUNTIME_ADAPTER_GIT_COMMIT=7a74f28fdc0c8012433b1a40498dc642a24f5306
ODH_DATA_SCIENCE_PIPELINES_ARGO_WORKFLOWCONTROLLER_GIT_URL=https://github.com/red-hat-data-services/argo-workflows
ODH_ML_PIPELINES_DRIVER_GIT_COMMIT=4c540b4c30c5d488ba078cee359aba2bbc2585f6
ODH_DASHBOARD_GIT_COMMIT=bd8050c7f74dc7d6948f0a15bcfa2f33d845aec4
ODH_DATA_SCIENCE_PIPELINES_ARGO_WORKFLOWCONTROLLER_GIT_COMMIT=46d48c0ea510e958f1bade61208c683d2bbed2b7
ODH_DATA_SCIENCE_PIPELINES_OPERATOR_CONTROLLER_GIT_URL=https://github.com/red-hat-data-services/data-science-pipelines-operator
ODH_ML_PIPELINES_SCHEDULEDWORKFLOW_V2_GIT_COMMIT=4c540b4c30c5d488ba078cee359aba2bbc2585f6
ODH_MODELMESH_RUNTIME_ADAPTER_GIT_URL=https://github.com/red-hat-data-services/modelmesh-runtime-adapter
ODH_MODELMESH_GIT_URL=https://github.com/red-hat-data-services/modelmesh
ODH_MLMD_GRPC_SERVER_GIT_URL=https://github.com/red-hat-data-services/ml-metadata
ODH_MM_REST_PROXY_GIT_URL=https://github.com/red-hat-data-services/rest-proxy
ODH_MODEL_REGISTRY_GIT_COMMIT=680362e225144bff59e7ef9e6079c66a137fdf7a
ODH_TRAINING_OPERATOR_GIT_COMMIT=ef7f7df1e56a4781d88921d99b58500516bd87d3
ODH_DATA_SCIENCE_PIPELINES_OPERATOR_CONTROLLER_GIT_COMMIT=01cb1ca36661f61b8086ceda4e794698cbf15e80
ODH_ML_PIPELINES_PERSISTENCEAGENT_V2_GIT_URL=https://github.com/red-hat-data-services/data-science-pipelines
ODH_OPERATOR_BUNDLE_GIT_COMMIT=8bbe24a3270833992c14661240de37e8088265df
ODH_ML_PIPELINES_LAUNCHER_GIT_URL=https://github.com/red-hat-data-services/data-science-pipelines
ODH_TRUSTYAI_SERVICE_GIT_COMMIT=06ff272de3a10446529607d921248c43b0a2466b
ODH_KF_NOTEBOOK_CONTROLLER_GIT_COMMIT=fe3ae67c1d38b923a41a2ae027342f103cbba648
ODH_KUBERAY_OPERATOR_CONTROLLER_GIT_URL=https://github.com/red-hat-data-services/kuberay
ODH_MODEL_CONTROLLER_GIT_COMMIT=4bf5d3a4529579645a62e804cfd96b2dd9fc2fa3
ODH_ML_PIPELINES_LAUNCHER_GIT_COMMIT=4c540b4c30c5d488ba078cee359aba2bbc2585f6
ODH_MODELMESH_SERVING_CONTROLLER_GIT_COMMIT=697549b9356090cdca001f48ef1fc391f776529d
ODH_TRUSTYAI_SERVICE_OPERATOR_GIT_URL=https://github.com/red-hat-data-services/trustyai-service-operator
