RBC_RELEASE_BRANCH_COMMIT_216=6be6a0bd6e917839f6d9d43292f273fe222dcb2b
ODH_OPERATOR_BUNDLE_GIT_COMMIT=d5df02d708259ef7485774eeee261372f34f8a84
ODH_OPERATOR_BUNDLE_GIT_URL=https://github.com/red-hat-data-services/RHOAI-Build-Config
ODH_CODEFLARE_OPERATOR_GIT_COMMIT=bbd8dd4a3535221ae77fc7edbd64883e77e2a555
ODH_CODEFLARE_OPERATOR_GIT_URL=https://github.com/red-hat-data-services/codeflare-operator
ODH_DASHBOARD_GIT_COMMIT=51b47ecb25b7c5566cb110697a000bacc498dc49
ODH_DASHBOARD_GIT_URL=https://github.com/red-hat-data-services/odh-dashboard
ODH_DATA_SCIENCE_PIPELINES_ARGO_ARGOEXEC_GIT_COMMIT=a31db1cd84747b82217abdc79ea94452d64676ff
ODH_DATA_SCIENCE_PIPELINES_ARGO_ARGOEXEC_GIT_URL=https://github.com/red-hat-data-services/argo-workflows
ODH_DATA_SCIENCE_PIPELINES_ARGO_WORKFLOWCONTROLLER_GIT_COMMIT=a31db1cd84747b82217abdc79ea94452d64676ff
ODH_DATA_SCIENCE_PIPELINES_ARGO_WORKFLOWCONTROLLER_GIT_URL=https://github.com/red-hat-data-services/argo-workflows
ODH_DATA_SCIENCE_PIPELINES_OPERATOR_CONTROLLER_GIT_COMMIT=710adb91ed2e070043836d4ef853fad0a2ef69a6
ODH_DATA_SCIENCE_PIPELINES_OPERATOR_CONTROLLER_GIT_URL=https://github.com/red-hat-data-services/data-science-pipelines-operator
ODH_KF_NOTEBOOK_CONTROLLER_GIT_COMMIT=a6bfcd0469ed80311ab4c7c524ae358d94bfa733
ODH_KF_NOTEBOOK_CONTROLLER_GIT_URL=https://github.com/red-hat-data-services/kubeflow
ODH_KUBERAY_OPERATOR_CONTROLLER_GIT_COMMIT=9c0f0f2eab8ea77f6db06e1dbfa9dba8f09ee878
ODH_KUBERAY_OPERATOR_CONTROLLER_GIT_URL=https://github.com/red-hat-data-services/kuberay
ODH_KUEUE_CONTROLLER_GIT_COMMIT=4df66d97d3b6699f3ade173b4d624d8feebed748
ODH_KUEUE_CONTROLLER_GIT_URL=https://github.com/red-hat-data-services/kueue
ODH_ML_PIPELINES_API_SERVER_V2_GIT_COMMIT=398aa293981a3d3af09d331853246325a0dca506
ODH_ML_PIPELINES_API_SERVER_V2_GIT_URL=https://github.com/red-hat-data-services/data-science-pipelines
ODH_ML_PIPELINES_DRIVER_GIT_COMMIT=398aa293981a3d3af09d331853246325a0dca506
ODH_ML_PIPELINES_DRIVER_GIT_URL=https://github.com/red-hat-data-services/data-science-pipelines
ODH_ML_PIPELINES_LAUNCHER_GIT_COMMIT=398aa293981a3d3af09d331853246325a0dca506
ODH_ML_PIPELINES_LAUNCHER_GIT_URL=https://github.com/red-hat-data-services/data-science-pipelines
ODH_ML_PIPELINES_PERSISTENCEAGENT_V2_GIT_COMMIT=398aa293981a3d3af09d331853246325a0dca506
ODH_ML_PIPELINES_PERSISTENCEAGENT_V2_GIT_URL=https://github.com/red-hat-data-services/data-science-pipelines
ODH_ML_PIPELINES_SCHEDULEDWORKFLOW_V2_GIT_COMMIT=398aa293981a3d3af09d331853246325a0dca506
ODH_ML_PIPELINES_SCHEDULEDWORKFLOW_V2_GIT_URL=https://github.com/red-hat-data-services/data-science-pipelines
ODH_MLMD_GRPC_SERVER_GIT_COMMIT=d7b043e4aaac200193ef0865bfd09199bf561815
ODH_MLMD_GRPC_SERVER_GIT_URL=https://github.com/red-hat-data-services/ml-metadata
ODH_MM_REST_PROXY_GIT_COMMIT=66aea150c2a0279c809625493a0071105b1455e6
ODH_MM_REST_PROXY_GIT_URL=https://github.com/red-hat-data-services/rest-proxy
ODH_MODEL_CONTROLLER_GIT_COMMIT=eead7def157b878a9f613fd0c164b844ce39843f
ODH_MODEL_CONTROLLER_GIT_URL=https://github.com/red-hat-data-services/odh-model-controller
ODH_MODEL_REGISTRY_OPERATOR_GIT_COMMIT=e9cc825b9eeb375caff09956c2ea4885fbd1ba47
ODH_MODEL_REGISTRY_OPERATOR_GIT_URL=https://github.com/red-hat-data-services/model-registry-operator
ODH_MODEL_REGISTRY_GIT_COMMIT=3e6803ff02e46afa5654e0dd3797110fb61b29ff
ODH_MODEL_REGISTRY_GIT_URL=https://github.com/red-hat-data-services/model-registry
ODH_MODELMESH_RUNTIME_ADAPTER_GIT_COMMIT=2ba730432e3a961e311e70d3d818c7b2c33a5b49
ODH_MODELMESH_RUNTIME_ADAPTER_GIT_URL=https://github.com/red-hat-data-services/modelmesh-runtime-adapter
ODH_MODELMESH_SERVING_CONTROLLER_GIT_COMMIT=be3a55992cbc8d2513c3c9ab7fa03ba26b09b412
ODH_MODELMESH_SERVING_CONTROLLER_GIT_URL=https://github.com/red-hat-data-services/modelmesh-serving
ODH_MODELMESH_GIT_COMMIT=955a9885bc0f98c0cceed19b9604ae16376f667d
ODH_MODELMESH_GIT_URL=https://github.com/red-hat-data-services/modelmesh
ODH_NOTEBOOK_CONTROLLER_GIT_COMMIT=a6bfcd0469ed80311ab4c7c524ae358d94bfa733
ODH_NOTEBOOK_CONTROLLER_GIT_URL=https://github.com/red-hat-data-services/kubeflow
ODH_RHEL8_OPERATOR_GIT_COMMIT=e21eec502facca0c96752321857f94a9d8164837
ODH_RHEL8_OPERATOR_GIT_URL=https://github.com/red-hat-data-services/rhods-operator
ODH_TRAINING_OPERATOR_GIT_COMMIT=bf50e3b6720b592b051d6e14a737ad24c86f9e59
ODH_TRAINING_OPERATOR_GIT_URL=https://github.com/red-hat-data-services/training-operator
ODH_TRUSTYAI_SERVICE_OPERATOR_GIT_COMMIT=d7e5f03d36f61a8d81e322b9f1ec73199ea691d2
ODH_TRUSTYAI_SERVICE_OPERATOR_GIT_URL=https://github.com/red-hat-data-services/trustyai-service-operator
ODH_TRUSTYAI_SERVICE_GIT_COMMIT=8195f02024a6d4b42cf047f1b92e17d067184491
ODH_TRUSTYAI_SERVICE_GIT_URL=https://github.com/red-hat-data-services/trustyai-explainability
RBC_RELEASE_BRANCH_COMMIT=6be6a0bd6e917839f6d9d43292f273fe222dcb2b
RBC_RELEASE_BRANCH_COMMIT_225=65bcf6cd6310f56f192cadfebcc2ed68aaea6176
ODH_OPERATOR_BUNDLE_GIT_COMMIT=a9f43ef0428a049e0f59e4d895c125e6c0882429
ODH_OPERATOR_BUNDLE_GIT_URL=https://github.com/red-hat-data-services/RHOAI-Build-Config
ODH_BUILT_IN_DETECTOR_GIT_COMMIT=e78c49faed80c89a4d75c01a481aab71638c5d86
ODH_BUILT_IN_DETECTOR_GIT_URL=https://github.com/red-hat-data-services/guardrails-detectors
ODH_CAIKIT_NLP_GIT_COMMIT=b90f04abd2a76b11d6e84d5cea81344106394039
ODH_CAIKIT_NLP_GIT_URL=https://github.com/red-hat-data-services/caikit-nlp
ODH_CAIKIT_TGIS_SERVING_GIT_COMMIT=dbd506eb9b40ef0e385850094faeffa896363911
ODH_CAIKIT_TGIS_SERVING_GIT_URL=https://github.com/red-hat-data-services/caikit-tgis-serving
ODH_CODEFLARE_OPERATOR_GIT_COMMIT=3d436b5e0cf0043c27171653dc85e0a0a212b7ef
ODH_CODEFLARE_OPERATOR_GIT_URL=https://github.com/red-hat-data-services/codeflare-operator
ODH_DASHBOARD_GIT_COMMIT=6ee68acf2363ab589e0b83b298c0769464f3ce1e
ODH_DASHBOARD_GIT_URL=https://github.com/red-hat-data-services/odh-dashboard
ODH_DATA_SCIENCE_PIPELINES_ARGO_ARGOEXEC_GIT_COMMIT=edef7b69a3b529bc7fcdbba454982556cdcb820f
ODH_DATA_SCIENCE_PIPELINES_ARGO_ARGOEXEC_GIT_URL=https://github.com/red-hat-data-services/argo-workflows
ODH_DATA_SCIENCE_PIPELINES_ARGO_WORKFLOWCONTROLLER_GIT_COMMIT=edef7b69a3b529bc7fcdbba454982556cdcb820f
ODH_DATA_SCIENCE_PIPELINES_ARGO_WORKFLOWCONTROLLER_GIT_URL=https://github.com/red-hat-data-services/argo-workflows
ODH_DATA_SCIENCE_PIPELINES_OPERATOR_CONTROLLER_GIT_COMMIT=c5f789c242f9b4815714606746e442598097818c
ODH_DATA_SCIENCE_PIPELINES_OPERATOR_CONTROLLER_GIT_URL=https://github.com/red-hat-data-services/data-science-pipelines-operator
ODH_FEAST_OPERATOR_GIT_COMMIT=04dd6dbc24ea0954154d65e5e89fe8d5b2178e41
ODH_FEAST_OPERATOR_GIT_URL=https://github.com/red-hat-data-services/feast
ODH_FEATURE_SERVER_GIT_COMMIT=04dd6dbc24ea0954154d65e5e89fe8d5b2178e41
ODH_FEATURE_SERVER_GIT_URL=https://github.com/red-hat-data-services/feast
ODH_FMS_GUARDRAILS_ORCHESTRATOR_GIT_COMMIT=d2c3a8fa2650cdc08f5f95fde972b354d2dc4f5d
ODH_FMS_GUARDRAILS_ORCHESTRATOR_GIT_URL=https://github.com/red-hat-data-services/fms-guardrails-orchestrator
ODH_GUARDRAILS_DETECTOR_HUGGINGFACE_RUNTIME_GIT_COMMIT=e78c49faed80c89a4d75c01a481aab71638c5d86
ODH_GUARDRAILS_DETECTOR_HUGGINGFACE_RUNTIME_GIT_URL=https://github.com/red-hat-data-services/guardrails-detectors
ODH_KF_NOTEBOOK_CONTROLLER_GIT_COMMIT=8178fa5d768ac3b689bc110170c87008020cbf4f
ODH_KF_NOTEBOOK_CONTROLLER_GIT_URL=https://github.com/red-hat-data-services/kubeflow
ODH_KSERVE_AGENT_GIT_COMMIT=21d08f7b7352554a7aee9f18253420e7ee992468
ODH_KSERVE_AGENT_GIT_URL=https://github.com/red-hat-data-services/kserve
ODH_KSERVE_CONTROLLER_GIT_COMMIT=21d08f7b7352554a7aee9f18253420e7ee992468
ODH_KSERVE_CONTROLLER_GIT_URL=https://github.com/red-hat-data-services/kserve
ODH_KSERVE_ROUTER_GIT_COMMIT=21d08f7b7352554a7aee9f18253420e7ee992468
ODH_KSERVE_ROUTER_GIT_URL=https://github.com/red-hat-data-services/kserve
ODH_KSERVE_STORAGE_INITIALIZER_GIT_COMMIT=21d08f7b7352554a7aee9f18253420e7ee992468
ODH_KSERVE_STORAGE_INITIALIZER_GIT_URL=https://github.com/red-hat-data-services/kserve
ODH_KUBERAY_OPERATOR_CONTROLLER_GIT_COMMIT=4f7051e74855da69221f92c27d0261ccef0f553b
ODH_KUBERAY_OPERATOR_CONTROLLER_GIT_URL=https://github.com/red-hat-data-services/kuberay
ODH_KUEUE_CONTROLLER_GIT_COMMIT=9be586c9b83c4e893a3027ed970acab822489db2
ODH_KUEUE_CONTROLLER_GIT_URL=https://github.com/red-hat-data-services/kueue
ODH_LLAMA_STACK_CORE_GIT_COMMIT=c767fe8b9ffb93fd981f435ce08f4db406dcfc35
ODH_LLAMA_STACK_CORE_GIT_URL=https://gitlab.com/redhat/rhel-ai/llama-stack/containers
ODH_LLAMA_STACK_K8S_OPERATOR_GIT_COMMIT=bf8a09a9005962f1b473539c219f9e549d19599a
ODH_LLAMA_STACK_K8S_OPERATOR_GIT_URL=https://github.com/red-hat-data-services/llama-stack-k8s-operator
ODH_LLM_D_INFERENCE_SCHEDULER_GIT_COMMIT=fd977579bade092d145ad8b64a02bf7a17ae6388
ODH_LLM_D_INFERENCE_SCHEDULER_GIT_URL=https://github.com/red-hat-data-services/llm-d-inference-scheduler
ODH_LLM_D_ROUTING_SIDECAR_GIT_COMMIT=8e74a490440476408a5506ad673ca8092c37c6c5
ODH_LLM_D_ROUTING_SIDECAR_GIT_URL=https://github.com/red-hat-data-services/llm-d-routing-sidecar
ODH_ML_PIPELINES_API_SERVER_V2_GIT_COMMIT=4a3d9a2266de7f8267d5675ee13b053a70076d4c
ODH_ML_PIPELINES_API_SERVER_V2_GIT_URL=https://github.com/red-hat-data-services/data-science-pipelines
ODH_ML_PIPELINES_DRIVER_GIT_COMMIT=4a3d9a2266de7f8267d5675ee13b053a70076d4c
ODH_ML_PIPELINES_DRIVER_GIT_URL=https://github.com/red-hat-data-services/data-science-pipelines
ODH_ML_PIPELINES_LAUNCHER_GIT_COMMIT=4a3d9a2266de7f8267d5675ee13b053a70076d4c
ODH_ML_PIPELINES_LAUNCHER_GIT_URL=https://github.com/red-hat-data-services/data-science-pipelines
ODH_ML_PIPELINES_PERSISTENCEAGENT_V2_GIT_COMMIT=4a3d9a2266de7f8267d5675ee13b053a70076d4c
ODH_ML_PIPELINES_PERSISTENCEAGENT_V2_GIT_URL=https://github.com/red-hat-data-services/data-science-pipelines
ODH_ML_PIPELINES_RUNTIME_GENERIC_GIT_COMMIT=d94d678415a6be705e624850cab00babc5e11f76
ODH_ML_PIPELINES_RUNTIME_GENERIC_GIT_URL=https://github.com/red-hat-data-services/ilab-on-ocp
ODH_ML_PIPELINES_SCHEDULEDWORKFLOW_V2_GIT_COMMIT=4a3d9a2266de7f8267d5675ee13b053a70076d4c
ODH_ML_PIPELINES_SCHEDULEDWORKFLOW_V2_GIT_URL=https://github.com/red-hat-data-services/data-science-pipelines
ODH_MLMD_GRPC_SERVER_GIT_COMMIT=fd49fa7250de86cdfc7ff88e51bf4e2f71023636
ODH_MLMD_GRPC_SERVER_GIT_URL=https://github.com/red-hat-data-services/ml-metadata
ODH_MM_REST_PROXY_GIT_COMMIT=18058ad7f4c079eeb27d6531de43bb07646acb87
ODH_MM_REST_PROXY_GIT_URL=https://github.com/red-hat-data-services/rest-proxy
ODH_MOD_ARCH_MODEL_REGISTRY_GIT_COMMIT=6ee68acf2363ab589e0b83b298c0769464f3ce1e
ODH_MOD_ARCH_MODEL_REGISTRY_GIT_URL=https://github.com/red-hat-data-services/odh-dashboard
ODH_MODEL_CONTROLLER_GIT_COMMIT=4694bff403dbc900119c13247c722915186c2429
ODH_MODEL_CONTROLLER_GIT_URL=https://github.com/red-hat-data-services/odh-model-controller
ODH_MODEL_METADATA_COLLECTION_GIT_COMMIT=84fdbe0009e3ba473dce323f0182538818d33451
ODH_MODEL_METADATA_COLLECTION_GIT_URL=https://github.com/red-hat-data-services/model-metadata-collection
ODH_MODEL_REGISTRY_JOB_ASYNC_UPLOAD_GIT_COMMIT=7229af059238412b11deac63e1efd2e43625158f
ODH_MODEL_REGISTRY_JOB_ASYNC_UPLOAD_GIT_URL=https://github.com/red-hat-data-services/model-registry
ODH_MODEL_REGISTRY_OPERATOR_GIT_COMMIT=99849bb0631993ff0daaadf326272a834e70926e
ODH_MODEL_REGISTRY_OPERATOR_GIT_URL=https://github.com/red-hat-data-services/model-registry-operator
ODH_MODEL_REGISTRY_GIT_COMMIT=7229af059238412b11deac63e1efd2e43625158f
ODH_MODEL_REGISTRY_GIT_URL=https://github.com/red-hat-data-services/model-registry
ODH_MODELMESH_RUNTIME_ADAPTER_GIT_COMMIT=7998460bd5f6a2bece70d68830b571613b806379
ODH_MODELMESH_RUNTIME_ADAPTER_GIT_URL=https://github.com/red-hat-data-services/modelmesh-runtime-adapter
ODH_MODELMESH_SERVING_CONTROLLER_GIT_COMMIT=88b38c2d4aa792636af4ff7edbd8d53a2af8aaf0
ODH_MODELMESH_SERVING_CONTROLLER_GIT_URL=https://github.com/red-hat-data-services/modelmesh-serving
ODH_MODELMESH_GIT_COMMIT=f5fc9d92e452aa19c1f083872121f0671151021f
ODH_MODELMESH_GIT_URL=https://github.com/red-hat-data-services/modelmesh
ODH_MUST_GATHER_GIT_COMMIT=1a698bc3d418114f28343a9ee20f544f0537a2f5
ODH_MUST_GATHER_GIT_URL=https://github.com/red-hat-data-services/must-gather
ODH_NOTEBOOK_CONTROLLER_GIT_COMMIT=8178fa5d768ac3b689bc110170c87008020cbf4f
ODH_NOTEBOOK_CONTROLLER_GIT_URL=https://github.com/red-hat-data-services/kubeflow
ODH_OPENVINO_MODEL_SERVER_GIT_COMMIT=4bf1dc67888a0d5cb34b4f43db64bf1ca73b150d
ODH_OPENVINO_MODEL_SERVER_GIT_URL=https://github.com/red-hat-data-services/openvino_model_server
ODH_PIPELINE_RUNTIME_DATASCIENCE_CPU_PY312_GIT_COMMIT=95cba6dfaa74c29833fba51149b073bfdeaace37
ODH_PIPELINE_RUNTIME_DATASCIENCE_CPU_PY312_GIT_URL=https://github.com/red-hat-data-services/notebooks
ODH_PIPELINE_RUNTIME_MINIMAL_CPU_PY312_GIT_COMMIT=95cba6dfaa74c29833fba51149b073bfdeaace37
ODH_PIPELINE_RUNTIME_MINIMAL_CPU_PY312_GIT_URL=https://github.com/red-hat-data-services/notebooks
ODH_PIPELINE_RUNTIME_PYTORCH_CUDA_PY312_GIT_COMMIT=95cba6dfaa74c29833fba51149b073bfdeaace37
ODH_PIPELINE_RUNTIME_PYTORCH_CUDA_PY312_GIT_URL=https://github.com/red-hat-data-services/notebooks
ODH_PIPELINE_RUNTIME_PYTORCH_LLMCOMPRESSOR_CUDA_PY312_GIT_COMMIT=95cba6dfaa74c29833fba51149b073bfdeaace37
ODH_PIPELINE_RUNTIME_PYTORCH_LLMCOMPRESSOR_CUDA_PY312_GIT_URL=https://github.com/red-hat-data-services/notebooks
ODH_PIPELINE_RUNTIME_PYTORCH_ROCM_PY312_GIT_COMMIT=95cba6dfaa74c29833fba51149b073bfdeaace37
ODH_PIPELINE_RUNTIME_PYTORCH_ROCM_PY312_GIT_URL=https://github.com/red-hat-data-services/notebooks
ODH_PIPELINE_RUNTIME_TENSORFLOW_CUDA_PY312_GIT_COMMIT=95cba6dfaa74c29833fba51149b073bfdeaace37
ODH_PIPELINE_RUNTIME_TENSORFLOW_CUDA_PY312_GIT_URL=https://github.com/red-hat-data-services/notebooks
ODH_PIPELINE_RUNTIME_TENSORFLOW_ROCM_PY312_GIT_COMMIT=95cba6dfaa74c29833fba51149b073bfdeaace37
ODH_PIPELINE_RUNTIME_TENSORFLOW_ROCM_PY312_GIT_URL=https://github.com/red-hat-data-services/notebooks
ODH_RHEL9_OPERATOR_GIT_COMMIT=61aeb10b006065feba300e54aeab58a76047311d
ODH_RHEL9_OPERATOR_GIT_URL=https://github.com/red-hat-data-services/rhods-operator
ODH_TA_LMES_DRIVER_GIT_COMMIT=86c4e9b599dc92c76ab03327e7261034eab85dba
ODH_TA_LMES_DRIVER_GIT_URL=https://github.com/red-hat-data-services/trustyai-service-operator
ODH_TA_LMES_JOB_GIT_COMMIT=a8fd2b04c7dbb54bf1987852c755d73f29a7fea6
ODH_TA_LMES_JOB_GIT_URL=https://github.com/red-hat-data-services/lm-evaluation-harness
ODH_TRAINING_CUDA121_TORCH24_PY311_GIT_COMMIT=a1ae81a20641bd3452109b81042d09be7d3e96b4
ODH_TRAINING_CUDA121_TORCH24_PY311_GIT_URL=https://github.com/red-hat-data-services/distributed-workloads
ODH_TRAINING_CUDA124_TORCH25_PY311_GIT_COMMIT=a1ae81a20641bd3452109b81042d09be7d3e96b4
ODH_TRAINING_CUDA124_TORCH25_PY311_GIT_URL=https://github.com/red-hat-data-services/distributed-workloads
ODH_TRAINING_OPERATOR_GIT_COMMIT=8f2c8247e1fedc5c4341545c4b30463e1740e584
ODH_TRAINING_OPERATOR_GIT_URL=https://github.com/red-hat-data-services/training-operator
ODH_TRAINING_ROCM62_TORCH24_PY311_GIT_COMMIT=a1ae81a20641bd3452109b81042d09be7d3e96b4
ODH_TRAINING_ROCM62_TORCH24_PY311_GIT_URL=https://github.com/red-hat-data-services/distributed-workloads
ODH_TRAINING_ROCM62_TORCH25_PY311_GIT_COMMIT=a1ae81a20641bd3452109b81042d09be7d3e96b4
ODH_TRAINING_ROCM62_TORCH25_PY311_GIT_URL=https://github.com/red-hat-data-services/distributed-workloads
ODH_TRUSTYAI_SERVICE_OPERATOR_GIT_COMMIT=86c4e9b599dc92c76ab03327e7261034eab85dba
ODH_TRUSTYAI_SERVICE_OPERATOR_GIT_URL=https://github.com/red-hat-data-services/trustyai-service-operator
ODH_TRUSTYAI_SERVICE_GIT_COMMIT=d83991ef15fd7b42e93e0d00cbaeeebfc3de8d6d
ODH_TRUSTYAI_SERVICE_GIT_URL=https://github.com/red-hat-data-services/trustyai-explainability
ODH_TRUSTYAI_VLLM_ORCHESTRATOR_GATEWAY_GIT_COMMIT=c20feb0e7ea8fe6d6d273de13704b75553d7f538
ODH_TRUSTYAI_VLLM_ORCHESTRATOR_GATEWAY_GIT_URL=https://github.com/red-hat-data-services/vllm-orchestrator-gateway
ODH_VLLM_CPU_GIT_COMMIT=d17935f2e555bd90bc72d249b14ca39b64c5b7bf
ODH_VLLM_CPU_GIT_URL=https://github.com/red-hat-data-services/vllm-cpu
ODH_VLLM_CUDA_GIT_COMMIT=55e4913b35ba07878dad8ae33e1daa4592a790d8
ODH_VLLM_CUDA_GIT_URL=https://github.com/red-hat-data-services/vllm
ODH_VLLM_GAUDI_GIT_COMMIT=12f31c4aacbd3d803476fd3c8734819fa94ebe67
ODH_VLLM_GAUDI_GIT_URL=https://github.com/red-hat-data-services/vllm-gaudi
ODH_VLLM_ROCM_GIT_COMMIT=96147e8d6ed08969ab45666e2c0903180b7d8078
ODH_VLLM_ROCM_GIT_URL=https://github.com/red-hat-data-services/vllm-rocm
ODH_WORKBENCH_CODESERVER_DATASCIENCE_CPU_PY312_GIT_COMMIT=fdb7b5ebae92f760b9a94bf9849c08831195ee3a
ODH_WORKBENCH_CODESERVER_DATASCIENCE_CPU_PY312_GIT_URL=https://github.com/red-hat-data-services/notebooks
ODH_WORKBENCH_JUPYTER_DATASCIENCE_CPU_PY312_GIT_COMMIT=fdb7b5ebae92f760b9a94bf9849c08831195ee3a
ODH_WORKBENCH_JUPYTER_DATASCIENCE_CPU_PY312_GIT_URL=https://github.com/red-hat-data-services/notebooks
ODH_WORKBENCH_JUPYTER_MINIMAL_CPU_PY312_GIT_COMMIT=95cba6dfaa74c29833fba51149b073bfdeaace37
ODH_WORKBENCH_JUPYTER_MINIMAL_CPU_PY312_GIT_URL=https://github.com/red-hat-data-services/notebooks
ODH_WORKBENCH_JUPYTER_MINIMAL_CUDA_PY312_GIT_COMMIT=fdb7b5ebae92f760b9a94bf9849c08831195ee3a
ODH_WORKBENCH_JUPYTER_MINIMAL_CUDA_PY312_GIT_URL=https://github.com/red-hat-data-services/notebooks
ODH_WORKBENCH_JUPYTER_MINIMAL_ROCM_PY312_GIT_COMMIT=95cba6dfaa74c29833fba51149b073bfdeaace37
ODH_WORKBENCH_JUPYTER_MINIMAL_ROCM_PY312_GIT_URL=https://github.com/red-hat-data-services/notebooks
ODH_WORKBENCH_JUPYTER_PYTORCH_CUDA_PY312_GIT_COMMIT=95cba6dfaa74c29833fba51149b073bfdeaace37
ODH_WORKBENCH_JUPYTER_PYTORCH_CUDA_PY312_GIT_URL=https://github.com/red-hat-data-services/notebooks
ODH_WORKBENCH_JUPYTER_PYTORCH_LLMCOMPRESSOR_CUDA_PY312_GIT_COMMIT=95cba6dfaa74c29833fba51149b073bfdeaace37
ODH_WORKBENCH_JUPYTER_PYTORCH_LLMCOMPRESSOR_CUDA_PY312_GIT_URL=https://github.com/red-hat-data-services/notebooks
ODH_WORKBENCH_JUPYTER_PYTORCH_ROCM_PY312_GIT_COMMIT=95cba6dfaa74c29833fba51149b073bfdeaace37
ODH_WORKBENCH_JUPYTER_PYTORCH_ROCM_PY312_GIT_URL=https://github.com/red-hat-data-services/notebooks
ODH_WORKBENCH_JUPYTER_TENSORFLOW_CUDA_PY312_GIT_COMMIT=95cba6dfaa74c29833fba51149b073bfdeaace37
ODH_WORKBENCH_JUPYTER_TENSORFLOW_CUDA_PY312_GIT_URL=https://github.com/red-hat-data-services/notebooks
ODH_WORKBENCH_JUPYTER_TENSORFLOW_ROCM_PY312_GIT_COMMIT=95cba6dfaa74c29833fba51149b073bfdeaace37
ODH_WORKBENCH_JUPYTER_TENSORFLOW_ROCM_PY312_GIT_URL=https://github.com/red-hat-data-services/notebooks
ODH_WORKBENCH_JUPYTER_TRUSTYAI_CPU_PY312_GIT_COMMIT=95cba6dfaa74c29833fba51149b073bfdeaace37
ODH_WORKBENCH_JUPYTER_TRUSTYAI_CPU_PY312_GIT_URL=https://github.com/red-hat-data-services/notebooks
RBC_RELEASE_BRANCH_COMMIT_32=4961b6836fd530ee37b69465d8481140cd3b2c53
ODH_OPERATOR_BUNDLE_GIT_COMMIT=145ace5118aca8af45659d6a36c70058ea4f46a4
ODH_OPERATOR_BUNDLE_GIT_URL=https://github.com/red-hat-data-services/RHOAI-Build-Config
ODH_BUILT_IN_DETECTOR_GIT_COMMIT=3b3279e53e417053ae28766c75c820ffd1040e06
ODH_BUILT_IN_DETECTOR_GIT_URL=https://github.com/red-hat-data-services/guardrails-detectors
ODH_DASHBOARD_GIT_COMMIT=235270352544e9bcd67599c8914b0b3bbc385fba
ODH_DASHBOARD_GIT_URL=https://github.com/red-hat-data-services/odh-dashboard
ODH_DATA_SCIENCE_PIPELINES_ARGO_ARGOEXEC_GIT_COMMIT=3f2d1adb1f04f0da0f1842582babe5f358dc4a98
ODH_DATA_SCIENCE_PIPELINES_ARGO_ARGOEXEC_GIT_URL=https://github.com/red-hat-data-services/argo-workflows
ODH_DATA_SCIENCE_PIPELINES_ARGO_WORKFLOWCONTROLLER_GIT_COMMIT=3f2d1adb1f04f0da0f1842582babe5f358dc4a98
ODH_DATA_SCIENCE_PIPELINES_ARGO_WORKFLOWCONTROLLER_GIT_URL=https://github.com/red-hat-data-services/argo-workflows
ODH_DATA_SCIENCE_PIPELINES_OPERATOR_CONTROLLER_GIT_COMMIT=a3ecaf82907865431dc8601672e35c910747fdf9
ODH_DATA_SCIENCE_PIPELINES_OPERATOR_CONTROLLER_GIT_URL=https://github.com/red-hat-data-services/data-science-pipelines-operator
ODH_FEAST_OPERATOR_GIT_COMMIT=e8f97ca132c56ad995b2ab5f3e980c6949868b70
ODH_FEAST_OPERATOR_GIT_URL=https://github.com/red-hat-data-services/feast
ODH_FEATURE_SERVER_GIT_COMMIT=5c4078b75e74666bfffb3443d60c62731518b9b7
ODH_FEATURE_SERVER_GIT_URL=https://github.com/red-hat-data-services/feast
ODH_FMS_GUARDRAILS_ORCHESTRATOR_GIT_COMMIT=39af3b2b00b9b924ed88e71388f8f0dff3b1a5b0
ODH_FMS_GUARDRAILS_ORCHESTRATOR_GIT_URL=https://github.com/red-hat-data-services/fms-guardrails-orchestrator
ODH_GUARDRAILS_DETECTOR_HUGGINGFACE_RUNTIME_GIT_COMMIT=0e7ec0ed1f9a9dc683162c0349d728830840c897
ODH_GUARDRAILS_DETECTOR_HUGGINGFACE_RUNTIME_GIT_URL=https://github.com/red-hat-data-services/guardrails-detectors
ODH_KF_NOTEBOOK_CONTROLLER_GIT_COMMIT=84f8cd07329ffc391466af703cf7820a23f8a434
ODH_KF_NOTEBOOK_CONTROLLER_GIT_URL=https://github.com/red-hat-data-services/kubeflow
ODH_KSERVE_AGENT_GIT_COMMIT=e0e821a6c0cb9774d71d19c0f94a3c55de38967f
ODH_KSERVE_AGENT_GIT_URL=https://github.com/red-hat-data-services/kserve
ODH_KSERVE_CONTROLLER_GIT_COMMIT=e0e821a6c0cb9774d71d19c0f94a3c55de38967f
ODH_KSERVE_CONTROLLER_GIT_URL=https://github.com/red-hat-data-services/kserve
ODH_KSERVE_ROUTER_GIT_COMMIT=e0e821a6c0cb9774d71d19c0f94a3c55de38967f
ODH_KSERVE_ROUTER_GIT_URL=https://github.com/red-hat-data-services/kserve
ODH_KSERVE_STORAGE_INITIALIZER_GIT_COMMIT=e0e821a6c0cb9774d71d19c0f94a3c55de38967f
ODH_KSERVE_STORAGE_INITIALIZER_GIT_URL=https://github.com/red-hat-data-services/kserve
ODH_KUBE_AUTH_PROXY_GIT_COMMIT=aceee8aae519291b3eef9e4081368029b6bf67a7
ODH_KUBE_AUTH_PROXY_GIT_URL=https://github.com/red-hat-data-services/kube-auth-proxy
ODH_KUBERAY_OPERATOR_CONTROLLER_GIT_COMMIT=903cf3dfe5cf59b6e5511de99ea42c2006de387a
ODH_KUBERAY_OPERATOR_CONTROLLER_GIT_URL=https://github.com/red-hat-data-services/kuberay
ODH_LLAMA_STACK_CORE_GIT_COMMIT=0de07742a1fde33706e104c8792086497006fc15
ODH_LLAMA_STACK_CORE_GIT_URL=https://github.com/red-hat-data-services/llama-stack-distribution
ODH_LLAMA_STACK_K8S_OPERATOR_GIT_COMMIT=da65f8521b3dc34f7debab0a51262a45ab6fd4d5
ODH_LLAMA_STACK_K8S_OPERATOR_GIT_URL=https://github.com/red-hat-data-services/llama-stack-k8s-operator
ODH_LLM_D_INFERENCE_SCHEDULER_GIT_COMMIT=15d6df867cdf3816b05869dfbfee62bd0986cfa6
ODH_LLM_D_INFERENCE_SCHEDULER_GIT_URL=https://github.com/red-hat-data-services/llm-d-inference-scheduler
ODH_LLM_D_ROUTING_SIDECAR_GIT_COMMIT=5c198dd250b5478ca7389ef802628c47cadd44f0
ODH_LLM_D_ROUTING_SIDECAR_GIT_URL=https://github.com/red-hat-data-services/llm-d-inference-scheduler
ODH_MAAS_API_GIT_COMMIT=bd7cb40caa40a32ee374b57577a66e3cff8ac22c
ODH_MAAS_API_GIT_URL=https://github.com/red-hat-data-services/maas-billing
ODH_ML_PIPELINES_API_SERVER_V2_GIT_COMMIT=ce73db211153fe6e8999e310a10673fdf156535e
ODH_ML_PIPELINES_API_SERVER_V2_GIT_URL=https://github.com/red-hat-data-services/data-science-pipelines
ODH_ML_PIPELINES_DRIVER_GIT_COMMIT=ce73db211153fe6e8999e310a10673fdf156535e
ODH_ML_PIPELINES_DRIVER_GIT_URL=https://github.com/red-hat-data-services/data-science-pipelines
ODH_ML_PIPELINES_LAUNCHER_GIT_COMMIT=ce73db211153fe6e8999e310a10673fdf156535e
ODH_ML_PIPELINES_LAUNCHER_GIT_URL=https://github.com/red-hat-data-services/data-science-pipelines
ODH_ML_PIPELINES_PERSISTENCEAGENT_V2_GIT_COMMIT=ce73db211153fe6e8999e310a10673fdf156535e
ODH_ML_PIPELINES_PERSISTENCEAGENT_V2_GIT_URL=https://github.com/red-hat-data-services/data-science-pipelines
ODH_ML_PIPELINES_SCHEDULEDWORKFLOW_V2_GIT_COMMIT=ce73db211153fe6e8999e310a10673fdf156535e
ODH_ML_PIPELINES_SCHEDULEDWORKFLOW_V2_GIT_URL=https://github.com/red-hat-data-services/data-science-pipelines
ODH_MLFLOW_GIT_COMMIT=563ab5d7e4d1fa549f6403192cded1d4db48ed47
ODH_MLFLOW_GIT_URL=https://github.com/red-hat-data-services/mlflow
ODH_MLMD_GRPC_SERVER_GIT_COMMIT=8fb3e745e1879eb6c21c9c9c55fd3ec6a7581823
ODH_MLMD_GRPC_SERVER_GIT_URL=https://github.com/red-hat-data-services/ml-metadata
ODH_MOD_ARCH_GEN_AI_GIT_COMMIT=235270352544e9bcd67599c8914b0b3bbc385fba
ODH_MOD_ARCH_GEN_AI_GIT_URL=https://github.com/red-hat-data-services/odh-dashboard
ODH_MOD_ARCH_MODEL_REGISTRY_GIT_COMMIT=235270352544e9bcd67599c8914b0b3bbc385fba
ODH_MOD_ARCH_MODEL_REGISTRY_GIT_URL=https://github.com/red-hat-data-services/odh-dashboard
ODH_MODEL_CONTROLLER_GIT_COMMIT=adfdf862260dda93841d5eaad4c18484229d331b
ODH_MODEL_CONTROLLER_GIT_URL=https://github.com/red-hat-data-services/odh-model-controller
ODH_MODEL_METADATA_COLLECTION_GIT_COMMIT=c8134e398d8392982c3439578f9dab3fa8530339
ODH_MODEL_METADATA_COLLECTION_GIT_URL=https://github.com/red-hat-data-services/model-metadata-collection
ODH_MODEL_PERFORMANCE_DATA_GIT_COMMIT=0a089c99559f62e16814be6ba0320f6ea3319457
ODH_MODEL_PERFORMANCE_DATA_GIT_URL=https://github.com/red-hat-data-services/models-perf-benchmark-data
ODH_MODEL_REGISTRY_JOB_ASYNC_UPLOAD_GIT_COMMIT=19af391d5b075c9c3ef7fd8bd79609d2c471bc1a
ODH_MODEL_REGISTRY_JOB_ASYNC_UPLOAD_GIT_URL=https://github.com/red-hat-data-services/model-registry
ODH_MODEL_REGISTRY_OPERATOR_GIT_COMMIT=43c8069c123904d58350f88afcfa0b6323108657
ODH_MODEL_REGISTRY_OPERATOR_GIT_URL=https://github.com/red-hat-data-services/model-registry-operator
ODH_MODEL_REGISTRY_GIT_COMMIT=34be0b53dc03ffe9cc11a0fd3b7766352dbfa13c
ODH_MODEL_REGISTRY_GIT_URL=https://github.com/red-hat-data-services/model-registry
ODH_MUST_GATHER_GIT_COMMIT=20af3b9a55390e732217c355c9c6c561fc794851
ODH_MUST_GATHER_GIT_URL=https://github.com/red-hat-data-services/must-gather
ODH_NOTEBOOK_CONTROLLER_GIT_COMMIT=84f8cd07329ffc391466af703cf7820a23f8a434
ODH_NOTEBOOK_CONTROLLER_GIT_URL=https://github.com/red-hat-data-services/kubeflow
ODH_OPENVINO_MODEL_SERVER_GIT_COMMIT=b47399f64f8dd93896652e13b0e882f69abf9282
ODH_OPENVINO_MODEL_SERVER_GIT_URL=https://github.com/red-hat-data-services/openvino_model_server
ODH_PIPELINE_RUNTIME_DATASCIENCE_CPU_PY312_GIT_COMMIT=0f8616e74ced2fa13ccd123f46adbfa341655589
ODH_PIPELINE_RUNTIME_DATASCIENCE_CPU_PY312_GIT_URL=https://github.com/red-hat-data-services/notebooks
ODH_PIPELINE_RUNTIME_MINIMAL_CPU_PY312_GIT_COMMIT=fff85944723a67d4b1e9daa952a8e43d80b4cacb
ODH_PIPELINE_RUNTIME_MINIMAL_CPU_PY312_GIT_URL=https://github.com/red-hat-data-services/notebooks
ODH_PIPELINE_RUNTIME_PYTORCH_CUDA_PY312_GIT_COMMIT=0f8616e74ced2fa13ccd123f46adbfa341655589
ODH_PIPELINE_RUNTIME_PYTORCH_CUDA_PY312_GIT_URL=https://github.com/red-hat-data-services/notebooks
ODH_PIPELINE_RUNTIME_PYTORCH_LLMCOMPRESSOR_CUDA_PY312_GIT_COMMIT=0f8616e74ced2fa13ccd123f46adbfa341655589
ODH_PIPELINE_RUNTIME_PYTORCH_LLMCOMPRESSOR_CUDA_PY312_GIT_URL=https://github.com/red-hat-data-services/notebooks
ODH_PIPELINE_RUNTIME_PYTORCH_ROCM_PY312_GIT_COMMIT=0f8616e74ced2fa13ccd123f46adbfa341655589
ODH_PIPELINE_RUNTIME_PYTORCH_ROCM_PY312_GIT_URL=https://github.com/red-hat-data-services/notebooks
ODH_PIPELINE_RUNTIME_TENSORFLOW_CUDA_PY312_GIT_COMMIT=fff85944723a67d4b1e9daa952a8e43d80b4cacb
ODH_PIPELINE_RUNTIME_TENSORFLOW_CUDA_PY312_GIT_URL=https://github.com/red-hat-data-services/notebooks
ODH_PIPELINE_RUNTIME_TENSORFLOW_ROCM_PY312_GIT_COMMIT=0f8616e74ced2fa13ccd123f46adbfa341655589
ODH_PIPELINE_RUNTIME_TENSORFLOW_ROCM_PY312_GIT_URL=https://github.com/red-hat-data-services/notebooks
ODH_RHEL9_OPERATOR_GIT_COMMIT=6106369b458781b5111a7062613bcc95423de242
ODH_RHEL9_OPERATOR_GIT_URL=https://github.com/red-hat-data-services/rhods-operator
ODH_TA_LMES_DRIVER_GIT_COMMIT=744a308f66408d2d9c40811a74be58de4e11c965
ODH_TA_LMES_DRIVER_GIT_URL=https://github.com/red-hat-data-services/trustyai-service-operator
ODH_TA_LMES_JOB_GIT_COMMIT=b7ea0fdb6b7b1bcc7567a37801f89bcc1283a911
ODH_TA_LMES_JOB_GIT_URL=https://github.com/red-hat-data-services/lm-evaluation-harness
ODH_TRAINER_GIT_COMMIT=46393c3439c54e4fd1aafe5d64e0f5e0e262d1b7
ODH_TRAINER_GIT_URL=https://github.com/red-hat-data-services/trainer
ODH_TRAINING_CUDA121_TORCH24_PY311_GIT_COMMIT=ac94b6e8849ed23049162abad2b8a4ea856573b3
ODH_TRAINING_CUDA121_TORCH24_PY311_GIT_URL=https://github.com/red-hat-data-services/distributed-workloads
ODH_TRAINING_CUDA124_TORCH25_PY311_GIT_COMMIT=ac94b6e8849ed23049162abad2b8a4ea856573b3
ODH_TRAINING_CUDA124_TORCH25_PY311_GIT_URL=https://github.com/red-hat-data-services/distributed-workloads
ODH_TRAINING_CUDA128_TORCH28_PY312_GIT_COMMIT=ac94b6e8849ed23049162abad2b8a4ea856573b3
ODH_TRAINING_CUDA128_TORCH28_PY312_GIT_URL=https://github.com/red-hat-data-services/distributed-workloads
ODH_TRAINING_OPERATOR_GIT_COMMIT=852ea6e6b4102a29411331948b569d4efab0c6ad
ODH_TRAINING_OPERATOR_GIT_URL=https://github.com/red-hat-data-services/training-operator
ODH_TRAINING_ROCM62_TORCH24_PY311_GIT_COMMIT=ac94b6e8849ed23049162abad2b8a4ea856573b3
ODH_TRAINING_ROCM62_TORCH24_PY311_GIT_URL=https://github.com/red-hat-data-services/distributed-workloads
ODH_TRAINING_ROCM62_TORCH25_PY311_GIT_COMMIT=ac94b6e8849ed23049162abad2b8a4ea856573b3
ODH_TRAINING_ROCM62_TORCH25_PY311_GIT_URL=https://github.com/red-hat-data-services/distributed-workloads
ODH_TRAINING_ROCM64_TORCH28_PY312_GIT_COMMIT=ac94b6e8849ed23049162abad2b8a4ea856573b3
ODH_TRAINING_ROCM64_TORCH28_PY312_GIT_URL=https://github.com/red-hat-data-services/distributed-workloads
ODH_TRUSTYAI_GARAK_LLS_PROVIDER_DSP_GIT_COMMIT=d3557bc2160c003c4799bf2338b6be13a9d988d1
ODH_TRUSTYAI_GARAK_LLS_PROVIDER_DSP_GIT_URL=https://github.com/red-hat-data-services/llama-stack-provider-trustyai-garak
ODH_TRUSTYAI_SERVICE_OPERATOR_GIT_COMMIT=744a308f66408d2d9c40811a74be58de4e11c965
ODH_TRUSTYAI_SERVICE_OPERATOR_GIT_URL=https://github.com/red-hat-data-services/trustyai-service-operator
ODH_TRUSTYAI_SERVICE_GIT_COMMIT=8948c6d839fa015fa396dbc6f4c1694089e51822
ODH_TRUSTYAI_SERVICE_GIT_URL=https://github.com/red-hat-data-services/trustyai-explainability
ODH_TRUSTYAI_VLLM_ORCHESTRATOR_GATEWAY_GIT_COMMIT=736bd6fdb4926a23f532561faa27a2490b0980c6
ODH_TRUSTYAI_VLLM_ORCHESTRATOR_GATEWAY_GIT_URL=https://github.com/red-hat-data-services/vllm-orchestrator-gateway
ODH_VLLM_CPU_GIT_COMMIT=755282342973ed433a90e57df3564a25bbd563ce
ODH_VLLM_CPU_GIT_URL=https://github.com/red-hat-data-services/vllm-cpu
ODH_VLLM_GAUDI_GIT_COMMIT=f68e8a840e5d4f8b482b956f09e362ff87843fed
ODH_VLLM_GAUDI_GIT_URL=https://github.com/red-hat-data-services/vllm-gaudi
ODH_WORKBENCH_CODESERVER_DATASCIENCE_CPU_PY312_GIT_COMMIT=0f8616e74ced2fa13ccd123f46adbfa341655589
ODH_WORKBENCH_CODESERVER_DATASCIENCE_CPU_PY312_GIT_URL=https://github.com/red-hat-data-services/notebooks
ODH_WORKBENCH_JUPYTER_DATASCIENCE_CPU_PY312_GIT_COMMIT=fff85944723a67d4b1e9daa952a8e43d80b4cacb
ODH_WORKBENCH_JUPYTER_DATASCIENCE_CPU_PY312_GIT_URL=https://github.com/red-hat-data-services/notebooks
ODH_WORKBENCH_JUPYTER_MINIMAL_CPU_PY312_GIT_COMMIT=fff85944723a67d4b1e9daa952a8e43d80b4cacb
ODH_WORKBENCH_JUPYTER_MINIMAL_CPU_PY312_GIT_URL=https://github.com/red-hat-data-services/notebooks
ODH_WORKBENCH_JUPYTER_MINIMAL_CUDA_PY312_GIT_COMMIT=fff85944723a67d4b1e9daa952a8e43d80b4cacb
ODH_WORKBENCH_JUPYTER_MINIMAL_CUDA_PY312_GIT_URL=https://github.com/red-hat-data-services/notebooks
ODH_WORKBENCH_JUPYTER_MINIMAL_ROCM_PY312_GIT_COMMIT=0f8616e74ced2fa13ccd123f46adbfa341655589
ODH_WORKBENCH_JUPYTER_MINIMAL_ROCM_PY312_GIT_URL=https://github.com/red-hat-data-services/notebooks
ODH_WORKBENCH_JUPYTER_PYTORCH_CUDA_PY312_GIT_COMMIT=0f8616e74ced2fa13ccd123f46adbfa341655589
ODH_WORKBENCH_JUPYTER_PYTORCH_CUDA_PY312_GIT_URL=https://github.com/red-hat-data-services/notebooks
ODH_WORKBENCH_JUPYTER_PYTORCH_LLMCOMPRESSOR_CUDA_PY312_GIT_COMMIT=0f8616e74ced2fa13ccd123f46adbfa341655589
ODH_WORKBENCH_JUPYTER_PYTORCH_LLMCOMPRESSOR_CUDA_PY312_GIT_URL=https://github.com/red-hat-data-services/notebooks
ODH_WORKBENCH_JUPYTER_PYTORCH_ROCM_PY312_GIT_COMMIT=0f8616e74ced2fa13ccd123f46adbfa341655589
ODH_WORKBENCH_JUPYTER_PYTORCH_ROCM_PY312_GIT_URL=https://github.com/red-hat-data-services/notebooks
ODH_WORKBENCH_JUPYTER_TENSORFLOW_CUDA_PY312_GIT_COMMIT=0f8616e74ced2fa13ccd123f46adbfa341655589
ODH_WORKBENCH_JUPYTER_TENSORFLOW_CUDA_PY312_GIT_URL=https://github.com/red-hat-data-services/notebooks
ODH_WORKBENCH_JUPYTER_TENSORFLOW_ROCM_PY312_GIT_COMMIT=0f8616e74ced2fa13ccd123f46adbfa341655589
ODH_WORKBENCH_JUPYTER_TENSORFLOW_ROCM_PY312_GIT_URL=https://github.com/red-hat-data-services/notebooks
ODH_WORKBENCH_JUPYTER_TRUSTYAI_CPU_PY312_GIT_COMMIT=fff85944723a67d4b1e9daa952a8e43d80b4cacb
ODH_WORKBENCH_JUPYTER_TRUSTYAI_CPU_PY312_GIT_URL=https://github.com/red-hat-data-services/notebooks
RBC_RELEASE_BRANCH_COMMIT_33=8141512adb4e9278076eecbd829df1b3a8475ebf
ODH_OPERATOR_BUNDLE_GIT_COMMIT=ea9150dba4b0f8333456ccc80b79207b32608baa
ODH_OPERATOR_BUNDLE_GIT_URL=https://github.com/red-hat-data-services/RHOAI-Build-Config
ODH_BUILT_IN_DETECTOR_GIT_COMMIT=698e2d5804d41047a5fe173ed3028e1475093eb6
ODH_BUILT_IN_DETECTOR_GIT_URL=https://github.com/red-hat-data-services/guardrails-detectors
ODH_CLI_GIT_COMMIT=1e1af2c0202b14b2efb992c3c16f336cc41780d3
ODH_CLI_GIT_URL=https://github.com/red-hat-data-services/odh-cli
ODH_DASHBOARD_GIT_COMMIT=6a8ef270e5f8bccab5f9561838d7aca68e45d67f
ODH_DASHBOARD_GIT_URL=https://github.com/red-hat-data-services/odh-dashboard
ODH_DATA_SCIENCE_PIPELINES_ARGO_ARGOEXEC_GIT_COMMIT=969d446912f121ffdf5955497969a3cf1f375aee
ODH_DATA_SCIENCE_PIPELINES_ARGO_ARGOEXEC_GIT_URL=https://github.com/red-hat-data-services/argo-workflows
ODH_DATA_SCIENCE_PIPELINES_ARGO_WORKFLOWCONTROLLER_GIT_COMMIT=969d446912f121ffdf5955497969a3cf1f375aee
ODH_DATA_SCIENCE_PIPELINES_ARGO_WORKFLOWCONTROLLER_GIT_URL=https://github.com/red-hat-data-services/argo-workflows
ODH_DATA_SCIENCE_PIPELINES_OPERATOR_CONTROLLER_GIT_COMMIT=32e63f8b0eb539476f496fc22de476467cc77c15
ODH_DATA_SCIENCE_PIPELINES_OPERATOR_CONTROLLER_GIT_URL=https://github.com/red-hat-data-services/data-science-pipelines-operator
ODH_FEAST_OPERATOR_GIT_COMMIT=1dc378c5af6993dbcbbc540feb7ddaa545af505c
ODH_FEAST_OPERATOR_GIT_URL=https://github.com/red-hat-data-services/feast
ODH_FEATURE_SERVER_GIT_COMMIT=1dc378c5af6993dbcbbc540feb7ddaa545af505c
ODH_FEATURE_SERVER_GIT_URL=https://github.com/red-hat-data-services/feast
ODH_FMS_GUARDRAILS_ORCHESTRATOR_GIT_COMMIT=7deaa948e497598de8cc98401fba614c646ac02a
ODH_FMS_GUARDRAILS_ORCHESTRATOR_GIT_URL=https://github.com/red-hat-data-services/fms-guardrails-orchestrator
ODH_GUARDRAILS_DETECTOR_HUGGINGFACE_RUNTIME_GIT_COMMIT=698e2d5804d41047a5fe173ed3028e1475093eb6
ODH_GUARDRAILS_DETECTOR_HUGGINGFACE_RUNTIME_GIT_URL=https://github.com/red-hat-data-services/guardrails-detectors
ODH_KF_NOTEBOOK_CONTROLLER_GIT_COMMIT=8da200e3165c581f98a169eeab10a7341728b119
ODH_KF_NOTEBOOK_CONTROLLER_GIT_URL=https://github.com/red-hat-data-services/kubeflow
ODH_KSERVE_AGENT_GIT_COMMIT=3833f373e5cc2c89d723c287d30128ba23771abd
ODH_KSERVE_AGENT_GIT_URL=https://github.com/red-hat-data-services/kserve
ODH_KSERVE_CONTROLLER_GIT_COMMIT=3833f373e5cc2c89d723c287d30128ba23771abd
ODH_KSERVE_CONTROLLER_GIT_URL=https://github.com/red-hat-data-services/kserve
ODH_KSERVE_ROUTER_GIT_COMMIT=3833f373e5cc2c89d723c287d30128ba23771abd
ODH_KSERVE_ROUTER_GIT_URL=https://github.com/red-hat-data-services/kserve
ODH_KSERVE_STORAGE_INITIALIZER_GIT_COMMIT=6cf4df992bf7d3d6fac3155250fb11f57040b5da
ODH_KSERVE_STORAGE_INITIALIZER_GIT_URL=https://github.com/red-hat-data-services/kserve
ODH_KUBE_AUTH_PROXY_GIT_COMMIT=0c1a7866abb21e3adba9db371ea7aacba9f148a8
ODH_KUBE_AUTH_PROXY_GIT_URL=https://github.com/red-hat-data-services/kube-auth-proxy
ODH_KUBERAY_OPERATOR_CONTROLLER_GIT_COMMIT=27d3c40e75fa7f8f701e479c14e20b6c3fbb9c88
ODH_KUBERAY_OPERATOR_CONTROLLER_GIT_URL=https://github.com/red-hat-data-services/kuberay
ODH_LLAMA_STACK_CORE_GIT_COMMIT=f6331f5dc2937b5098eeeaf819cf1d65451e6f5e
ODH_LLAMA_STACK_CORE_GIT_URL=https://github.com/red-hat-data-services/llama-stack-distribution
ODH_LLAMA_STACK_K8S_OPERATOR_GIT_COMMIT=1cefe1fcc879691c67e245f510076daac491bbd6
ODH_LLAMA_STACK_K8S_OPERATOR_GIT_URL=https://github.com/red-hat-data-services/llama-stack-k8s-operator
ODH_LLM_D_INFERENCE_SCHEDULER_GIT_COMMIT=777e3455c5b3c54bf5a0f0ce91bdd1db449a2ccf
ODH_LLM_D_INFERENCE_SCHEDULER_GIT_URL=https://github.com/red-hat-data-services/llm-d-inference-scheduler
ODH_LLM_D_ROUTING_SIDECAR_GIT_COMMIT=777e3455c5b3c54bf5a0f0ce91bdd1db449a2ccf
ODH_LLM_D_ROUTING_SIDECAR_GIT_URL=https://github.com/red-hat-data-services/llm-d-inference-scheduler
ODH_MAAS_API_GIT_COMMIT=05c320d7c0b22a3cfcfd072291fa6fbfcd8180ee
ODH_MAAS_API_GIT_URL=https://github.com/red-hat-data-services/models-as-a-service
ODH_ML_PIPELINES_API_SERVER_V2_GIT_COMMIT=201762c9400a9a132c6940acdb3a9680c26a57c0
ODH_ML_PIPELINES_API_SERVER_V2_GIT_URL=https://github.com/red-hat-data-services/data-science-pipelines
ODH_ML_PIPELINES_DRIVER_GIT_COMMIT=eed5a92c0d8ed87432c312cf848b999af9b0aa0a
ODH_ML_PIPELINES_DRIVER_GIT_URL=https://github.com/red-hat-data-services/data-science-pipelines
ODH_ML_PIPELINES_LAUNCHER_GIT_COMMIT=eed5a92c0d8ed87432c312cf848b999af9b0aa0a
ODH_ML_PIPELINES_LAUNCHER_GIT_URL=https://github.com/red-hat-data-services/data-science-pipelines
ODH_ML_PIPELINES_PERSISTENCEAGENT_V2_GIT_COMMIT=eed5a92c0d8ed87432c312cf848b999af9b0aa0a
ODH_ML_PIPELINES_PERSISTENCEAGENT_V2_GIT_URL=https://github.com/red-hat-data-services/data-science-pipelines
ODH_ML_PIPELINES_SCHEDULEDWORKFLOW_V2_GIT_COMMIT=eed5a92c0d8ed87432c312cf848b999af9b0aa0a
ODH_ML_PIPELINES_SCHEDULEDWORKFLOW_V2_GIT_URL=https://github.com/red-hat-data-services/data-science-pipelines
ODH_MLFLOW_GIT_COMMIT=5f7d63ce8ba78b60828015878f244799c4a652b1
ODH_MLFLOW_GIT_URL=https://github.com/red-hat-data-services/mlflow
ODH_MLMD_GRPC_SERVER_GIT_COMMIT=2d1a8673d0bfd5dd50eeac42f8eb9ab8e149e412
ODH_MLMD_GRPC_SERVER_GIT_URL=https://github.com/red-hat-data-services/ml-metadata
ODH_MLSERVER_GIT_COMMIT=2c8e5a13ad70052318e0992e654e01635294637b
ODH_MLSERVER_GIT_URL=https://github.com/red-hat-data-services/MLServer
ODH_MOD_ARCH_GEN_AI_GIT_COMMIT=148d2e971ea81cc908d584c5a17e8fdbd28c767e
ODH_MOD_ARCH_GEN_AI_GIT_URL=https://github.com/red-hat-data-services/odh-dashboard
ODH_MOD_ARCH_MAAS_GIT_COMMIT=6a8ef270e5f8bccab5f9561838d7aca68e45d67f
ODH_MOD_ARCH_MAAS_GIT_URL=https://github.com/red-hat-data-services/odh-dashboard
ODH_MOD_ARCH_MODEL_REGISTRY_GIT_COMMIT=6a8ef270e5f8bccab5f9561838d7aca68e45d67f
ODH_MOD_ARCH_MODEL_REGISTRY_GIT_URL=https://github.com/red-hat-data-services/odh-dashboard
ODH_MODEL_CONTROLLER_GIT_COMMIT=e93aa29c0be679556fd729e190e86081eafe102d
ODH_MODEL_CONTROLLER_GIT_URL=https://github.com/red-hat-data-services/odh-model-controller
ODH_MODEL_METADATA_COLLECTION_GIT_COMMIT=1d4a923f8879d24b7203a9d3f6aa9ddfae97e001
ODH_MODEL_METADATA_COLLECTION_GIT_URL=https://github.com/red-hat-data-services/model-metadata-collection
ODH_MODEL_PERFORMANCE_DATA_GIT_COMMIT=f647482504711f6b3b6eb61b53e116353c8ec755
ODH_MODEL_PERFORMANCE_DATA_GIT_URL=https://github.com/red-hat-data-services/models-perf-benchmark-data
ODH_MODEL_REGISTRY_JOB_ASYNC_UPLOAD_GIT_COMMIT=794994bcc8672855aea2e799ba62ea2806a7ed15
ODH_MODEL_REGISTRY_JOB_ASYNC_UPLOAD_GIT_URL=https://github.com/red-hat-data-services/model-registry
ODH_MODEL_REGISTRY_OPERATOR_GIT_COMMIT=f0650535f1f0589d23fd2f5a45e8e0132d2b5f16
ODH_MODEL_REGISTRY_OPERATOR_GIT_URL=https://github.com/red-hat-data-services/model-registry-operator
ODH_MODEL_REGISTRY_GIT_COMMIT=2dd31a41569355f82e353b13194ca13297cd9a07
ODH_MODEL_REGISTRY_GIT_URL=https://github.com/red-hat-data-services/model-registry
ODH_MUST_GATHER_GIT_COMMIT=2e178a6c0545f0ee72341f47d49a75d010190159
ODH_MUST_GATHER_GIT_URL=https://github.com/red-hat-data-services/must-gather
ODH_NOTEBOOK_CONTROLLER_GIT_COMMIT=8da200e3165c581f98a169eeab10a7341728b119
ODH_NOTEBOOK_CONTROLLER_GIT_URL=https://github.com/red-hat-data-services/kubeflow
ODH_OPENVINO_MODEL_SERVER_GIT_COMMIT=8347a10b4d56dd96ca3694aa68cdf160f6cf60e5
ODH_OPENVINO_MODEL_SERVER_GIT_URL=https://github.com/red-hat-data-services/openvino_model_server
ODH_OPERATOR_GIT_COMMIT=3bc0e2e68af55eab282c16b236b015bdd6ca07ef
ODH_OPERATOR_GIT_URL=https://github.com/red-hat-data-services/rhods-operator
ODH_PIPELINE_RUNTIME_DATASCIENCE_CPU_PY312_GIT_COMMIT=a2a3d89a63bf1cbdf2373c7390da220559579124
ODH_PIPELINE_RUNTIME_DATASCIENCE_CPU_PY312_GIT_URL=https://github.com/red-hat-data-services/notebooks
ODH_PIPELINE_RUNTIME_MINIMAL_CPU_PY312_GIT_COMMIT=a2a3d89a63bf1cbdf2373c7390da220559579124
ODH_PIPELINE_RUNTIME_MINIMAL_CPU_PY312_GIT_URL=https://github.com/red-hat-data-services/notebooks
ODH_PIPELINE_RUNTIME_PYTORCH_CUDA_PY312_GIT_COMMIT=a2a3d89a63bf1cbdf2373c7390da220559579124
ODH_PIPELINE_RUNTIME_PYTORCH_CUDA_PY312_GIT_URL=https://github.com/red-hat-data-services/notebooks
ODH_PIPELINE_RUNTIME_PYTORCH_LLMCOMPRESSOR_CUDA_PY312_GIT_COMMIT=a2a3d89a63bf1cbdf2373c7390da220559579124
ODH_PIPELINE_RUNTIME_PYTORCH_LLMCOMPRESSOR_CUDA_PY312_GIT_URL=https://github.com/red-hat-data-services/notebooks
ODH_PIPELINE_RUNTIME_PYTORCH_ROCM_PY312_GIT_COMMIT=a2a3d89a63bf1cbdf2373c7390da220559579124
ODH_PIPELINE_RUNTIME_PYTORCH_ROCM_PY312_GIT_URL=https://github.com/red-hat-data-services/notebooks
ODH_PIPELINE_RUNTIME_TENSORFLOW_CUDA_PY312_GIT_COMMIT=a2a3d89a63bf1cbdf2373c7390da220559579124
ODH_PIPELINE_RUNTIME_TENSORFLOW_CUDA_PY312_GIT_URL=https://github.com/red-hat-data-services/notebooks
ODH_PIPELINE_RUNTIME_TENSORFLOW_ROCM_PY312_GIT_COMMIT=a2a3d89a63bf1cbdf2373c7390da220559579124
ODH_PIPELINE_RUNTIME_TENSORFLOW_ROCM_PY312_GIT_URL=https://github.com/red-hat-data-services/notebooks
ODH_RHEL9_OPERATOR_GIT_COMMIT=3bc0e2e68af55eab282c16b236b015bdd6ca07ef
ODH_RHEL9_OPERATOR_GIT_URL=https://github.com/red-hat-data-services/rhods-operator
ODH_TA_LMES_DRIVER_GIT_COMMIT=a2c183af43b1760a53e30ae8f4f1d5bc1e9759d8
ODH_TA_LMES_DRIVER_GIT_URL=https://github.com/red-hat-data-services/trustyai-service-operator
ODH_TA_LMES_JOB_GIT_COMMIT=ead20f1d4188b50c703758b85fd363c392f04cdf
ODH_TA_LMES_JOB_GIT_URL=https://github.com/red-hat-data-services/lm-evaluation-harness
ODH_TRAINER_GIT_COMMIT=1298e056b343260331ef4d86288e5ceaacf2a069
ODH_TRAINER_GIT_URL=https://github.com/red-hat-data-services/trainer
ODH_TRAINING_CUDA121_TORCH24_PY311_GIT_COMMIT=579b598e1ebb38daec15069863d403c2147587fd
ODH_TRAINING_CUDA121_TORCH24_PY311_GIT_URL=https://github.com/red-hat-data-services/distributed-workloads
ODH_TRAINING_CUDA124_TORCH25_PY311_GIT_COMMIT=579b598e1ebb38daec15069863d403c2147587fd
ODH_TRAINING_CUDA124_TORCH25_PY311_GIT_URL=https://github.com/red-hat-data-services/distributed-workloads
ODH_TRAINING_CUDA128_TORCH28_PY312_GIT_COMMIT=579b598e1ebb38daec15069863d403c2147587fd
ODH_TRAINING_CUDA128_TORCH28_PY312_GIT_URL=https://github.com/red-hat-data-services/distributed-workloads
ODH_TRAINING_CUDA128_TORCH29_PY312_GIT_COMMIT=579b598e1ebb38daec15069863d403c2147587fd
ODH_TRAINING_CUDA128_TORCH29_PY312_GIT_URL=https://github.com/red-hat-data-services/distributed-workloads
ODH_TRAINING_OPERATOR_GIT_COMMIT=dd1b84c40efaa52226d1089b8aff14f968080748
ODH_TRAINING_OPERATOR_GIT_URL=https://github.com/red-hat-data-services/training-operator
ODH_TRAINING_ROCM62_TORCH24_PY311_GIT_COMMIT=579b598e1ebb38daec15069863d403c2147587fd
ODH_TRAINING_ROCM62_TORCH24_PY311_GIT_URL=https://github.com/red-hat-data-services/distributed-workloads
ODH_TRAINING_ROCM62_TORCH25_PY311_GIT_COMMIT=579b598e1ebb38daec15069863d403c2147587fd
ODH_TRAINING_ROCM62_TORCH25_PY311_GIT_URL=https://github.com/red-hat-data-services/distributed-workloads
ODH_TRAINING_ROCM64_TORCH28_PY312_GIT_COMMIT=579b598e1ebb38daec15069863d403c2147587fd
ODH_TRAINING_ROCM64_TORCH28_PY312_GIT_URL=https://github.com/red-hat-data-services/distributed-workloads
ODH_TRAINING_ROCM64_TORCH29_PY312_GIT_COMMIT=579b598e1ebb38daec15069863d403c2147587fd
ODH_TRAINING_ROCM64_TORCH29_PY312_GIT_URL=https://github.com/red-hat-data-services/distributed-workloads
ODH_TRUSTYAI_GARAK_LLS_PROVIDER_DSP_GIT_COMMIT=266b335427958e534c43496d690fa5ce65cad742
ODH_TRUSTYAI_GARAK_LLS_PROVIDER_DSP_GIT_URL=https://github.com/red-hat-data-services/llama-stack-provider-trustyai-garak
ODH_TRUSTYAI_SERVICE_OPERATOR_GIT_COMMIT=a2c183af43b1760a53e30ae8f4f1d5bc1e9759d8
ODH_TRUSTYAI_SERVICE_OPERATOR_GIT_URL=https://github.com/red-hat-data-services/trustyai-service-operator
ODH_TRUSTYAI_SERVICE_GIT_COMMIT=11606007c2d59d73b0ee79fdfc9b3efbf23cf8d5
ODH_TRUSTYAI_SERVICE_GIT_URL=https://github.com/red-hat-data-services/trustyai-explainability
ODH_TRUSTYAI_VLLM_ORCHESTRATOR_GATEWAY_GIT_COMMIT=fd0f8f43f4444332d26e2b20a4559f670baf76d2
ODH_TRUSTYAI_VLLM_ORCHESTRATOR_GATEWAY_GIT_URL=https://github.com/red-hat-data-services/vllm-orchestrator-gateway
ODH_VLLM_CPU_GIT_COMMIT=3a00c26ffd545eda3c7dc5db26b8bb75c6070fab
ODH_VLLM_CPU_GIT_URL=https://github.com/red-hat-data-services/vllm-cpu
ODH_VLLM_GAUDI_GIT_COMMIT=54a91d6203fce4e27e5d10e7118731ae899d1c90
ODH_VLLM_GAUDI_GIT_URL=https://github.com/red-hat-data-services/vllm-gaudi
ODH_WORKBENCH_CODESERVER_DATASCIENCE_CPU_PY312_GIT_COMMIT=55700739e85a06b901028c6ede912fa7f7e1324d
ODH_WORKBENCH_CODESERVER_DATASCIENCE_CPU_PY312_GIT_URL=https://github.com/red-hat-data-services/notebooks
ODH_WORKBENCH_JUPYTER_DATASCIENCE_CPU_PY312_GIT_COMMIT=a2a3d89a63bf1cbdf2373c7390da220559579124
ODH_WORKBENCH_JUPYTER_DATASCIENCE_CPU_PY312_GIT_URL=https://github.com/red-hat-data-services/notebooks
ODH_WORKBENCH_JUPYTER_MINIMAL_CPU_PY312_GIT_COMMIT=a2a3d89a63bf1cbdf2373c7390da220559579124
ODH_WORKBENCH_JUPYTER_MINIMAL_CPU_PY312_GIT_URL=https://github.com/red-hat-data-services/notebooks
ODH_WORKBENCH_JUPYTER_MINIMAL_CUDA_PY312_GIT_COMMIT=a2a3d89a63bf1cbdf2373c7390da220559579124
ODH_WORKBENCH_JUPYTER_MINIMAL_CUDA_PY312_GIT_URL=https://github.com/red-hat-data-services/notebooks
ODH_WORKBENCH_JUPYTER_MINIMAL_ROCM_PY312_GIT_COMMIT=a2a3d89a63bf1cbdf2373c7390da220559579124
ODH_WORKBENCH_JUPYTER_MINIMAL_ROCM_PY312_GIT_URL=https://github.com/red-hat-data-services/notebooks
ODH_WORKBENCH_JUPYTER_PYTORCH_CUDA_PY312_GIT_COMMIT=a2a3d89a63bf1cbdf2373c7390da220559579124
ODH_WORKBENCH_JUPYTER_PYTORCH_CUDA_PY312_GIT_URL=https://github.com/red-hat-data-services/notebooks
ODH_WORKBENCH_JUPYTER_PYTORCH_LLMCOMPRESSOR_CUDA_PY312_GIT_COMMIT=a2a3d89a63bf1cbdf2373c7390da220559579124
ODH_WORKBENCH_JUPYTER_PYTORCH_LLMCOMPRESSOR_CUDA_PY312_GIT_URL=https://github.com/red-hat-data-services/notebooks
ODH_WORKBENCH_JUPYTER_PYTORCH_ROCM_PY312_GIT_COMMIT=a2a3d89a63bf1cbdf2373c7390da220559579124
ODH_WORKBENCH_JUPYTER_PYTORCH_ROCM_PY312_GIT_URL=https://github.com/red-hat-data-services/notebooks
ODH_WORKBENCH_JUPYTER_TENSORFLOW_CUDA_PY312_GIT_COMMIT=a2a3d89a63bf1cbdf2373c7390da220559579124
ODH_WORKBENCH_JUPYTER_TENSORFLOW_CUDA_PY312_GIT_URL=https://github.com/red-hat-data-services/notebooks
ODH_WORKBENCH_JUPYTER_TENSORFLOW_ROCM_PY312_GIT_COMMIT=a2a3d89a63bf1cbdf2373c7390da220559579124
ODH_WORKBENCH_JUPYTER_TENSORFLOW_ROCM_PY312_GIT_URL=https://github.com/red-hat-data-services/notebooks
ODH_WORKBENCH_JUPYTER_TRUSTYAI_CPU_PY312_GIT_COMMIT=ed9148427447da32c94126a30b3a64034e81628e
ODH_WORKBENCH_JUPYTER_TRUSTYAI_CPU_PY312_GIT_URL=https://github.com/red-hat-data-services/notebooks
