ODH_RHEL9_OPERATOR_GIT_URL=https://github.com/red-hat-data-services/rhods-operator
ODH_RHEL9_OPERATOR_GIT_COMMIT=001ac93f1a9b9323cd2ac7763ec6c8bdc2e5cf48
ODH_WORKBENCHES_OPERATOR_GIT_URL=https://github.com/red-hat-data-services/workbenches-operator
ODH_WORKBENCHES_OPERATOR_GIT_COMMIT=b672609764017f4729bf75be8570327307c75020
ODH_KSERVE_MODULE_OPERATOR_GIT_URL=https://github.com/red-hat-data-services/kserve
ODH_KSERVE_MODULE_OPERATOR_GIT_COMMIT=e765ecec804ba70d132960c8757bbf32be1c1304
ODH_DATA_SCIENCE_PIPELINES_OPERATOR_CONTROLLER_GIT_URL=https://github.com/red-hat-data-services/data-science-pipelines-operator
ODH_DATA_SCIENCE_PIPELINES_OPERATOR_CONTROLLER_GIT_COMMIT=8ebfeb8077f370037ed8162a6c9116e400b87959
ODH_KUBERAY_OPERATOR_CONTROLLER_GIT_URL=https://github.com/red-hat-data-services/kuberay
ODH_KUBERAY_OPERATOR_CONTROLLER_GIT_COMMIT=33689d2cedd665635c7f4fc1719fe6a9047a7f77
ODH_TRUSTYAI_SERVICE_OPERATOR_GIT_URL=https://github.com/red-hat-data-services/trustyai-service-operator
ODH_TRUSTYAI_SERVICE_OPERATOR_GIT_COMMIT=cf4182d62a77d441dbd56e30ec3da7bfacd60f59
ODH_MODEL_REGISTRY_OPERATOR_GIT_URL=https://github.com/red-hat-data-services/model-registry-operator
ODH_MODEL_REGISTRY_OPERATOR_GIT_COMMIT=b7a9141c7fa3e4797789e81c0b107fb9f3d6b1a1
ODH_DASHBOARD_OPERATOR_GIT_URL=https://github.com/red-hat-data-services/odh-dashboard
ODH_DASHBOARD_OPERATOR_GIT_COMMIT=1bd19d556163811f8b526868cbbf79bbe7ca298d
ODH_FEAST_OPERATOR_GIT_URL=https://github.com/red-hat-data-services/feast
ODH_FEAST_OPERATOR_GIT_COMMIT=d243066bacb210791691e8bdeca0ec4dbde10cbf
ODH_TRAINER_GIT_URL=https://github.com/red-hat-data-services/trainer
ODH_TRAINER_GIT_COMMIT=1efdda77402948cc4df50fc01045756ec7227ec6
ODH_MLFLOW_OPERATOR_GIT_URL=https://github.com/red-hat-data-services/mlflow-operator
ODH_MLFLOW_OPERATOR_GIT_COMMIT=8d290158f81f304eca60108db23eed3c804e523c
ODH_SPARK_OPERATOR_GIT_URL=https://github.com/red-hat-data-services/spark-operator
ODH_SPARK_OPERATOR_GIT_COMMIT=a18304ada5cfcc2ebd19c2d517df921df0121d1a
ODH_WORKLOAD_VARIANT_AUTOSCALER_CONTROLLER_GIT_URL=https://github.com/red-hat-data-services/workload-variant-autoscaler
ODH_WORKLOAD_VARIANT_AUTOSCALER_CONTROLLER_GIT_COMMIT=0a5809afc19ecb8e7457e838f8313fc58d5c0002
ODH_OGX_K8S_OPERATOR_GIT_URL=https://github.com/red-hat-data-services/ogx-k8s-operator
ODH_OGX_K8S_OPERATOR_GIT_COMMIT=032aa577394fbfa88ecb35b92868ccd7b1a37b51
ODH_AI_GATEWAY_OPERATOR_GIT_URL=https://github.com/red-hat-data-services/ai-gateway-operator
ODH_AI_GATEWAY_OPERATOR_GIT_COMMIT=81f1bb63b7175c4831c10c3a2f87f16c51b4a543
ODH_MCP_LIFECYCLE_MODULE_OPERATOR_GIT_URL=https://github.com/red-hat-data-services/mcp-lifecycle-module-operator
ODH_MCP_LIFECYCLE_MODULE_OPERATOR_GIT_COMMIT=242cdff0b5f3ac8db823660ae6a74ca0be426158
ODH_FEAST_MODULE_OPERATOR_GIT_URL=https://github.com/red-hat-data-services/feast-module-operator
ODH_FEAST_MODULE_OPERATOR_GIT_COMMIT=7c026920d2749466c75bc671cd210ddea205cf0d
ODH_AI_GATEWAY_PAYLOAD_PROCESSING_GIT_URL=https://github.com/red-hat-data-services/ai-gateway-payload-processing
ODH_AI_GATEWAY_PAYLOAD_PROCESSING_GIT_COMMIT=58897b8ac37924daa710523982e8b418d9d15a3b
ODH_AUTOML_GIT_URL=https://github.com/red-hat-data-services/pipelines-components
ODH_AUTOML_GIT_COMMIT=bd1c5eb82c8e6ae296fd69ac7aae8fe180ce5944
ODH_AUTORAG_GIT_URL=https://github.com/red-hat-data-services/pipelines-components
ODH_AUTORAG_GIT_COMMIT=bd1c5eb82c8e6ae296fd69ac7aae8fe180ce5944
ODH_BUILT_IN_DETECTOR_GIT_URL=https://github.com/red-hat-data-services/guardrails-detectors
ODH_BUILT_IN_DETECTOR_GIT_COMMIT=408592837b4abf5e785d71c36102136c3e04f37e
ODH_CLI_GIT_URL=https://github.com/red-hat-data-services/odh-cli
ODH_CLI_GIT_COMMIT=fb2291eac79e106aa550baa7f2f6eeff5b8fcc4f
ODH_CORE_BFF_GIT_URL=https://github.com/red-hat-data-services/odh-dashboard
ODH_CORE_BFF_GIT_COMMIT=1bd19d556163811f8b526868cbbf79bbe7ca298d
ODH_DASHBOARD_GIT_URL=https://github.com/red-hat-data-services/odh-dashboard
ODH_DASHBOARD_GIT_COMMIT=cb252eb1423f097bb0a98be8c0f9eb472dd890cd
ODH_DATA_SCIENCE_PIPELINES_ARGO_ARGOEXEC_GIT_URL=https://github.com/red-hat-data-services/argo-workflows
ODH_DATA_SCIENCE_PIPELINES_ARGO_ARGOEXEC_GIT_COMMIT=6789ed06ab64516f3e3991ef430605c28fbcf3c2
ODH_DATA_SCIENCE_PIPELINES_ARGO_WORKFLOWCONTROLLER_GIT_URL=https://github.com/red-hat-data-services/argo-workflows
ODH_DATA_SCIENCE_PIPELINES_ARGO_WORKFLOWCONTROLLER_GIT_COMMIT=6789ed06ab64516f3e3991ef430605c28fbcf3c2
ODH_EVAL_HUB_GIT_URL=https://github.com/red-hat-data-services/eval-hub
ODH_EVAL_HUB_GIT_COMMIT=7bc638a86025821281f0d5adc12b8d0d7cdb6bc7
ODH_FEATURE_SERVER_GIT_URL=https://github.com/red-hat-data-services/feast
ODH_FEATURE_SERVER_GIT_COMMIT=71434d672468c3b367b27fa97faf678958a90825
ODH_FMS_GUARDRAILS_ORCHESTRATOR_GIT_URL=https://github.com/red-hat-data-services/fms-guardrails-orchestrator
ODH_FMS_GUARDRAILS_ORCHESTRATOR_GIT_COMMIT=3aef0f649db4b64f43b6988f1486da43b9ccf375
ODH_GUARDRAILS_DETECTOR_HUGGINGFACE_RUNTIME_GIT_URL=https://github.com/red-hat-data-services/guardrails-detectors
ODH_GUARDRAILS_DETECTOR_HUGGINGFACE_RUNTIME_GIT_COMMIT=d8700b9e61dad8e6fb1022cd6d67ac489dd9e49d
ODH_KF_NOTEBOOK_CONTROLLER_GIT_URL=https://github.com/red-hat-data-services/kubeflow
ODH_KF_NOTEBOOK_CONTROLLER_GIT_COMMIT=29cd421e5b156149d20839e3e773a6c5b88658ee
ODH_KSERVE_AGENT_GIT_URL=https://github.com/red-hat-data-services/kserve
ODH_KSERVE_AGENT_GIT_COMMIT=e765ecec804ba70d132960c8757bbf32be1c1304
ODH_KSERVE_AUTOGLUON_SERVER_GIT_URL=https://github.com/red-hat-data-services/kserve
ODH_KSERVE_AUTOGLUON_SERVER_GIT_COMMIT=e765ecec804ba70d132960c8757bbf32be1c1304
ODH_KSERVE_CONTROLLER_GIT_URL=https://github.com/red-hat-data-services/kserve
ODH_KSERVE_CONTROLLER_GIT_COMMIT=e765ecec804ba70d132960c8757bbf32be1c1304
ODH_KSERVE_LLMISVC_CONTROLLER_GIT_URL=https://github.com/red-hat-data-services/kserve
ODH_KSERVE_LLMISVC_CONTROLLER_GIT_COMMIT=e765ecec804ba70d132960c8757bbf32be1c1304
ODH_KSERVE_LOCALMODELNODE_AGENT_GIT_URL=https://github.com/red-hat-data-services/kserve
ODH_KSERVE_LOCALMODELNODE_AGENT_GIT_COMMIT=e765ecec804ba70d132960c8757bbf32be1c1304
ODH_KSERVE_LOCALMODEL_CONTROLLER_GIT_URL=https://github.com/red-hat-data-services/kserve
ODH_KSERVE_LOCALMODEL_CONTROLLER_GIT_COMMIT=e765ecec804ba70d132960c8757bbf32be1c1304
ODH_KSERVE_ROUTER_GIT_URL=https://github.com/red-hat-data-services/kserve
ODH_KSERVE_ROUTER_GIT_COMMIT=e765ecec804ba70d132960c8757bbf32be1c1304
ODH_KSERVE_STORAGE_INITIALIZER_GIT_URL=https://github.com/red-hat-data-services/kserve
ODH_KSERVE_STORAGE_INITIALIZER_GIT_COMMIT=180037f1a388741cee7225e5543731da19eca73c
ODH_KUBE_AUTH_PROXY_GIT_URL=https://github.com/red-hat-data-services/kube-auth-proxy
ODH_KUBE_AUTH_PROXY_GIT_COMMIT=4a229fb08cd1fa4fea2df7f904a28e0938892236
ODH_KUBE_RBAC_PROXY_GIT_URL=https://github.com/red-hat-data-services/kube-rbac-proxy
ODH_KUBE_RBAC_PROXY_GIT_COMMIT=162ee3b7228b4498709c7f23a7d34e65094ad48a
ODH_LATENCY_PREDICTOR_PREDICTION_GIT_URL=https://github.com/red-hat-data-services/llm-d-latency-predictor
ODH_LATENCY_PREDICTOR_PREDICTION_GIT_COMMIT=d06054486b4c391aa29d2824fc8b7b2532e2b88a
ODH_LATENCY_PREDICTOR_TEST_GIT_URL=https://github.com/red-hat-data-services/llm-d-latency-predictor
ODH_LATENCY_PREDICTOR_TEST_GIT_COMMIT=d06054486b4c391aa29d2824fc8b7b2532e2b88a
ODH_LATENCY_PREDICTOR_TRAINING_GIT_URL=https://github.com/red-hat-data-services/llm-d-latency-predictor
ODH_LATENCY_PREDICTOR_TRAINING_GIT_COMMIT=d06054486b4c391aa29d2824fc8b7b2532e2b88a
ODH_LLM_D_ASYNC_GIT_URL=https://github.com/red-hat-data-services/llm-d-async
ODH_LLM_D_ASYNC_GIT_COMMIT=441731688619ac184c04dc5261c0492dfcc4deaa
ODH_LLM_D_BATCH_GATEWAY_APISERVER_GIT_URL=https://github.com/red-hat-data-services/batch-gateway
ODH_LLM_D_BATCH_GATEWAY_APISERVER_GIT_COMMIT=fbfe15d20df8496c7744b6085956a9a04167a088
ODH_LLM_D_BATCH_GATEWAY_GC_GIT_URL=https://github.com/red-hat-data-services/batch-gateway
ODH_LLM_D_BATCH_GATEWAY_GC_GIT_COMMIT=fbfe15d20df8496c7744b6085956a9a04167a088
ODH_LLM_D_BATCH_GATEWAY_OPERATOR_GIT_URL=https://github.com/red-hat-data-services/llm-d-batch-gateway-operator
ODH_LLM_D_BATCH_GATEWAY_OPERATOR_GIT_COMMIT=e9ca5a07e3822d87905d70729845469116e4651e
ODH_LLM_D_BATCH_GATEWAY_PROCESSOR_GIT_URL=https://github.com/red-hat-data-services/batch-gateway
ODH_LLM_D_BATCH_GATEWAY_PROCESSOR_GIT_COMMIT=fbfe15d20df8496c7744b6085956a9a04167a088
ODH_LLM_D_ROUTER_DISAGG_SIDECAR_GIT_URL=https://github.com/red-hat-data-services/llm-d-router
ODH_LLM_D_ROUTER_DISAGG_SIDECAR_GIT_COMMIT=1a568eb1db4ae92c898b7d08fb2ef75a0f26fd5b
ODH_LLM_D_ROUTER_ENDPOINT_PICKER_GIT_URL=https://github.com/red-hat-data-services/llm-d-router
ODH_LLM_D_ROUTER_ENDPOINT_PICKER_GIT_COMMIT=1a568eb1db4ae92c898b7d08fb2ef75a0f26fd5b
ODH_MAAS_API_GIT_URL=https://github.com/red-hat-data-services/models-as-a-service
ODH_MAAS_API_GIT_COMMIT=1435cbcd33629ee958374de2b7a9a4b8183de329
ODH_MAAS_CONTROLLER_GIT_URL=https://github.com/red-hat-data-services/models-as-a-service
ODH_MAAS_CONTROLLER_GIT_COMMIT=1435cbcd33629ee958374de2b7a9a4b8183de329
ODH_MCP_LIFECYCLE_OPERATOR_GIT_URL=https://github.com/red-hat-data-services/mcp-lifecycle-operator
ODH_MCP_LIFECYCLE_OPERATOR_GIT_COMMIT=aa2ab5127984563963fdf4fc00fa58a592046f66
ODH_MLFLOW_GIT_URL=https://github.com/red-hat-data-services/mlflow
ODH_MLFLOW_GIT_COMMIT=686bd7680959614a6f27ec2accbacb26a511ac55
ODH_MLMD_GRPC_SERVER_GIT_URL=https://github.com/red-hat-data-services/ml-metadata
ODH_MLMD_GRPC_SERVER_GIT_COMMIT=0a3709bae9759fcf12a8319259a0c2655ac4c94b
ODH_MLSERVER_CUDA_GIT_URL=https://github.com/red-hat-data-services/MLServer
ODH_MLSERVER_CUDA_GIT_COMMIT=d58f0ded897140bdd0c00d3feeb5c77ef8a7b62e
ODH_MLSERVER_GIT_URL=https://github.com/red-hat-data-services/MLServer
ODH_MLSERVER_GIT_COMMIT=d58f0ded897140bdd0c00d3feeb5c77ef8a7b62e
ODH_ML_PIPELINES_API_SERVER_V2_GIT_URL=https://github.com/red-hat-data-services/data-science-pipelines
ODH_ML_PIPELINES_API_SERVER_V2_GIT_COMMIT=71609e069e60402a88d14308ed7a74660692bcd5
ODH_ML_PIPELINES_DRIVER_GIT_URL=https://github.com/red-hat-data-services/data-science-pipelines
ODH_ML_PIPELINES_DRIVER_GIT_COMMIT=71609e069e60402a88d14308ed7a74660692bcd5
ODH_ML_PIPELINES_LAUNCHER_GIT_URL=https://github.com/red-hat-data-services/data-science-pipelines
ODH_ML_PIPELINES_LAUNCHER_GIT_COMMIT=71609e069e60402a88d14308ed7a74660692bcd5
ODH_ML_PIPELINES_PERSISTENCEAGENT_V2_GIT_URL=https://github.com/red-hat-data-services/data-science-pipelines
ODH_ML_PIPELINES_PERSISTENCEAGENT_V2_GIT_COMMIT=71609e069e60402a88d14308ed7a74660692bcd5
ODH_ML_PIPELINES_SCHEDULEDWORKFLOW_V2_GIT_URL=https://github.com/red-hat-data-services/data-science-pipelines
ODH_ML_PIPELINES_SCHEDULEDWORKFLOW_V2_GIT_COMMIT=71609e069e60402a88d14308ed7a74660692bcd5
ODH_MODEL_CONTROLLER_GIT_URL=https://github.com/red-hat-data-services/odh-model-controller
ODH_MODEL_CONTROLLER_GIT_COMMIT=d09d1fde9fa57bd5242385479cc6c41a842bbac3
ODH_MODEL_METADATA_COLLECTION_GIT_URL=https://github.com/red-hat-data-services/model-metadata-collection
ODH_MODEL_METADATA_COLLECTION_GIT_COMMIT=5f2a6f68d598675e1ba04019a1f23ce9952800a5
ODH_MODEL_PERFORMANCE_DATA_GIT_URL=https://github.com/red-hat-data-services/models-perf-benchmark-data
ODH_MODEL_PERFORMANCE_DATA_GIT_COMMIT=70b4444014b19b93cd089c1171661ff40ad1efe5
ODH_MODEL_REGISTRY_GIT_URL=https://github.com/red-hat-data-services/model-registry
ODH_MODEL_REGISTRY_GIT_COMMIT=375da30b682c705dfa5562a4d8b028995ff85c38
ODH_MODEL_REGISTRY_JOB_ASYNC_UPLOAD_GIT_URL=https://github.com/red-hat-data-services/model-registry
ODH_MODEL_REGISTRY_JOB_ASYNC_UPLOAD_GIT_COMMIT=47f19781c22f1307b67b9c1ea4a22535bb7b94f2
ODH_MODEL_SERVING_API_GIT_URL=https://github.com/red-hat-data-services/odh-model-controller
ODH_MODEL_SERVING_API_GIT_COMMIT=d09d1fde9fa57bd5242385479cc6c41a842bbac3
ODH_MOD_ARCH_AGENT_OPS_GIT_URL=https://github.com/red-hat-data-services/odh-dashboard
ODH_MOD_ARCH_AGENT_OPS_GIT_COMMIT=5377b595b822b4386ccc91c79bc3f6b4190df71e
ODH_MOD_ARCH_AUTOML_GIT_URL=https://github.com/red-hat-data-services/odh-dashboard
ODH_MOD_ARCH_AUTOML_GIT_COMMIT=5377b595b822b4386ccc91c79bc3f6b4190df71e
ODH_MOD_ARCH_AUTORAG_GIT_URL=https://github.com/red-hat-data-services/odh-dashboard
ODH_MOD_ARCH_AUTORAG_GIT_COMMIT=5377b595b822b4386ccc91c79bc3f6b4190df71e
ODH_MOD_ARCH_EVAL_HUB_GIT_URL=https://github.com/red-hat-data-services/odh-dashboard
ODH_MOD_ARCH_EVAL_HUB_GIT_COMMIT=5377b595b822b4386ccc91c79bc3f6b4190df71e
ODH_MOD_ARCH_GEN_AI_GIT_URL=https://github.com/red-hat-data-services/odh-dashboard
ODH_MOD_ARCH_GEN_AI_GIT_COMMIT=5377b595b822b4386ccc91c79bc3f6b4190df71e
ODH_MOD_ARCH_MAAS_GIT_URL=https://github.com/red-hat-data-services/odh-dashboard
ODH_MOD_ARCH_MAAS_GIT_COMMIT=1bd19d556163811f8b526868cbbf79bbe7ca298d
ODH_MOD_ARCH_MLFLOW_GIT_URL=https://github.com/red-hat-data-services/odh-dashboard
ODH_MOD_ARCH_MLFLOW_GIT_COMMIT=c06b2e31d051a2b1d0278c33eb628d64dd5c9f09
ODH_MOD_ARCH_MODEL_REGISTRY_GIT_URL=https://github.com/red-hat-data-services/odh-dashboard
ODH_MOD_ARCH_MODEL_REGISTRY_GIT_COMMIT=5377b595b822b4386ccc91c79bc3f6b4190df71e
ODH_MUST_GATHER_GIT_URL=https://github.com/red-hat-data-services/must-gather
ODH_MUST_GATHER_GIT_COMMIT=d1c8a3b8799d3ac2f6ff4ad566c67b01aa08f485
ODH_NOTEBOOK_CONTROLLER_GIT_URL=https://github.com/red-hat-data-services/kubeflow
ODH_NOTEBOOK_CONTROLLER_GIT_COMMIT=29cd421e5b156149d20839e3e773a6c5b88658ee
ODH_OGX_CORE_GIT_URL=https://github.com/red-hat-data-services/ogx-distribution
ODH_OGX_CORE_GIT_COMMIT=da1ef2293125d775e001fa692cfd8a7e8153ca0b
ODH_OGX_MODULE_OPERATOR_GIT_URL=https://github.com/red-hat-data-services/ogx-k8s-operator
ODH_OGX_MODULE_OPERATOR_GIT_COMMIT=032aa577394fbfa88ecb35b92868ccd7b1a37b51
ODH_OPENVINO_MODEL_SERVER_GIT_URL=https://github.com/red-hat-data-services/openvino_model_server
ODH_OPENVINO_MODEL_SERVER_GIT_COMMIT=5894b9557c5a21ba3e669317cdc93de101ac73e5
ODH_PIPELINES_COMPONENTS_GIT_URL=https://github.com/red-hat-data-services/pipelines-components
ODH_PIPELINES_COMPONENTS_GIT_COMMIT=bd1c5eb82c8e6ae296fd69ac7aae8fe180ce5944
ODH_PIPELINE_RUNTIME_DATASCIENCE_CPU_PY312_GIT_URL=https://github.com/red-hat-data-services/notebooks
ODH_PIPELINE_RUNTIME_DATASCIENCE_CPU_PY312_GIT_COMMIT=abb0ddad812d1648c89800083676adb31a309138
ODH_PIPELINE_RUNTIME_MINIMAL_CPU_PY312_GIT_URL=https://github.com/red-hat-data-services/notebooks
ODH_PIPELINE_RUNTIME_MINIMAL_CPU_PY312_GIT_COMMIT=abb0ddad812d1648c89800083676adb31a309138
ODH_PIPELINE_RUNTIME_PYTORCH_CUDA_PY312_GIT_URL=https://github.com/red-hat-data-services/notebooks
ODH_PIPELINE_RUNTIME_PYTORCH_CUDA_PY312_GIT_COMMIT=abb0ddad812d1648c89800083676adb31a309138
ODH_PIPELINE_RUNTIME_PYTORCH_LLMCOMPRESSOR_CUDA_PY312_GIT_URL=https://github.com/red-hat-data-services/notebooks
ODH_PIPELINE_RUNTIME_PYTORCH_LLMCOMPRESSOR_CUDA_PY312_GIT_COMMIT=ef775fb6607ecc1aa3aab11e2b9c08770e9df88d
ODH_PIPELINE_RUNTIME_PYTORCH_ROCM_PY312_GIT_URL=https://github.com/red-hat-data-services/notebooks
ODH_PIPELINE_RUNTIME_PYTORCH_ROCM_PY312_GIT_COMMIT=9646c205520725e2fe45a43d40ca804ec27ecb84
ODH_PIPELINE_RUNTIME_TENSORFLOW_CUDA_PY312_GIT_URL=https://github.com/red-hat-data-services/notebooks
ODH_PIPELINE_RUNTIME_TENSORFLOW_CUDA_PY312_GIT_COMMIT=9646c205520725e2fe45a43d40ca804ec27ecb84
ODH_PIPELINE_RUNTIME_TENSORFLOW_ROCM_PY312_GIT_URL=https://github.com/red-hat-data-services/notebooks
ODH_PIPELINE_RUNTIME_TENSORFLOW_ROCM_PY312_GIT_COMMIT=9646c205520725e2fe45a43d40ca804ec27ecb84
ODH_RHAII_CLUSTER_VALIDATOR_GIT_URL=https://github.com/red-hat-data-services/rhaii-cluster-validation
ODH_RHAII_CLUSTER_VALIDATOR_GIT_COMMIT=ae5244f85b828b124e0621dce68fbf7d758d15c0
ODH_RHAII_VALIDATOR_TOOLS_GIT_URL=https://github.com/red-hat-data-services/rhaii-cluster-validation
ODH_RHAII_VALIDATOR_TOOLS_GIT_COMMIT=ae5244f85b828b124e0621dce68fbf7d758d15c0
ODH_TA_LMES_DRIVER_GIT_URL=https://github.com/red-hat-data-services/trustyai-service-operator
ODH_TA_LMES_DRIVER_GIT_COMMIT=cf4182d62a77d441dbd56e30ec3da7bfacd60f59
ODH_TA_LMES_JOB_GIT_URL=https://github.com/red-hat-data-services/lm-evaluation-harness
ODH_TA_LMES_JOB_GIT_COMMIT=a6919d3e80cd44e986d88a068d1d97074b6c8dc4
ODH_TRAINER_OPERATOR_GIT_URL=https://github.com/red-hat-data-services/trainer-operator
ODH_TRAINER_OPERATOR_GIT_COMMIT=5ebb9bf47fbe53f249ef3bbe4dab43e0724f9a87
ODH_TRAINING_CUDA121_TORCH24_PY311_GIT_URL=https://github.com/red-hat-data-services/distributed-workloads
ODH_TRAINING_CUDA121_TORCH24_PY311_GIT_COMMIT=5d574fed033532dfd0afaaf2f1f3ca30fa9da9d7
ODH_TRAINING_CUDA124_TORCH25_PY311_GIT_URL=https://github.com/red-hat-data-services/distributed-workloads
ODH_TRAINING_CUDA124_TORCH25_PY311_GIT_COMMIT=5d574fed033532dfd0afaaf2f1f3ca30fa9da9d7
ODH_TRAINING_CUDA128_TORCH28_PY312_GIT_URL=https://github.com/red-hat-data-services/distributed-workloads
ODH_TRAINING_CUDA128_TORCH28_PY312_GIT_COMMIT=5d574fed033532dfd0afaaf2f1f3ca30fa9da9d7
ODH_TRAINING_CUDA128_TORCH29_PY312_GIT_URL=https://github.com/red-hat-data-services/distributed-workloads
ODH_TRAINING_CUDA128_TORCH29_PY312_GIT_COMMIT=5d574fed033532dfd0afaaf2f1f3ca30fa9da9d7
ODH_TRAINING_ROCM62_TORCH24_PY311_GIT_URL=https://github.com/red-hat-data-services/distributed-workloads
ODH_TRAINING_ROCM62_TORCH24_PY311_GIT_COMMIT=5d574fed033532dfd0afaaf2f1f3ca30fa9da9d7
ODH_TRAINING_ROCM62_TORCH25_PY311_GIT_URL=https://github.com/red-hat-data-services/distributed-workloads
ODH_TRAINING_ROCM62_TORCH25_PY311_GIT_COMMIT=5d574fed033532dfd0afaaf2f1f3ca30fa9da9d7
ODH_TRAINING_ROCM64_TORCH28_PY312_GIT_URL=https://github.com/red-hat-data-services/distributed-workloads
ODH_TRAINING_ROCM64_TORCH28_PY312_GIT_COMMIT=5d574fed033532dfd0afaaf2f1f3ca30fa9da9d7
ODH_TRAINING_ROCM64_TORCH29_PY312_GIT_URL=https://github.com/red-hat-data-services/distributed-workloads
ODH_TRAINING_ROCM64_TORCH29_PY312_GIT_COMMIT=5d574fed033532dfd0afaaf2f1f3ca30fa9da9d7
ODH_TRUSTYAI_GARAK_LLS_PROVIDER_DSP_GIT_URL=https://github.com/red-hat-data-services/llama-stack-provider-trustyai-garak
ODH_TRUSTYAI_GARAK_LLS_PROVIDER_DSP_GIT_COMMIT=43c07e3cfbf2803f6ac447e06025074467a99635
ODH_TRUSTYAI_NEMO_GUARDRAILS_SERVER_GIT_URL=https://github.com/red-hat-data-services/NeMo-Guardrails
ODH_TRUSTYAI_NEMO_GUARDRAILS_SERVER_GIT_COMMIT=c5d0e80e0a102b6a51ade5b7aa8114a837d862ed
ODH_TRUSTYAI_SERVICE_GIT_URL=https://github.com/red-hat-data-services/trustyai-explainability
ODH_TRUSTYAI_SERVICE_GIT_COMMIT=8078f216cfa050f826247849955f61595b20c2fb
ODH_TRUSTYAI_VLLM_ORCHESTRATOR_GATEWAY_GIT_URL=https://github.com/red-hat-data-services/vllm-orchestrator-gateway
ODH_TRUSTYAI_VLLM_ORCHESTRATOR_GATEWAY_GIT_COMMIT=7685c524e7b13288109651fee2836f7630c9c2ab
ODH_VLLM_CPU_GIT_URL=https://github.com/red-hat-data-services/vllm-cpu
ODH_VLLM_CPU_GIT_COMMIT=15bb5d4c60bc7e1f261327cb1e50fd3491d17bed
ODH_WORKBENCH_CODESERVER_DATASCIENCE_CPU_PY312_GIT_URL=https://github.com/red-hat-data-services/notebooks
ODH_WORKBENCH_CODESERVER_DATASCIENCE_CPU_PY312_GIT_COMMIT=abb0ddad812d1648c89800083676adb31a309138
ODH_WORKBENCH_JUPYTER_DATASCIENCE_CPU_PY312_GIT_URL=https://github.com/red-hat-data-services/notebooks
ODH_WORKBENCH_JUPYTER_DATASCIENCE_CPU_PY312_GIT_COMMIT=9646c205520725e2fe45a43d40ca804ec27ecb84
ODH_WORKBENCH_JUPYTER_MINIMAL_CPU_PY312_GIT_URL=https://github.com/red-hat-data-services/notebooks
ODH_WORKBENCH_JUPYTER_MINIMAL_CPU_PY312_GIT_COMMIT=9646c205520725e2fe45a43d40ca804ec27ecb84
ODH_WORKBENCH_JUPYTER_MINIMAL_CUDA_PY312_GIT_URL=https://github.com/red-hat-data-services/notebooks
ODH_WORKBENCH_JUPYTER_MINIMAL_CUDA_PY312_GIT_COMMIT=9646c205520725e2fe45a43d40ca804ec27ecb84
ODH_WORKBENCH_JUPYTER_MINIMAL_ROCM_PY312_GIT_URL=https://github.com/red-hat-data-services/notebooks
ODH_WORKBENCH_JUPYTER_MINIMAL_ROCM_PY312_GIT_COMMIT=9646c205520725e2fe45a43d40ca804ec27ecb84
ODH_WORKBENCH_JUPYTER_PYTORCH_CUDA_PY312_GIT_URL=https://github.com/red-hat-data-services/notebooks
ODH_WORKBENCH_JUPYTER_PYTORCH_CUDA_PY312_GIT_COMMIT=abb0ddad812d1648c89800083676adb31a309138
ODH_WORKBENCH_JUPYTER_PYTORCH_LLMCOMPRESSOR_CUDA_PY312_GIT_URL=https://github.com/red-hat-data-services/notebooks
ODH_WORKBENCH_JUPYTER_PYTORCH_LLMCOMPRESSOR_CUDA_PY312_GIT_COMMIT=abb0ddad812d1648c89800083676adb31a309138
ODH_WORKBENCH_JUPYTER_PYTORCH_ROCM_PY312_GIT_URL=https://github.com/red-hat-data-services/notebooks
ODH_WORKBENCH_JUPYTER_PYTORCH_ROCM_PY312_GIT_COMMIT=9646c205520725e2fe45a43d40ca804ec27ecb84
ODH_WORKBENCH_JUPYTER_TENSORFLOW_CUDA_PY312_GIT_URL=https://github.com/red-hat-data-services/notebooks
ODH_WORKBENCH_JUPYTER_TENSORFLOW_CUDA_PY312_GIT_COMMIT=9646c205520725e2fe45a43d40ca804ec27ecb84
ODH_WORKBENCH_JUPYTER_TENSORFLOW_ROCM_PY312_GIT_URL=https://github.com/red-hat-data-services/notebooks
ODH_WORKBENCH_JUPYTER_TENSORFLOW_ROCM_PY312_GIT_COMMIT=9646c205520725e2fe45a43d40ca804ec27ecb84
ODH_WORKBENCH_JUPYTER_TRUSTYAI_CPU_PY312_GIT_URL=https://github.com/red-hat-data-services/notebooks
ODH_WORKBENCH_JUPYTER_TRUSTYAI_CPU_PY312_GIT_COMMIT=abb0ddad812d1648c89800083676adb31a309138
