ODH_RHEL9_OPERATOR_GIT_URL=https://github.com/red-hat-data-services/rhods-operator
ODH_RHEL9_OPERATOR_GIT_COMMIT=133f55d33982f851da3c667ad62d5c6b407de47c
ODH_KSERVE_CONTROLLER_GIT_URL=https://github.com/red-hat-data-services/kserve
ODH_KSERVE_CONTROLLER_GIT_COMMIT=b68dd4ec9206c5fd43b4c6dece4d6fed15548ba5
ODH_KF_NOTEBOOK_CONTROLLER_GIT_URL=https://github.com/red-hat-data-services/kubeflow
ODH_KF_NOTEBOOK_CONTROLLER_GIT_COMMIT=a81b1cb9b3839d7b9c45fff6da989b94fd1a234d
ODH_NOTEBOOK_CONTROLLER_GIT_URL=https://github.com/red-hat-data-services/kubeflow
ODH_NOTEBOOK_CONTROLLER_GIT_COMMIT=a81b1cb9b3839d7b9c45fff6da989b94fd1a234d
ODH_DATA_SCIENCE_PIPELINES_OPERATOR_CONTROLLER_GIT_URL=https://github.com/red-hat-data-services/data-science-pipelines-operator
ODH_DATA_SCIENCE_PIPELINES_OPERATOR_CONTROLLER_GIT_COMMIT=52fc4bcba34102ce53ab14a77ae41127285a7d66
ODH_KUBERAY_OPERATOR_CONTROLLER_GIT_URL=https://github.com/red-hat-data-services/kuberay
ODH_KUBERAY_OPERATOR_CONTROLLER_GIT_COMMIT=8acb228252c430610925a24270dab7899e4b2b86
ODH_TRUSTYAI_SERVICE_OPERATOR_GIT_URL=https://github.com/red-hat-data-services/trustyai-service-operator
ODH_TRUSTYAI_SERVICE_OPERATOR_GIT_COMMIT=51c101e7aad2325c190d3e7a1768990e4a44bdbc
ODH_MODEL_CONTROLLER_GIT_URL=https://github.com/red-hat-data-services/odh-model-controller
ODH_MODEL_CONTROLLER_GIT_COMMIT=403a2e3ede637e001a63235b71d17624bd2a085c
ODH_MODEL_REGISTRY_OPERATOR_GIT_URL=https://github.com/red-hat-data-services/model-registry-operator
ODH_MODEL_REGISTRY_OPERATOR_GIT_COMMIT=ecfc92cbfba4542de7b254d21d29a718a7cd0bee
ODH_DASHBOARD_GIT_URL=https://github.com/red-hat-data-services/odh-dashboard
ODH_DASHBOARD_GIT_COMMIT=475b3dd8039aaee35f29c6d27ff5d86d3506da45
ODH_TRAINING_OPERATOR_GIT_URL=https://github.com/red-hat-data-services/training-operator
ODH_TRAINING_OPERATOR_GIT_COMMIT=ce0823d1ad086b97a4b77be4f0993cb07db4dc6a
ODH_FEAST_OPERATOR_GIT_URL=https://github.com/red-hat-data-services/feast
ODH_FEAST_OPERATOR_GIT_COMMIT=5f01dd17ecfb2c588fe0171120bb35faf2680674
ODH_LLAMA_STACK_K8S_OPERATOR_GIT_URL=https://github.com/red-hat-data-services/llama-stack-k8s-operator
ODH_LLAMA_STACK_K8S_OPERATOR_GIT_COMMIT=16d9adc142b30c9a7b273d7c4cb96b329fdc5d85
ODH_TRAINER_GIT_URL=https://github.com/red-hat-data-services/trainer
ODH_TRAINER_GIT_COMMIT=7c732f85533c0d949f8b7f9f3c0f75cc1e28029c
ODH_TRUSTYAI_SERVICE_GIT_URL=https://github.com/red-hat-data-services/trustyai-explainability
ODH_TRUSTYAI_SERVICE_GIT_COMMIT=811f8190fc4e16f0f4462d90164724fbec5871dd
ODH_MLMD_GRPC_SERVER_GIT_URL=https://github.com/red-hat-data-services/ml-metadata
ODH_MLMD_GRPC_SERVER_GIT_COMMIT=5c7c935b53f4e092fac17fdbec52a685175c537f
ODH_ML_PIPELINES_API_SERVER_V2_GIT_URL=https://github.com/red-hat-data-services/data-science-pipelines
ODH_ML_PIPELINES_API_SERVER_V2_GIT_COMMIT=5c1d30771f4aa67d125ae2158a928fd4565aba17
ODH_ML_PIPELINES_PERSISTENCEAGENT_V2_GIT_URL=https://github.com/red-hat-data-services/data-science-pipelines
ODH_ML_PIPELINES_PERSISTENCEAGENT_V2_GIT_COMMIT=5c1d30771f4aa67d125ae2158a928fd4565aba17
ODH_ML_PIPELINES_SCHEDULEDWORKFLOW_V2_GIT_URL=https://github.com/red-hat-data-services/data-science-pipelines
ODH_ML_PIPELINES_SCHEDULEDWORKFLOW_V2_GIT_COMMIT=5c1d30771f4aa67d125ae2158a928fd4565aba17
ODH_ML_PIPELINES_DRIVER_GIT_URL=https://github.com/red-hat-data-services/data-science-pipelines
ODH_ML_PIPELINES_DRIVER_GIT_COMMIT=5c1d30771f4aa67d125ae2158a928fd4565aba17
ODH_ML_PIPELINES_LAUNCHER_GIT_URL=https://github.com/red-hat-data-services/data-science-pipelines
ODH_ML_PIPELINES_LAUNCHER_GIT_COMMIT=5c1d30771f4aa67d125ae2158a928fd4565aba17
ODH_DATA_SCIENCE_PIPELINES_ARGO_ARGOEXEC_GIT_URL=https://github.com/red-hat-data-services/argo-workflows
ODH_DATA_SCIENCE_PIPELINES_ARGO_ARGOEXEC_GIT_COMMIT=8a8c23272374e6255d145067b86a3e69962ca67a
ODH_DATA_SCIENCE_PIPELINES_ARGO_WORKFLOWCONTROLLER_GIT_URL=https://github.com/red-hat-data-services/argo-workflows
ODH_DATA_SCIENCE_PIPELINES_ARGO_WORKFLOWCONTROLLER_GIT_COMMIT=8a8c23272374e6255d145067b86a3e69962ca67a
ODH_MODEL_REGISTRY_GIT_URL=https://github.com/red-hat-data-services/model-registry
ODH_MODEL_REGISTRY_GIT_COMMIT=343982766e82ab771839d85c37bcbdc9b186e125
ODH_FEATURE_SERVER_GIT_URL=https://github.com/red-hat-data-services/feast
ODH_FEATURE_SERVER_GIT_COMMIT=dced04d46bbfa38c28e61fd9b3c01f12550ee0a8
ODH_LLM_D_INFERENCE_SCHEDULER_GIT_URL=https://github.com/red-hat-data-services/llm-d-inference-scheduler
ODH_LLM_D_INFERENCE_SCHEDULER_GIT_COMMIT=9922b72b9f3fdd6518365774c6bb93ce7a3967f0
ODH_LLM_D_ROUTING_SIDECAR_GIT_URL=https://github.com/red-hat-data-services/llm-d-routing-sidecar
ODH_LLM_D_ROUTING_SIDECAR_GIT_COMMIT=b59609a095e5b7278757689bb7060ba51a4e28c7
ODH_MUST_GATHER_GIT_URL=https://github.com/red-hat-data-services/must-gather
ODH_MUST_GATHER_GIT_COMMIT=10a6477bccd384ec1e7152a4a026ca5c7169f228
ODH_KSERVE_AGENT_GIT_URL=https://github.com/red-hat-data-services/kserve
ODH_KSERVE_AGENT_GIT_COMMIT=b68dd4ec9206c5fd43b4c6dece4d6fed15548ba5
ODH_KSERVE_ROUTER_GIT_URL=https://github.com/red-hat-data-services/kserve
ODH_KSERVE_ROUTER_GIT_COMMIT=b68dd4ec9206c5fd43b4c6dece4d6fed15548ba5
ODH_KSERVE_STORAGE_INITIALIZER_GIT_URL=https://github.com/red-hat-data-services/kserve
ODH_KSERVE_STORAGE_INITIALIZER_GIT_COMMIT=f39700bf6825984795932edbc4d9e04d6cc463b1
ODH_TA_LMES_DRIVER_GIT_URL=https://github.com/red-hat-data-services/trustyai-service-operator
ODH_TA_LMES_DRIVER_GIT_COMMIT=51c101e7aad2325c190d3e7a1768990e4a44bdbc
ODH_TA_LMES_JOB_GIT_URL=https://github.com/red-hat-data-services/lm-evaluation-harness
ODH_TA_LMES_JOB_GIT_COMMIT=19146c07f607879ff16f00fc92f707f08936f7d5
ODH_FMS_GUARDRAILS_ORCHESTRATOR_GIT_URL=https://github.com/red-hat-data-services/fms-guardrails-orchestrator
ODH_FMS_GUARDRAILS_ORCHESTRATOR_GIT_COMMIT=39af3b2b00b9b924ed88e71388f8f0dff3b1a5b0
ODH_TRUSTYAI_VLLM_ORCHESTRATOR_GATEWAY_GIT_URL=https://github.com/red-hat-data-services/vllm-orchestrator-gateway
ODH_TRUSTYAI_VLLM_ORCHESTRATOR_GATEWAY_GIT_COMMIT=25a2a0117e61093af6854539ecf67599cee92334
ODH_BUILT_IN_DETECTOR_GIT_URL=https://github.com/red-hat-data-services/guardrails-detectors
ODH_BUILT_IN_DETECTOR_GIT_COMMIT=4d076ac5444f95d6c5f2ad2e93ff941608d5eb42
ODH_PIPELINE_RUNTIME_DATASCIENCE_CPU_PY312_GIT_URL=https://github.com/red-hat-data-services/notebooks
ODH_PIPELINE_RUNTIME_DATASCIENCE_CPU_PY312_GIT_COMMIT=6f21b5ff78bf7cf1d573558ab75c3dae9afffcdd
ODH_PIPELINE_RUNTIME_MINIMAL_CPU_PY312_GIT_URL=https://github.com/red-hat-data-services/notebooks
ODH_PIPELINE_RUNTIME_MINIMAL_CPU_PY312_GIT_COMMIT=6f21b5ff78bf7cf1d573558ab75c3dae9afffcdd
ODH_PIPELINE_RUNTIME_PYTORCH_CUDA_PY312_GIT_URL=https://github.com/red-hat-data-services/notebooks
ODH_PIPELINE_RUNTIME_PYTORCH_CUDA_PY312_GIT_COMMIT=705e21a9828d55d6374cdca9e86a973a22c87e6e
ODH_PIPELINE_RUNTIME_PYTORCH_ROCM_PY312_GIT_URL=https://github.com/red-hat-data-services/notebooks
ODH_PIPELINE_RUNTIME_PYTORCH_ROCM_PY312_GIT_COMMIT=705e21a9828d55d6374cdca9e86a973a22c87e6e
ODH_PIPELINE_RUNTIME_TENSORFLOW_CUDA_PY312_GIT_URL=https://github.com/red-hat-data-services/notebooks
ODH_PIPELINE_RUNTIME_TENSORFLOW_CUDA_PY312_GIT_COMMIT=7939992d631f1f9395f642a063bb377e208563b2
ODH_PIPELINE_RUNTIME_TENSORFLOW_ROCM_PY312_GIT_URL=https://github.com/red-hat-data-services/notebooks
ODH_PIPELINE_RUNTIME_TENSORFLOW_ROCM_PY312_GIT_COMMIT=030415746e5bed7a276e4a40b98061ed01f4b80f
ODH_WORKBENCH_CODESERVER_DATASCIENCE_CPU_PY312_GIT_URL=https://github.com/red-hat-data-services/notebooks
ODH_WORKBENCH_CODESERVER_DATASCIENCE_CPU_PY312_GIT_COMMIT=4346e7b01bc1fcefed5b7c17ef70733a25834d69
ODH_WORKBENCH_JUPYTER_DATASCIENCE_CPU_PY312_GIT_URL=https://github.com/red-hat-data-services/notebooks
ODH_WORKBENCH_JUPYTER_DATASCIENCE_CPU_PY312_GIT_COMMIT=6f21b5ff78bf7cf1d573558ab75c3dae9afffcdd
ODH_WORKBENCH_JUPYTER_MINIMAL_CPU_PY312_GIT_URL=https://github.com/red-hat-data-services/notebooks
ODH_WORKBENCH_JUPYTER_MINIMAL_CPU_PY312_GIT_COMMIT=030415746e5bed7a276e4a40b98061ed01f4b80f
ODH_WORKBENCH_JUPYTER_MINIMAL_CUDA_PY312_GIT_URL=https://github.com/red-hat-data-services/notebooks
ODH_WORKBENCH_JUPYTER_MINIMAL_CUDA_PY312_GIT_COMMIT=030415746e5bed7a276e4a40b98061ed01f4b80f
ODH_WORKBENCH_JUPYTER_MINIMAL_ROCM_PY312_GIT_URL=https://github.com/red-hat-data-services/notebooks
ODH_WORKBENCH_JUPYTER_MINIMAL_ROCM_PY312_GIT_COMMIT=705e21a9828d55d6374cdca9e86a973a22c87e6e
ODH_WORKBENCH_JUPYTER_PYTORCH_CUDA_PY312_GIT_URL=https://github.com/red-hat-data-services/notebooks
ODH_WORKBENCH_JUPYTER_PYTORCH_CUDA_PY312_GIT_COMMIT=705e21a9828d55d6374cdca9e86a973a22c87e6e
ODH_WORKBENCH_JUPYTER_PYTORCH_ROCM_PY312_GIT_URL=https://github.com/red-hat-data-services/notebooks
ODH_WORKBENCH_JUPYTER_PYTORCH_ROCM_PY312_GIT_COMMIT=705e21a9828d55d6374cdca9e86a973a22c87e6e
ODH_WORKBENCH_JUPYTER_TENSORFLOW_CUDA_PY312_GIT_URL=https://github.com/red-hat-data-services/notebooks
ODH_WORKBENCH_JUPYTER_TENSORFLOW_CUDA_PY312_GIT_COMMIT=705e21a9828d55d6374cdca9e86a973a22c87e6e
ODH_WORKBENCH_JUPYTER_TENSORFLOW_ROCM_PY312_GIT_URL=https://github.com/red-hat-data-services/notebooks
ODH_WORKBENCH_JUPYTER_TENSORFLOW_ROCM_PY312_GIT_COMMIT=030415746e5bed7a276e4a40b98061ed01f4b80f
ODH_WORKBENCH_JUPYTER_TRUSTYAI_CPU_PY312_GIT_URL=https://github.com/red-hat-data-services/notebooks
ODH_WORKBENCH_JUPYTER_TRUSTYAI_CPU_PY312_GIT_COMMIT=030415746e5bed7a276e4a40b98061ed01f4b80f
ODH_GUARDRAILS_DETECTOR_HUGGINGFACE_RUNTIME_GIT_URL=https://github.com/red-hat-data-services/guardrails-detectors
ODH_GUARDRAILS_DETECTOR_HUGGINGFACE_RUNTIME_GIT_COMMIT=cfe13e186b359f4bbb4539c5089ead2bbd4b155f
ODH_OPENVINO_MODEL_SERVER_GIT_URL=https://github.com/red-hat-data-services/openvino_model_server
ODH_OPENVINO_MODEL_SERVER_GIT_COMMIT=7e5ab161ac9402dc01172c4b003c3225ad6f5aa1
ODH_VLLM_CPU_GIT_URL=https://github.com/red-hat-data-services/vllm-cpu
ODH_VLLM_CPU_GIT_COMMIT=b15131d439b20c30521f501409d9802b6ca533ce
ODH_VLLM_GAUDI_GIT_URL=https://github.com/red-hat-data-services/vllm-gaudi
ODH_VLLM_GAUDI_GIT_COMMIT=96f693a9ccdce709e50664dd31585809d59818bc
ODH_MODEL_REGISTRY_JOB_ASYNC_UPLOAD_GIT_URL=https://github.com/red-hat-data-services/model-registry
ODH_MODEL_REGISTRY_JOB_ASYNC_UPLOAD_GIT_COMMIT=c4cc6d34b3f5543943fd7d51c057498f90544302
ODH_LLAMA_STACK_CORE_GIT_URL=https://github.com/red-hat-data-services/llama-stack-distribution
ODH_LLAMA_STACK_CORE_GIT_COMMIT=e25607fdaf0b76039df0ac43878c2340a69c666a
ODH_WORKBENCH_JUPYTER_PYTORCH_LLMCOMPRESSOR_CUDA_PY312_GIT_URL=https://github.com/red-hat-data-services/notebooks
ODH_WORKBENCH_JUPYTER_PYTORCH_LLMCOMPRESSOR_CUDA_PY312_GIT_COMMIT=4305ee4d6550ff0ce12260d2beec769e3bd4d0c6
ODH_PIPELINE_RUNTIME_PYTORCH_LLMCOMPRESSOR_CUDA_PY312_GIT_URL=https://github.com/red-hat-data-services/notebooks
ODH_PIPELINE_RUNTIME_PYTORCH_LLMCOMPRESSOR_CUDA_PY312_GIT_COMMIT=04309e7b77d9479a026cefc4f091c91170933cef
ODH_MODEL_METADATA_COLLECTION_GIT_URL=https://github.com/red-hat-data-services/model-metadata-collection
ODH_MODEL_METADATA_COLLECTION_GIT_COMMIT=2e640dd306964c51a906d485d5af569630bbd44d
ODH_MOD_ARCH_GEN_AI_GIT_URL=https://github.com/red-hat-data-services/odh-dashboard
ODH_MOD_ARCH_GEN_AI_GIT_COMMIT=475b3dd8039aaee35f29c6d27ff5d86d3506da45
ODH_KUBE_AUTH_PROXY_GIT_URL=https://github.com/red-hat-data-services/kube-auth-proxy
ODH_KUBE_AUTH_PROXY_GIT_COMMIT=ccd6671400d55214469aa2446178897bbb099bc5
ODH_MAAS_API_GIT_URL=https://github.com/red-hat-data-services/maas-billing
ODH_MAAS_API_GIT_COMMIT=dfacb60890c7ca8646ed0a7fd6fdbe4357c16dda
ODH_MODEL_PERFORMANCE_DATA_GIT_URL=https://github.com/red-hat-data-services/models-perf-benchmark-data
ODH_MODEL_PERFORMANCE_DATA_GIT_COMMIT=0a089c99559f62e16814be6ba0320f6ea3319457
ODH_TRUSTYAI_RAGAS_LLS_PROVIDER_DSP_GIT_URL=https://github.com/red-hat-data-services/llama-stack-provider-ragas
ODH_TRUSTYAI_RAGAS_LLS_PROVIDER_DSP_GIT_COMMIT=ced635532cc2d8f9fbd0090fdec50cf987d264f7
ODH_TRAINING_CUDA121_TORCH24_PY311_GIT_URL=https://github.com/red-hat-data-services/distributed-workloads
ODH_TRAINING_CUDA121_TORCH24_PY311_GIT_COMMIT=4b406a5fd7efdca50027e6ef4d73d3473282ddcb
ODH_TRAINING_CUDA124_TORCH25_PY311_GIT_URL=https://github.com/red-hat-data-services/distributed-workloads
ODH_TRAINING_CUDA124_TORCH25_PY311_GIT_COMMIT=4b406a5fd7efdca50027e6ef4d73d3473282ddcb
ODH_TRAINING_CUDA128_TORCH28_PY312_GIT_URL=https://github.com/red-hat-data-services/distributed-workloads
ODH_TRAINING_CUDA128_TORCH28_PY312_GIT_COMMIT=592250702dfe7f6e1ca8eec1231d5b5b762ab048
ODH_TRAINING_ROCM62_TORCH24_PY311_GIT_URL=https://github.com/red-hat-data-services/distributed-workloads
ODH_TRAINING_ROCM62_TORCH24_PY311_GIT_COMMIT=4b406a5fd7efdca50027e6ef4d73d3473282ddcb
ODH_TRAINING_ROCM62_TORCH25_PY311_GIT_URL=https://github.com/red-hat-data-services/distributed-workloads
ODH_TRAINING_ROCM62_TORCH25_PY311_GIT_COMMIT=4b406a5fd7efdca50027e6ef4d73d3473282ddcb
ODH_TRAINING_ROCM64_TORCH28_PY312_GIT_URL=https://github.com/red-hat-data-services/distributed-workloads
ODH_TRAINING_ROCM64_TORCH28_PY312_GIT_COMMIT=4b406a5fd7efdca50027e6ef4d73d3473282ddcb
ODH_MOD_ARCH_MODEL_REGISTRY_GIT_URL=https://github.com/red-hat-data-services/odh-dashboard
ODH_MOD_ARCH_MODEL_REGISTRY_GIT_COMMIT=e0153e5fccf68028766cdc54c38ba15d2415ea78
