ODH_RHEL9_OPERATOR_GIT_URL=https://github.com/red-hat-data-services/rhods-operator
ODH_RHEL9_OPERATOR_GIT_COMMIT=82e21b0562290421e99e0d2aa13c018eae3cd709
ODH_KSERVE_CONTROLLER_GIT_URL=https://github.com/red-hat-data-services/kserve
ODH_KSERVE_CONTROLLER_GIT_COMMIT=58e7f0f6d889933345394152903c95c62e6bd9c3
ODH_KF_NOTEBOOK_CONTROLLER_GIT_URL=https://github.com/red-hat-data-services/kubeflow
ODH_KF_NOTEBOOK_CONTROLLER_GIT_COMMIT=d53e1483530306156caa83773014aa58fa47deb4
ODH_NOTEBOOK_CONTROLLER_GIT_URL=https://github.com/red-hat-data-services/kubeflow
ODH_NOTEBOOK_CONTROLLER_GIT_COMMIT=d53e1483530306156caa83773014aa58fa47deb4
ODH_DATA_SCIENCE_PIPELINES_OPERATOR_CONTROLLER_GIT_URL=https://github.com/red-hat-data-services/data-science-pipelines-operator
ODH_DATA_SCIENCE_PIPELINES_OPERATOR_CONTROLLER_GIT_COMMIT=ae56044fa705f3d0a132de806de64a44338425de
ODH_CODEFLARE_OPERATOR_GIT_URL=https://github.com/red-hat-data-services/codeflare-operator
ODH_CODEFLARE_OPERATOR_GIT_COMMIT=114842f5150001c4c3eb28c603efead2188d22d0
ODH_KUBERAY_OPERATOR_CONTROLLER_GIT_URL=https://github.com/red-hat-data-services/kuberay
ODH_KUBERAY_OPERATOR_CONTROLLER_GIT_COMMIT=06bcde2b040b41d5691bb7b0db83725457ae827e
ODH_KUEUE_CONTROLLER_GIT_URL=https://github.com/red-hat-data-services/kueue
ODH_KUEUE_CONTROLLER_GIT_COMMIT=ca65d309f0b9c80399ec528321f07b2f78ffb8f6
ODH_TRUSTYAI_SERVICE_OPERATOR_GIT_URL=https://github.com/red-hat-data-services/trustyai-service-operator
ODH_TRUSTYAI_SERVICE_OPERATOR_GIT_COMMIT=1bb1711b8685a42e54e648e7def4983f34823123
ODH_MODEL_CONTROLLER_GIT_URL=https://github.com/red-hat-data-services/odh-model-controller
ODH_MODEL_CONTROLLER_GIT_COMMIT=212d2ffe4325a9da8f5f04736f26302d00227b13
ODH_MODEL_REGISTRY_OPERATOR_GIT_URL=https://github.com/red-hat-data-services/model-registry-operator
ODH_MODEL_REGISTRY_OPERATOR_GIT_COMMIT=b606c4475e9bfa08a7fa676941f14b54deafaec2
ODH_MODELMESH_SERVING_CONTROLLER_GIT_URL=https://github.com/red-hat-data-services/modelmesh-serving
ODH_MODELMESH_SERVING_CONTROLLER_GIT_COMMIT=bf8c0be89af72d2cb64f945b125cd98610378c30
ODH_DASHBOARD_GIT_URL=https://github.com/red-hat-data-services/odh-dashboard
ODH_DASHBOARD_GIT_COMMIT=cff16188bff6eb52cf28e353b23b40b62dd9755d
ODH_TRAINING_OPERATOR_GIT_URL=https://github.com/red-hat-data-services/training-operator
ODH_TRAINING_OPERATOR_GIT_COMMIT=6c22131a7ce5017d52bf6640ff9252cae264d499
ODH_FEAST_OPERATOR_GIT_URL=https://github.com/red-hat-data-services/feast
ODH_FEAST_OPERATOR_GIT_COMMIT=831cc27653e6cea7d2632f8ddf924e2128609264
ODH_LLAMA_STACK_K8S_OPERATOR_GIT_URL=https://github.com/red-hat-data-services/ogx-k8s-operator
ODH_LLAMA_STACK_K8S_OPERATOR_GIT_COMMIT=91213cf4e804e4c8ff3110312a4da84056242107
ODH_BUILT_IN_DETECTOR_GIT_URL=https://github.com/red-hat-data-services/guardrails-detectors
ODH_BUILT_IN_DETECTOR_GIT_COMMIT=72d5310ee0003e7864b558f58ed8719b0b9c4ac0
ODH_CAIKIT_NLP_GIT_URL=https://github.com/red-hat-data-services/caikit-nlp
ODH_CAIKIT_NLP_GIT_COMMIT=b355bc5633de9f7909761ac0134cd25201e067d8
ODH_CAIKIT_TGIS_SERVING_GIT_URL=https://github.com/red-hat-data-services/caikit-tgis-serving
ODH_CAIKIT_TGIS_SERVING_GIT_COMMIT=c7007d45ac9a63c0332b6a3ff405507fcf286faa
ODH_DATA_SCIENCE_PIPELINES_ARGO_ARGOEXEC_GIT_URL=https://github.com/red-hat-data-services/argo-workflows
ODH_DATA_SCIENCE_PIPELINES_ARGO_ARGOEXEC_GIT_COMMIT=d0fc91bf5e1cf082718b063b8f857c41c8cea691
ODH_DATA_SCIENCE_PIPELINES_ARGO_WORKFLOWCONTROLLER_GIT_URL=https://github.com/red-hat-data-services/argo-workflows
ODH_DATA_SCIENCE_PIPELINES_ARGO_WORKFLOWCONTROLLER_GIT_COMMIT=d0fc91bf5e1cf082718b063b8f857c41c8cea691
ODH_FEATURE_SERVER_GIT_URL=https://github.com/red-hat-data-services/feast
ODH_FEATURE_SERVER_GIT_COMMIT=831cc27653e6cea7d2632f8ddf924e2128609264
ODH_FMS_GUARDRAILS_ORCHESTRATOR_GIT_URL=https://github.com/red-hat-data-services/fms-guardrails-orchestrator
ODH_FMS_GUARDRAILS_ORCHESTRATOR_GIT_COMMIT=9771467d71ba206a5ad8d3c7efea6b809d9a5123
ODH_GUARDRAILS_DETECTOR_HUGGINGFACE_RUNTIME_GIT_URL=https://github.com/red-hat-data-services/guardrails-detectors
ODH_GUARDRAILS_DETECTOR_HUGGINGFACE_RUNTIME_GIT_COMMIT=0beb2868d8c354484ea935600f8b81ca418ce809
ODH_KSERVE_AGENT_GIT_URL=https://github.com/red-hat-data-services/kserve
ODH_KSERVE_AGENT_GIT_COMMIT=58e7f0f6d889933345394152903c95c62e6bd9c3
ODH_KSERVE_ROUTER_GIT_URL=https://github.com/red-hat-data-services/kserve
ODH_KSERVE_ROUTER_GIT_COMMIT=58e7f0f6d889933345394152903c95c62e6bd9c3
ODH_KSERVE_STORAGE_INITIALIZER_GIT_URL=https://github.com/red-hat-data-services/kserve
ODH_KSERVE_STORAGE_INITIALIZER_GIT_COMMIT=a554cec9f0a8e917b961f0487de3f44e555ad9fe
ODH_LLAMA_STACK_CORE_GIT_URL=https://gitlab.com/redhat/rhel-ai/llama-stack/containers
ODH_LLAMA_STACK_CORE_GIT_COMMIT=0e6144274c2ab955b79023ffffaf55a630113712
ODH_LLM_D_INFERENCE_SCHEDULER_GIT_URL=https://github.com/red-hat-data-services/llm-d-inference-scheduler
ODH_LLM_D_INFERENCE_SCHEDULER_GIT_COMMIT=75cf8f39d7a11cc3c031793df15121033f35c2aa
ODH_LLM_D_ROUTING_SIDECAR_GIT_URL=https://github.com/red-hat-data-services/llm-d-routing-sidecar
ODH_LLM_D_ROUTING_SIDECAR_GIT_COMMIT=37f8b7c54f5b3afc1260f4a7d4973f1456c4a717
ODH_MLMD_GRPC_SERVER_GIT_URL=https://github.com/red-hat-data-services/ml-metadata
ODH_MLMD_GRPC_SERVER_GIT_COMMIT=ffa5b8ff03943cf3e1d8626e68c3ac0e2482e8e7
ODH_ML_PIPELINES_API_SERVER_V2_GIT_URL=https://github.com/red-hat-data-services/data-science-pipelines
ODH_ML_PIPELINES_API_SERVER_V2_GIT_COMMIT=da3663db4c04815a6e8004cd9849ac4c04fb1f38
ODH_ML_PIPELINES_DRIVER_GIT_URL=https://github.com/red-hat-data-services/data-science-pipelines
ODH_ML_PIPELINES_DRIVER_GIT_COMMIT=621013bf78ade3722cc63fe6a7bec1125fe7e1d5
ODH_ML_PIPELINES_LAUNCHER_GIT_URL=https://github.com/red-hat-data-services/data-science-pipelines
ODH_ML_PIPELINES_LAUNCHER_GIT_COMMIT=621013bf78ade3722cc63fe6a7bec1125fe7e1d5
ODH_ML_PIPELINES_PERSISTENCEAGENT_V2_GIT_URL=https://github.com/red-hat-data-services/data-science-pipelines
ODH_ML_PIPELINES_PERSISTENCEAGENT_V2_GIT_COMMIT=621013bf78ade3722cc63fe6a7bec1125fe7e1d5
ODH_ML_PIPELINES_RUNTIME_GENERIC_GIT_URL=https://github.com/red-hat-data-services/ilab-on-ocp
ODH_ML_PIPELINES_RUNTIME_GENERIC_GIT_COMMIT=ecf815b3ced64df03e23b6b60ff86897d7e7f0d8
ODH_ML_PIPELINES_SCHEDULEDWORKFLOW_V2_GIT_URL=https://github.com/red-hat-data-services/data-science-pipelines
ODH_ML_PIPELINES_SCHEDULEDWORKFLOW_V2_GIT_COMMIT=621013bf78ade3722cc63fe6a7bec1125fe7e1d5
ODH_MM_REST_PROXY_GIT_URL=https://github.com/red-hat-data-services/rest-proxy
ODH_MM_REST_PROXY_GIT_COMMIT=6f58a3b1fe44055043eaf8488a001319f0411432
ODH_MODELMESH_GIT_URL=https://github.com/red-hat-data-services/modelmesh
ODH_MODELMESH_GIT_COMMIT=7f7c6e956a65f0d72553c5ef4405019259c1f764
ODH_MODELMESH_RUNTIME_ADAPTER_GIT_URL=https://github.com/red-hat-data-services/modelmesh-runtime-adapter
ODH_MODELMESH_RUNTIME_ADAPTER_GIT_COMMIT=afb655efcd0a3728749eab51bc828613a2d98f56
ODH_MODEL_METADATA_COLLECTION_GIT_URL=https://github.com/red-hat-data-services/model-metadata-collection
ODH_MODEL_METADATA_COLLECTION_GIT_COMMIT=064a4f0ffc5ec9077cf311a974bd8012f5c2569b
ODH_MODEL_REGISTRY_GIT_URL=https://github.com/red-hat-data-services/model-registry
ODH_MODEL_REGISTRY_GIT_COMMIT=e81f289ac96f54194243ff6cbb387d7a73ed9516
ODH_MODEL_REGISTRY_JOB_ASYNC_UPLOAD_GIT_URL=https://github.com/red-hat-data-services/model-registry
ODH_MODEL_REGISTRY_JOB_ASYNC_UPLOAD_GIT_COMMIT=e81f289ac96f54194243ff6cbb387d7a73ed9516
ODH_MOD_ARCH_MODEL_REGISTRY_GIT_URL=https://github.com/red-hat-data-services/odh-dashboard
ODH_MOD_ARCH_MODEL_REGISTRY_GIT_COMMIT=cff16188bff6eb52cf28e353b23b40b62dd9755d
ODH_MUST_GATHER_GIT_URL=https://github.com/red-hat-data-services/must-gather
ODH_MUST_GATHER_GIT_COMMIT=b6d2d76310d8b5dd47916dc182193f3b368bf346
ODH_OPENVINO_MODEL_SERVER_GIT_URL=https://github.com/red-hat-data-services/openvino_model_server
ODH_OPENVINO_MODEL_SERVER_GIT_COMMIT=1aef43cffbe4b1a6e13ff9b8eb76b8f923ef221f
ODH_PIPELINE_RUNTIME_DATASCIENCE_CPU_PY312_GIT_URL=https://github.com/red-hat-data-services/notebooks
ODH_PIPELINE_RUNTIME_DATASCIENCE_CPU_PY312_GIT_COMMIT=473b65d6ad08bd8e3ea304f179d1e2bfb3485e77
ODH_PIPELINE_RUNTIME_MINIMAL_CPU_PY312_GIT_URL=https://github.com/red-hat-data-services/notebooks
ODH_PIPELINE_RUNTIME_MINIMAL_CPU_PY312_GIT_COMMIT=473b65d6ad08bd8e3ea304f179d1e2bfb3485e77
ODH_PIPELINE_RUNTIME_PYTORCH_CUDA_PY312_GIT_URL=https://github.com/red-hat-data-services/notebooks
ODH_PIPELINE_RUNTIME_PYTORCH_CUDA_PY312_GIT_COMMIT=0bd467ecdc05cf5eb3a64409187cb3c2ea97bef4
ODH_PIPELINE_RUNTIME_PYTORCH_LLMCOMPRESSOR_CUDA_PY312_GIT_URL=https://github.com/red-hat-data-services/notebooks
ODH_PIPELINE_RUNTIME_PYTORCH_LLMCOMPRESSOR_CUDA_PY312_GIT_COMMIT=6cff3758c071ccf9f43c4fc00b89111154bd473b
ODH_PIPELINE_RUNTIME_PYTORCH_ROCM_PY312_GIT_URL=https://github.com/red-hat-data-services/notebooks
ODH_PIPELINE_RUNTIME_PYTORCH_ROCM_PY312_GIT_COMMIT=0bd467ecdc05cf5eb3a64409187cb3c2ea97bef4
ODH_PIPELINE_RUNTIME_TENSORFLOW_CUDA_PY312_GIT_URL=https://github.com/red-hat-data-services/notebooks
ODH_PIPELINE_RUNTIME_TENSORFLOW_CUDA_PY312_GIT_COMMIT=0bd467ecdc05cf5eb3a64409187cb3c2ea97bef4
ODH_PIPELINE_RUNTIME_TENSORFLOW_ROCM_PY312_GIT_URL=https://github.com/red-hat-data-services/notebooks
ODH_PIPELINE_RUNTIME_TENSORFLOW_ROCM_PY312_GIT_COMMIT=0bd467ecdc05cf5eb3a64409187cb3c2ea97bef4
ODH_TA_LMES_DRIVER_GIT_URL=https://github.com/red-hat-data-services/trustyai-service-operator
ODH_TA_LMES_DRIVER_GIT_COMMIT=1bb1711b8685a42e54e648e7def4983f34823123
ODH_TA_LMES_JOB_GIT_URL=https://github.com/red-hat-data-services/lm-evaluation-harness
ODH_TA_LMES_JOB_GIT_COMMIT=3b2952d4b56f34c90a27ed40207e211001471f41
ODH_TRUSTYAI_SERVICE_GIT_URL=https://github.com/red-hat-data-services/trustyai-explainability
ODH_TRUSTYAI_SERVICE_GIT_COMMIT=21b418210f1275983f874b1015fbd2d1e2296c20
ODH_TRUSTYAI_VLLM_ORCHESTRATOR_GATEWAY_GIT_URL=https://github.com/red-hat-data-services/vllm-orchestrator-gateway
ODH_TRUSTYAI_VLLM_ORCHESTRATOR_GATEWAY_GIT_COMMIT=bdd8840a486225a9ab9419bfbd5e0df299567e54
ODH_VLLM_CPU_GIT_URL=https://github.com/red-hat-data-services/vllm-cpu
ODH_VLLM_CPU_GIT_COMMIT=46e9fea4450d3bf98a158739dc7cccd163c25489
ODH_VLLM_CUDA_GIT_URL=https://github.com/red-hat-data-services/vllm
ODH_VLLM_CUDA_GIT_COMMIT=30aed549791764db21e40fab34b3388bac8db8af
ODH_VLLM_GAUDI_GIT_URL=https://github.com/red-hat-data-services/vllm-gaudi
ODH_VLLM_GAUDI_GIT_COMMIT=95c0aba2b3a26ebada5bc360755dd04617160b2a
ODH_VLLM_ROCM_GIT_URL=https://github.com/red-hat-data-services/vllm-rocm
ODH_VLLM_ROCM_GIT_COMMIT=b541dc7bf38a11a6fe8844b98e7fc96c391b6ce0
ODH_WORKBENCH_CODESERVER_DATASCIENCE_CPU_PY312_GIT_URL=https://github.com/red-hat-data-services/notebooks
ODH_WORKBENCH_CODESERVER_DATASCIENCE_CPU_PY312_GIT_COMMIT=473b65d6ad08bd8e3ea304f179d1e2bfb3485e77
ODH_WORKBENCH_JUPYTER_DATASCIENCE_CPU_PY312_GIT_URL=https://github.com/red-hat-data-services/notebooks
ODH_WORKBENCH_JUPYTER_DATASCIENCE_CPU_PY312_GIT_COMMIT=0bd467ecdc05cf5eb3a64409187cb3c2ea97bef4
ODH_WORKBENCH_JUPYTER_MINIMAL_CPU_PY312_GIT_URL=https://github.com/red-hat-data-services/notebooks
ODH_WORKBENCH_JUPYTER_MINIMAL_CPU_PY312_GIT_COMMIT=0bd467ecdc05cf5eb3a64409187cb3c2ea97bef4
ODH_WORKBENCH_JUPYTER_MINIMAL_CUDA_PY312_GIT_URL=https://github.com/red-hat-data-services/notebooks
ODH_WORKBENCH_JUPYTER_MINIMAL_CUDA_PY312_GIT_COMMIT=0bd467ecdc05cf5eb3a64409187cb3c2ea97bef4
ODH_WORKBENCH_JUPYTER_MINIMAL_ROCM_PY312_GIT_URL=https://github.com/red-hat-data-services/notebooks
ODH_WORKBENCH_JUPYTER_MINIMAL_ROCM_PY312_GIT_COMMIT=0bd467ecdc05cf5eb3a64409187cb3c2ea97bef4
ODH_WORKBENCH_JUPYTER_PYTORCH_CUDA_PY312_GIT_URL=https://github.com/red-hat-data-services/notebooks
ODH_WORKBENCH_JUPYTER_PYTORCH_CUDA_PY312_GIT_COMMIT=0bd467ecdc05cf5eb3a64409187cb3c2ea97bef4
ODH_WORKBENCH_JUPYTER_PYTORCH_LLMCOMPRESSOR_CUDA_PY312_GIT_URL=https://github.com/red-hat-data-services/notebooks
ODH_WORKBENCH_JUPYTER_PYTORCH_LLMCOMPRESSOR_CUDA_PY312_GIT_COMMIT=61d4bdb7814df857360fee3ff281b48126f8efb1
ODH_WORKBENCH_JUPYTER_PYTORCH_ROCM_PY312_GIT_URL=https://github.com/red-hat-data-services/notebooks
ODH_WORKBENCH_JUPYTER_PYTORCH_ROCM_PY312_GIT_COMMIT=0bd467ecdc05cf5eb3a64409187cb3c2ea97bef4
ODH_WORKBENCH_JUPYTER_TENSORFLOW_CUDA_PY312_GIT_URL=https://github.com/red-hat-data-services/notebooks
ODH_WORKBENCH_JUPYTER_TENSORFLOW_CUDA_PY312_GIT_COMMIT=0bd467ecdc05cf5eb3a64409187cb3c2ea97bef4
ODH_WORKBENCH_JUPYTER_TENSORFLOW_ROCM_PY312_GIT_URL=https://github.com/red-hat-data-services/notebooks
ODH_WORKBENCH_JUPYTER_TENSORFLOW_ROCM_PY312_GIT_COMMIT=0bd467ecdc05cf5eb3a64409187cb3c2ea97bef4
ODH_WORKBENCH_JUPYTER_TRUSTYAI_CPU_PY312_GIT_URL=https://github.com/red-hat-data-services/notebooks
ODH_WORKBENCH_JUPYTER_TRUSTYAI_CPU_PY312_GIT_COMMIT=473b65d6ad08bd8e3ea304f179d1e2bfb3485e77
