RBC_RELEASE_BRANCH_COMMIT_225=677fcbf99039548dfca15d72dc5d805c7d5f397f
ODH_OPERATOR_BUNDLE_GIT_COMMIT=94c6bcef05cabe8d5ed287f82591014068eb5212
ODH_OPERATOR_BUNDLE_GIT_URL=https://gitlab.cee.redhat.com/rhoai/private/RHOAI-Build-Config
ODH_BUILT_IN_DETECTOR_GIT_COMMIT=b9414da28fd560938d1cbe4627d20cd290e2f1d6
ODH_BUILT_IN_DETECTOR_GIT_URL=https://gitlab.cee.redhat.com/rhoai/private/guardrails-detectors
ODH_CAIKIT_NLP_GIT_COMMIT=587fc10e0602680b5245b0655e1eb9ccaec805a1
ODH_CAIKIT_NLP_GIT_URL=https://gitlab.cee.redhat.com/rhoai/private/caikit-nlp
ODH_CAIKIT_TGIS_SERVING_GIT_COMMIT=39e14ca94ba7906c4fdcb80421d89dc66f8b4776
ODH_CAIKIT_TGIS_SERVING_GIT_URL=https://github.com/red-hat-data-services/caikit-tgis-serving
ODH_CODEFLARE_OPERATOR_GIT_COMMIT=9c5b04acb5cae8687adb77f69e89e2f8e3559bcf
ODH_CODEFLARE_OPERATOR_GIT_URL=https://github.com/red-hat-data-services/codeflare-operator
ODH_DASHBOARD_GIT_COMMIT=7a21160c8c8614916e3bab0aae1751ce966d68df
ODH_DASHBOARD_GIT_URL=https://gitlab.cee.redhat.com/rhoai/private/odh-dashboard
ODH_DATA_SCIENCE_PIPELINES_ARGO_ARGOEXEC_GIT_COMMIT=ce779d954563aa04842f1e01c91f09d6257710d7
ODH_DATA_SCIENCE_PIPELINES_ARGO_ARGOEXEC_GIT_URL=https://gitlab.cee.redhat.com/rhoai/private/argo-workflows
ODH_DATA_SCIENCE_PIPELINES_ARGO_WORKFLOWCONTROLLER_GIT_COMMIT=ce779d954563aa04842f1e01c91f09d6257710d7
ODH_DATA_SCIENCE_PIPELINES_ARGO_WORKFLOWCONTROLLER_GIT_URL=https://gitlab.cee.redhat.com/rhoai/private/argo-workflows
ODH_DATA_SCIENCE_PIPELINES_OPERATOR_CONTROLLER_GIT_COMMIT=2c6ba7733de93456900454a2d9c1c37b481b74d0
ODH_DATA_SCIENCE_PIPELINES_OPERATOR_CONTROLLER_GIT_URL=https://gitlab.cee.redhat.com/rhoai/private/data-science-pipelines-operator
ODH_FEAST_OPERATOR_GIT_COMMIT=3f8163df6e8808ef3fbe5bc267cb2993f8496090
ODH_FEAST_OPERATOR_GIT_URL=https://gitlab.cee.redhat.com/rhoai/private/feast
ODH_FEATURE_SERVER_GIT_COMMIT=4937c9c515dea82e8ebbad980e59ed89eae1e0b6
ODH_FEATURE_SERVER_GIT_URL=https://gitlab.cee.redhat.com/rhoai/private/feast
ODH_FMS_GUARDRAILS_ORCHESTRATOR_GIT_COMMIT=95ee3161b793247bee72d5cfdbe0779f781975ca
ODH_FMS_GUARDRAILS_ORCHESTRATOR_GIT_URL=https://github.com/red-hat-data-services/fms-guardrails-orchestrator
ODH_GUARDRAILS_DETECTOR_HUGGINGFACE_RUNTIME_GIT_COMMIT=a68212780c31acfafe5c4cc4881b867a07c62810
ODH_GUARDRAILS_DETECTOR_HUGGINGFACE_RUNTIME_GIT_URL=https://gitlab.cee.redhat.com/rhoai/private/guardrails-detectors
ODH_KF_NOTEBOOK_CONTROLLER_GIT_COMMIT=48cd87192c869a834d590cd18967755aa57cb0b3
ODH_KF_NOTEBOOK_CONTROLLER_GIT_URL=https://gitlab.cee.redhat.com/rhoai/private/kubeflow
ODH_KSERVE_AGENT_GIT_COMMIT=66f46c729bb91aa6d0a7c8afcf660b9875e4eccc
ODH_KSERVE_AGENT_GIT_URL=https://github.com/red-hat-data-services/kserve
ODH_KSERVE_CONTROLLER_GIT_COMMIT=66f46c729bb91aa6d0a7c8afcf660b9875e4eccc
ODH_KSERVE_CONTROLLER_GIT_URL=https://github.com/red-hat-data-services/kserve
ODH_KSERVE_ROUTER_GIT_COMMIT=66f46c729bb91aa6d0a7c8afcf660b9875e4eccc
ODH_KSERVE_ROUTER_GIT_URL=https://github.com/red-hat-data-services/kserve
ODH_KSERVE_STORAGE_INITIALIZER_GIT_COMMIT=66f46c729bb91aa6d0a7c8afcf660b9875e4eccc
ODH_KSERVE_STORAGE_INITIALIZER_GIT_URL=https://github.com/red-hat-data-services/kserve
ODH_KUBERAY_OPERATOR_CONTROLLER_GIT_COMMIT=3b889e25da53d6d38cb644ff95918340ac8f9c52
ODH_KUBERAY_OPERATOR_CONTROLLER_GIT_URL=https://github.com/red-hat-data-services/kuberay
ODH_KUEUE_CONTROLLER_GIT_COMMIT=dc65d380662f0e696af713122a2e5d75705cbf03
ODH_KUEUE_CONTROLLER_GIT_URL=https://github.com/red-hat-data-services/kueue
ODH_LLAMA_STACK_CORE_GIT_COMMIT=87ec1bdd899e68c817d638071abb8b2fb45d09ad
ODH_LLAMA_STACK_CORE_GIT_URL=https://gitlab.com/redhat/rhel-ai/llama-stack/containers
ODH_LLAMA_STACK_K8S_OPERATOR_GIT_COMMIT=5feccfd490b98c5ce35fabaefd1b8994b659a71f
ODH_LLAMA_STACK_K8S_OPERATOR_GIT_URL=https://github.com/red-hat-data-services/ogx-k8s-operator
ODH_LLM_D_INFERENCE_SCHEDULER_GIT_COMMIT=4e5d31b89615ce5a9b9692711b8e8bb1b32d1460
ODH_LLM_D_INFERENCE_SCHEDULER_GIT_URL=https://github.com/red-hat-data-services/llm-d-inference-scheduler
ODH_LLM_D_ROUTING_SIDECAR_GIT_COMMIT=9e8ab668345fb684d8d53f56d03a8d4a2804ba79
ODH_LLM_D_ROUTING_SIDECAR_GIT_URL=https://github.com/red-hat-data-services/llm-d-routing-sidecar
ODH_ML_PIPELINES_API_SERVER_V2_GIT_COMMIT=0111d2245889939d556bea557e5f5a512c57bb52
ODH_ML_PIPELINES_API_SERVER_V2_GIT_URL=https://gitlab.cee.redhat.com/rhoai/private/data-science-pipelines
ODH_ML_PIPELINES_DRIVER_GIT_COMMIT=0111d2245889939d556bea557e5f5a512c57bb52
ODH_ML_PIPELINES_DRIVER_GIT_URL=https://gitlab.cee.redhat.com/rhoai/private/data-science-pipelines
ODH_ML_PIPELINES_LAUNCHER_GIT_COMMIT=cdfb84bc34160e0c5e67d2ec321a8350d0fc8b21
ODH_ML_PIPELINES_LAUNCHER_GIT_URL=https://gitlab.cee.redhat.com/rhoai/private/data-science-pipelines
ODH_ML_PIPELINES_PERSISTENCEAGENT_V2_GIT_COMMIT=0111d2245889939d556bea557e5f5a512c57bb52
ODH_ML_PIPELINES_PERSISTENCEAGENT_V2_GIT_URL=https://gitlab.cee.redhat.com/rhoai/private/data-science-pipelines
ODH_ML_PIPELINES_RUNTIME_GENERIC_GIT_COMMIT=e65fb9870c3324edd3a5b3ae9003ffa5f948338c
ODH_ML_PIPELINES_RUNTIME_GENERIC_GIT_URL=https://github.com/red-hat-data-services/ilab-on-ocp
ODH_ML_PIPELINES_SCHEDULEDWORKFLOW_V2_GIT_COMMIT=0111d2245889939d556bea557e5f5a512c57bb52
ODH_ML_PIPELINES_SCHEDULEDWORKFLOW_V2_GIT_URL=https://gitlab.cee.redhat.com/rhoai/private/data-science-pipelines
ODH_MLMD_GRPC_SERVER_GIT_COMMIT=862280091db53ade1477e712b5aae7bc4078b7d8
ODH_MLMD_GRPC_SERVER_GIT_URL=https://gitlab.cee.redhat.com/rhoai/private/ml-metadata
ODH_MM_REST_PROXY_GIT_COMMIT=d0357aaef2fbb79ec5f75174dcfb9ab1c63c9b53
ODH_MM_REST_PROXY_GIT_URL=https://github.com/red-hat-data-services/rest-proxy
ODH_MOD_ARCH_MODEL_REGISTRY_GIT_COMMIT=86f7861dba89f7e7477e56a410ab219ffc45ef57
ODH_MOD_ARCH_MODEL_REGISTRY_GIT_URL=https://gitlab.cee.redhat.com/rhoai/private/odh-dashboard
ODH_MODEL_CONTROLLER_GIT_COMMIT=df0c85fd70b1edc8fb205f6c5222b809c06e594a
ODH_MODEL_CONTROLLER_GIT_URL=https://gitlab.cee.redhat.com/rhoai/private/odh-model-controller
ODH_MODEL_METADATA_COLLECTION_GIT_COMMIT=af7479c3d38bb5ee1e344d11e76d760aad9079f2
ODH_MODEL_METADATA_COLLECTION_GIT_URL=https://github.com/red-hat-data-services/model-metadata-collection
ODH_MODEL_REGISTRY_JOB_ASYNC_UPLOAD_GIT_COMMIT=1cf16ad388e0a1056e6b0fddac8a906203cb6852
ODH_MODEL_REGISTRY_JOB_ASYNC_UPLOAD_GIT_URL=https://github.com/red-hat-data-services/model-registry
ODH_MODEL_REGISTRY_OPERATOR_GIT_COMMIT=a6e74b36eb6919d47f4ff2b039d792caba14e936
ODH_MODEL_REGISTRY_OPERATOR_GIT_URL=https://github.com/red-hat-data-services/model-registry-operator
ODH_MODEL_REGISTRY_GIT_COMMIT=66e947b84f23285bd417c30847213824435b6ee3
ODH_MODEL_REGISTRY_GIT_URL=https://github.com/red-hat-data-services/model-registry
ODH_MODELMESH_RUNTIME_ADAPTER_GIT_COMMIT=dfb69dc5414940366e199455598a3c21f61dbb67
ODH_MODELMESH_RUNTIME_ADAPTER_GIT_URL=https://github.com/red-hat-data-services/modelmesh-runtime-adapter
ODH_MODELMESH_SERVING_CONTROLLER_GIT_COMMIT=c732d18aa84426021493de0bf3038832c12c8cab
ODH_MODELMESH_SERVING_CONTROLLER_GIT_URL=https://github.com/red-hat-data-services/modelmesh-serving
ODH_MODELMESH_GIT_COMMIT=7b8ab742f97fec03fb7ba9ddd549385e7a299e41
ODH_MODELMESH_GIT_URL=https://github.com/red-hat-data-services/modelmesh
ODH_MUST_GATHER_GIT_COMMIT=573dc67177788677a272d881f58460688526fe9a
ODH_MUST_GATHER_GIT_URL=https://github.com/red-hat-data-services/must-gather
ODH_NOTEBOOK_CONTROLLER_GIT_COMMIT=48cd87192c869a834d590cd18967755aa57cb0b3
ODH_NOTEBOOK_CONTROLLER_GIT_URL=https://gitlab.cee.redhat.com/rhoai/private/kubeflow
ODH_OPENVINO_MODEL_SERVER_GIT_COMMIT=64b9e4df52a13fb2c69a6b5848169fccd787ff71
ODH_OPENVINO_MODEL_SERVER_GIT_URL=https://github.com/red-hat-data-services/openvino_model_server
ODH_PIPELINE_RUNTIME_DATASCIENCE_CPU_PY312_GIT_COMMIT=d30e9530e1a1e0ee218e4089e48288023f47ea96
ODH_PIPELINE_RUNTIME_DATASCIENCE_CPU_PY312_GIT_URL=https://github.com/red-hat-data-services/notebooks
ODH_PIPELINE_RUNTIME_MINIMAL_CPU_PY312_GIT_COMMIT=d30e9530e1a1e0ee218e4089e48288023f47ea96
ODH_PIPELINE_RUNTIME_MINIMAL_CPU_PY312_GIT_URL=https://github.com/red-hat-data-services/notebooks
ODH_PIPELINE_RUNTIME_PYTORCH_CUDA_PY312_GIT_COMMIT=78619bf311ad07d30abf32fcc544eefdb7edecba
ODH_PIPELINE_RUNTIME_PYTORCH_CUDA_PY312_GIT_URL=https://github.com/red-hat-data-services/notebooks
ODH_PIPELINE_RUNTIME_PYTORCH_LLMCOMPRESSOR_CUDA_PY312_GIT_COMMIT=08f4fe374e340279312bbbc8f9e85fa86c2233d3
ODH_PIPELINE_RUNTIME_PYTORCH_LLMCOMPRESSOR_CUDA_PY312_GIT_URL=https://github.com/red-hat-data-services/notebooks
ODH_PIPELINE_RUNTIME_PYTORCH_ROCM_PY312_GIT_COMMIT=ab66e21dae12fc0f219785caba3e9091387f566e
ODH_PIPELINE_RUNTIME_PYTORCH_ROCM_PY312_GIT_URL=https://github.com/red-hat-data-services/notebooks
ODH_PIPELINE_RUNTIME_TENSORFLOW_CUDA_PY312_GIT_COMMIT=78619bf311ad07d30abf32fcc544eefdb7edecba
ODH_PIPELINE_RUNTIME_TENSORFLOW_CUDA_PY312_GIT_URL=https://github.com/red-hat-data-services/notebooks
ODH_PIPELINE_RUNTIME_TENSORFLOW_ROCM_PY312_GIT_COMMIT=ab66e21dae12fc0f219785caba3e9091387f566e
ODH_PIPELINE_RUNTIME_TENSORFLOW_ROCM_PY312_GIT_URL=https://github.com/red-hat-data-services/notebooks
ODH_RHEL9_OPERATOR_GIT_COMMIT=ddd1e51dbcd7d764c9a38605a268081524b72036
ODH_RHEL9_OPERATOR_GIT_URL=https://gitlab.cee.redhat.com/rhoai/private/rhods-operator
ODH_TA_LMES_DRIVER_GIT_COMMIT=4d8a40e60b449ab3aec3cd4fbe1f0b231efe6330
ODH_TA_LMES_DRIVER_GIT_URL=https://gitlab.cee.redhat.com/rhoai/private/trustyai-service-operator
ODH_TA_LMES_JOB_GIT_COMMIT=65a50e36345459200e1e0fa985c3f79a32f4fcd5
ODH_TA_LMES_JOB_GIT_URL=https://gitlab.cee.redhat.com/rhoai/private/lm-evaluation-harness
ODH_TRAINING_CUDA121_TORCH24_PY311_GIT_COMMIT=db30887e8abc64a4e09a9996f872a31f6e0d6892
ODH_TRAINING_CUDA121_TORCH24_PY311_GIT_URL=https://github.com/red-hat-data-services/distributed-workloads
ODH_TRAINING_CUDA124_TORCH25_PY311_GIT_COMMIT=db30887e8abc64a4e09a9996f872a31f6e0d6892
ODH_TRAINING_CUDA124_TORCH25_PY311_GIT_URL=https://github.com/red-hat-data-services/distributed-workloads
ODH_TRAINING_OPERATOR_GIT_COMMIT=a54fbd2fd41728999ccf6e55e24a2db41a0d6e03
ODH_TRAINING_OPERATOR_GIT_URL=https://gitlab.cee.redhat.com/rhoai/private/training-operator
ODH_TRAINING_ROCM62_TORCH24_PY311_GIT_COMMIT=db30887e8abc64a4e09a9996f872a31f6e0d6892
ODH_TRAINING_ROCM62_TORCH24_PY311_GIT_URL=https://github.com/red-hat-data-services/distributed-workloads
ODH_TRAINING_ROCM62_TORCH25_PY311_GIT_COMMIT=db30887e8abc64a4e09a9996f872a31f6e0d6892
ODH_TRAINING_ROCM62_TORCH25_PY311_GIT_URL=https://github.com/red-hat-data-services/distributed-workloads
ODH_TRUSTYAI_SERVICE_OPERATOR_GIT_COMMIT=4d8a40e60b449ab3aec3cd4fbe1f0b231efe6330
ODH_TRUSTYAI_SERVICE_OPERATOR_GIT_URL=https://gitlab.cee.redhat.com/rhoai/private/trustyai-service-operator
ODH_TRUSTYAI_SERVICE_GIT_COMMIT=f33fc2dd07514c630b61a24923008c34edced2b0
ODH_TRUSTYAI_SERVICE_GIT_URL=https://github.com/red-hat-data-services/trustyai-explainability
ODH_TRUSTYAI_VLLM_ORCHESTRATOR_GATEWAY_GIT_COMMIT=79bc24831e3197a7a05c67c0f079a36fcaf773e8
ODH_TRUSTYAI_VLLM_ORCHESTRATOR_GATEWAY_GIT_URL=https://gitlab.cee.redhat.com/rhoai/private/vllm-orchestrator-gateway
ODH_VLLM_CPU_GIT_COMMIT=39c96753a087248dcd367373b65159531efcdaf8
ODH_VLLM_CPU_GIT_URL=https://github.com/red-hat-data-services/vllm-cpu
ODH_VLLM_CUDA_GIT_COMMIT=10a618a122b99aec9d519059e00fd99bbe438ea6
ODH_VLLM_CUDA_GIT_URL=https://github.com/red-hat-data-services/vllm
ODH_VLLM_GAUDI_GIT_COMMIT=1dc53a0cb469ca8c4da9018d8722a0420ee8ec6f
ODH_VLLM_GAUDI_GIT_URL=https://github.com/red-hat-data-services/vllm-gaudi
ODH_VLLM_ROCM_GIT_COMMIT=d5d166dba152346026695abf8595310ccbe2f04c
ODH_VLLM_ROCM_GIT_URL=https://github.com/red-hat-data-services/vllm-rocm
ODH_WORKBENCH_CODESERVER_DATASCIENCE_CPU_PY312_GIT_COMMIT=c985e1117cea03fb07cffb39afc6fe383404361c
ODH_WORKBENCH_CODESERVER_DATASCIENCE_CPU_PY312_GIT_URL=https://github.com/red-hat-data-services/notebooks
ODH_WORKBENCH_JUPYTER_DATASCIENCE_CPU_PY312_GIT_COMMIT=d30e9530e1a1e0ee218e4089e48288023f47ea96
ODH_WORKBENCH_JUPYTER_DATASCIENCE_CPU_PY312_GIT_URL=https://github.com/red-hat-data-services/notebooks
ODH_WORKBENCH_JUPYTER_MINIMAL_CPU_PY312_GIT_COMMIT=d30e9530e1a1e0ee218e4089e48288023f47ea96
ODH_WORKBENCH_JUPYTER_MINIMAL_CPU_PY312_GIT_URL=https://github.com/red-hat-data-services/notebooks
ODH_WORKBENCH_JUPYTER_MINIMAL_CUDA_PY312_GIT_COMMIT=ab66e21dae12fc0f219785caba3e9091387f566e
ODH_WORKBENCH_JUPYTER_MINIMAL_CUDA_PY312_GIT_URL=https://github.com/red-hat-data-services/notebooks
ODH_WORKBENCH_JUPYTER_MINIMAL_ROCM_PY312_GIT_COMMIT=ab66e21dae12fc0f219785caba3e9091387f566e
ODH_WORKBENCH_JUPYTER_MINIMAL_ROCM_PY312_GIT_URL=https://github.com/red-hat-data-services/notebooks
ODH_WORKBENCH_JUPYTER_PYTORCH_CUDA_PY312_GIT_COMMIT=78619bf311ad07d30abf32fcc544eefdb7edecba
ODH_WORKBENCH_JUPYTER_PYTORCH_CUDA_PY312_GIT_URL=https://github.com/red-hat-data-services/notebooks
ODH_WORKBENCH_JUPYTER_PYTORCH_LLMCOMPRESSOR_CUDA_PY312_GIT_COMMIT=08f4fe374e340279312bbbc8f9e85fa86c2233d3
ODH_WORKBENCH_JUPYTER_PYTORCH_LLMCOMPRESSOR_CUDA_PY312_GIT_URL=https://github.com/red-hat-data-services/notebooks
ODH_WORKBENCH_JUPYTER_PYTORCH_ROCM_PY312_GIT_COMMIT=ab66e21dae12fc0f219785caba3e9091387f566e
ODH_WORKBENCH_JUPYTER_PYTORCH_ROCM_PY312_GIT_URL=https://github.com/red-hat-data-services/notebooks
ODH_WORKBENCH_JUPYTER_TENSORFLOW_CUDA_PY312_GIT_COMMIT=78619bf311ad07d30abf32fcc544eefdb7edecba
ODH_WORKBENCH_JUPYTER_TENSORFLOW_CUDA_PY312_GIT_URL=https://github.com/red-hat-data-services/notebooks
ODH_WORKBENCH_JUPYTER_TENSORFLOW_ROCM_PY312_GIT_COMMIT=ab66e21dae12fc0f219785caba3e9091387f566e
ODH_WORKBENCH_JUPYTER_TENSORFLOW_ROCM_PY312_GIT_URL=https://github.com/red-hat-data-services/notebooks
ODH_WORKBENCH_JUPYTER_TRUSTYAI_CPU_PY312_GIT_COMMIT=78619bf311ad07d30abf32fcc544eefdb7edecba
ODH_WORKBENCH_JUPYTER_TRUSTYAI_CPU_PY312_GIT_URL=https://github.com/red-hat-data-services/notebooks
RBC_RELEASE_BRANCH_COMMIT_33=53978322597e7beeb83ee48eca1143c4db5b77dd
ODH_OPERATOR_BUNDLE_GIT_COMMIT=fe7b5b4644a2c49aa68015b6b679f85a7ad98412
ODH_OPERATOR_BUNDLE_GIT_URL=https://gitlab.cee.redhat.com/rhoai/private/RHOAI-Build-Config
ODH_BUILT_IN_DETECTOR_GIT_COMMIT=b7d5353a3c58f2c049c947c2f9419b26d467b16d
ODH_BUILT_IN_DETECTOR_GIT_URL=https://gitlab.cee.redhat.com/rhoai/private/guardrails-detectors
ODH_CLI_GIT_COMMIT=63689d4d71fcc61e8df9e42bcade49f1f699581f
ODH_CLI_GIT_URL=https://github.com/red-hat-data-services/odh-cli
ODH_DASHBOARD_GIT_COMMIT=ebfd5008514e5f1296be7ffec1783ee23f52824c
ODH_DASHBOARD_GIT_URL=https://gitlab.cee.redhat.com/rhoai/private/odh-dashboard
ODH_DATA_SCIENCE_PIPELINES_ARGO_ARGOEXEC_GIT_COMMIT=f0df13ba692ebe0866ee42b468dda41e28f70741
ODH_DATA_SCIENCE_PIPELINES_ARGO_ARGOEXEC_GIT_URL=https://gitlab.cee.redhat.com/rhoai/private/argo-workflows
ODH_DATA_SCIENCE_PIPELINES_ARGO_WORKFLOWCONTROLLER_GIT_COMMIT=f0df13ba692ebe0866ee42b468dda41e28f70741
ODH_DATA_SCIENCE_PIPELINES_ARGO_WORKFLOWCONTROLLER_GIT_URL=https://gitlab.cee.redhat.com/rhoai/private/argo-workflows
ODH_DATA_SCIENCE_PIPELINES_OPERATOR_CONTROLLER_GIT_COMMIT=710fa5176496e7ba4ee39bd50694153a000f16b3
ODH_DATA_SCIENCE_PIPELINES_OPERATOR_CONTROLLER_GIT_URL=https://gitlab.cee.redhat.com/rhoai/private/data-science-pipelines-operator
ODH_FEAST_OPERATOR_GIT_COMMIT=de205dbaec40dd18d00949c559e7c0152fb12378
ODH_FEAST_OPERATOR_GIT_URL=https://gitlab.cee.redhat.com/rhoai/private/feast
ODH_FEATURE_SERVER_GIT_COMMIT=d1e2c12e5d270c8cfadafd3c1377bddddab6c641
ODH_FEATURE_SERVER_GIT_URL=https://gitlab.cee.redhat.com/rhoai/private/feast
ODH_FMS_GUARDRAILS_ORCHESTRATOR_GIT_COMMIT=e3e9645b4c115222182431fd9ec406456677654b
ODH_FMS_GUARDRAILS_ORCHESTRATOR_GIT_URL=https://github.com/red-hat-data-services/fms-guardrails-orchestrator
ODH_GUARDRAILS_DETECTOR_HUGGINGFACE_RUNTIME_GIT_COMMIT=494c5e682bdc4c48d68b522cb59329fc04acb704
ODH_GUARDRAILS_DETECTOR_HUGGINGFACE_RUNTIME_GIT_URL=https://gitlab.cee.redhat.com/rhoai/private/guardrails-detectors
ODH_KF_NOTEBOOK_CONTROLLER_GIT_COMMIT=22ce12e4c21727204f84381b6ed32a0e7dd78366
ODH_KF_NOTEBOOK_CONTROLLER_GIT_URL=https://gitlab.cee.redhat.com/rhoai/private/kubeflow
ODH_KSERVE_AGENT_GIT_COMMIT=0dcf5fce9094a59263feed2fcd01b3cebb6f3cb0
ODH_KSERVE_AGENT_GIT_URL=https://github.com/red-hat-data-services/kserve
ODH_KSERVE_CONTROLLER_GIT_COMMIT=0dcf5fce9094a59263feed2fcd01b3cebb6f3cb0
ODH_KSERVE_CONTROLLER_GIT_URL=https://github.com/red-hat-data-services/kserve
ODH_KSERVE_ROUTER_GIT_COMMIT=0dcf5fce9094a59263feed2fcd01b3cebb6f3cb0
ODH_KSERVE_ROUTER_GIT_URL=https://github.com/red-hat-data-services/kserve
ODH_KSERVE_STORAGE_INITIALIZER_GIT_COMMIT=0dcf5fce9094a59263feed2fcd01b3cebb6f3cb0
ODH_KSERVE_STORAGE_INITIALIZER_GIT_URL=https://github.com/red-hat-data-services/kserve
ODH_KUBE_AUTH_PROXY_GIT_COMMIT=405013c1a9e4dcc1c0df8467752664bd0b812291
ODH_KUBE_AUTH_PROXY_GIT_URL=https://github.com/red-hat-data-services/kube-auth-proxy
ODH_KUBERAY_OPERATOR_CONTROLLER_GIT_COMMIT=2982a7b65368b700333999d3de0f34934def5847
ODH_KUBERAY_OPERATOR_CONTROLLER_GIT_URL=https://github.com/red-hat-data-services/kuberay
ODH_LLAMA_STACK_CORE_GIT_COMMIT=f8f898396971e2e4e6b50fb89e4de0761d92bed8
ODH_LLAMA_STACK_CORE_GIT_URL=https://github.com/red-hat-data-services/ogx-distribution
ODH_LLAMA_STACK_K8S_OPERATOR_GIT_COMMIT=0a85f6593f3b3f794bb7a00d98a3e237fb20c921
ODH_LLAMA_STACK_K8S_OPERATOR_GIT_URL=https://github.com/red-hat-data-services/ogx-k8s-operator
ODH_LLM_D_INFERENCE_SCHEDULER_GIT_COMMIT=0a593cea7362e723750b93bc25142f82a25ec22f
ODH_LLM_D_INFERENCE_SCHEDULER_GIT_URL=https://github.com/red-hat-data-services/llm-d-inference-scheduler
ODH_LLM_D_ROUTING_SIDECAR_GIT_COMMIT=0a593cea7362e723750b93bc25142f82a25ec22f
ODH_LLM_D_ROUTING_SIDECAR_GIT_URL=https://github.com/red-hat-data-services/llm-d-inference-scheduler
ODH_MAAS_API_GIT_COMMIT=eb570670a7cdb90ed76e9e8b309a65b5a4c024dd
ODH_MAAS_API_GIT_URL=https://github.com/red-hat-data-services/models-as-a-service
ODH_ML_PIPELINES_API_SERVER_V2_GIT_COMMIT=00273362d6dee83d826868c6e9200a7c0a7d9332
ODH_ML_PIPELINES_API_SERVER_V2_GIT_URL=https://gitlab.cee.redhat.com/rhoai/private/data-science-pipelines
ODH_ML_PIPELINES_DRIVER_GIT_COMMIT=00273362d6dee83d826868c6e9200a7c0a7d9332
ODH_ML_PIPELINES_DRIVER_GIT_URL=https://gitlab.cee.redhat.com/rhoai/private/data-science-pipelines
ODH_ML_PIPELINES_LAUNCHER_GIT_COMMIT=00273362d6dee83d826868c6e9200a7c0a7d9332
ODH_ML_PIPELINES_LAUNCHER_GIT_URL=https://gitlab.cee.redhat.com/rhoai/private/data-science-pipelines
ODH_ML_PIPELINES_PERSISTENCEAGENT_V2_GIT_COMMIT=00273362d6dee83d826868c6e9200a7c0a7d9332
ODH_ML_PIPELINES_PERSISTENCEAGENT_V2_GIT_URL=https://gitlab.cee.redhat.com/rhoai/private/data-science-pipelines
ODH_ML_PIPELINES_SCHEDULEDWORKFLOW_V2_GIT_COMMIT=00273362d6dee83d826868c6e9200a7c0a7d9332
ODH_ML_PIPELINES_SCHEDULEDWORKFLOW_V2_GIT_URL=https://gitlab.cee.redhat.com/rhoai/private/data-science-pipelines
ODH_MLFLOW_GIT_COMMIT=ff0f2c5dd9a9d8880e55bd3c41953f0fb7d52b39
ODH_MLFLOW_GIT_URL=https://github.com/red-hat-data-services/mlflow
ODH_MLMD_GRPC_SERVER_GIT_COMMIT=c3db9086c8da21e366070df938b84e29b5a3764e
ODH_MLMD_GRPC_SERVER_GIT_URL=https://gitlab.cee.redhat.com/rhoai/private/ml-metadata
ODH_MLSERVER_GIT_COMMIT=24597183d0c79e53f2f9827fddcef43f43ed2883
ODH_MLSERVER_GIT_URL=https://github.com/red-hat-data-services/MLServer
ODH_MOD_ARCH_GEN_AI_GIT_COMMIT=de4e521eca65fcabd6aa532ccd1a3fbcfea6d95b
ODH_MOD_ARCH_GEN_AI_GIT_URL=https://gitlab.cee.redhat.com/rhoai/private/odh-dashboard
ODH_MOD_ARCH_MAAS_GIT_COMMIT=ebfd5008514e5f1296be7ffec1783ee23f52824c
ODH_MOD_ARCH_MAAS_GIT_URL=https://gitlab.cee.redhat.com/rhoai/private/odh-dashboard
ODH_MOD_ARCH_MODEL_REGISTRY_GIT_COMMIT=de4e521eca65fcabd6aa532ccd1a3fbcfea6d95b
ODH_MOD_ARCH_MODEL_REGISTRY_GIT_URL=https://gitlab.cee.redhat.com/rhoai/private/odh-dashboard
ODH_MODEL_CONTROLLER_GIT_COMMIT=548049e0a21cf53ba4aa9e77850b0b7fb528db65
ODH_MODEL_CONTROLLER_GIT_URL=https://gitlab.cee.redhat.com/rhoai/private/odh-model-controller
ODH_MODEL_METADATA_COLLECTION_GIT_COMMIT=f5ade1f1f947a8e638db7742de8f5c7af2ab66be
ODH_MODEL_METADATA_COLLECTION_GIT_URL=https://github.com/red-hat-data-services/model-metadata-collection
ODH_MODEL_PERFORMANCE_DATA_GIT_COMMIT=e10246f13e747525f2bcc7c1a94a2967e6914f64
ODH_MODEL_PERFORMANCE_DATA_GIT_URL=https://github.com/red-hat-data-services/models-perf-benchmark-data
ODH_MODEL_REGISTRY_JOB_ASYNC_UPLOAD_GIT_COMMIT=2d7d7f9118f986b09cdc5d3e16411afc959a56fd
ODH_MODEL_REGISTRY_JOB_ASYNC_UPLOAD_GIT_URL=https://github.com/red-hat-data-services/model-registry
ODH_MODEL_REGISTRY_OPERATOR_GIT_COMMIT=aee4d01600afff1933ff9e0e076c7562b5e85b26
ODH_MODEL_REGISTRY_OPERATOR_GIT_URL=https://github.com/red-hat-data-services/model-registry-operator
ODH_MODEL_REGISTRY_GIT_COMMIT=b0ceb13b6fc4565ea51617daa9f2656c559bbb5c
ODH_MODEL_REGISTRY_GIT_URL=https://github.com/red-hat-data-services/model-registry
ODH_MUST_GATHER_GIT_COMMIT=db981125688b4578be6989275927fb8a4994fd1d
ODH_MUST_GATHER_GIT_URL=https://github.com/red-hat-data-services/must-gather
ODH_NOTEBOOK_CONTROLLER_GIT_COMMIT=22ce12e4c21727204f84381b6ed32a0e7dd78366
ODH_NOTEBOOK_CONTROLLER_GIT_URL=https://gitlab.cee.redhat.com/rhoai/private/kubeflow
ODH_OPENVINO_MODEL_SERVER_GIT_COMMIT=f51faeb9cb204f7778ff1539f9c0fa9f309f6d99
ODH_OPENVINO_MODEL_SERVER_GIT_URL=https://github.com/red-hat-data-services/openvino_model_server
ODH_OPERATOR_GIT_COMMIT=62a4cc2329a6457c5c83357d2f91f52500d94692
ODH_OPERATOR_GIT_URL=https://gitlab.cee.redhat.com/rhoai/private/rhods-operator
ODH_PIPELINE_RUNTIME_DATASCIENCE_CPU_PY312_GIT_COMMIT=601928d3f91ddd82be56e310b92aed808aebef70
ODH_PIPELINE_RUNTIME_DATASCIENCE_CPU_PY312_GIT_URL=https://github.com/red-hat-data-services/notebooks
ODH_PIPELINE_RUNTIME_MINIMAL_CPU_PY312_GIT_COMMIT=601928d3f91ddd82be56e310b92aed808aebef70
ODH_PIPELINE_RUNTIME_MINIMAL_CPU_PY312_GIT_URL=https://github.com/red-hat-data-services/notebooks
ODH_PIPELINE_RUNTIME_PYTORCH_CUDA_PY312_GIT_COMMIT=601928d3f91ddd82be56e310b92aed808aebef70
ODH_PIPELINE_RUNTIME_PYTORCH_CUDA_PY312_GIT_URL=https://github.com/red-hat-data-services/notebooks
ODH_PIPELINE_RUNTIME_PYTORCH_LLMCOMPRESSOR_CUDA_PY312_GIT_COMMIT=601928d3f91ddd82be56e310b92aed808aebef70
ODH_PIPELINE_RUNTIME_PYTORCH_LLMCOMPRESSOR_CUDA_PY312_GIT_URL=https://github.com/red-hat-data-services/notebooks
ODH_PIPELINE_RUNTIME_PYTORCH_ROCM_PY312_GIT_COMMIT=601928d3f91ddd82be56e310b92aed808aebef70
ODH_PIPELINE_RUNTIME_PYTORCH_ROCM_PY312_GIT_URL=https://github.com/red-hat-data-services/notebooks
ODH_PIPELINE_RUNTIME_TENSORFLOW_CUDA_PY312_GIT_COMMIT=601928d3f91ddd82be56e310b92aed808aebef70
ODH_PIPELINE_RUNTIME_TENSORFLOW_CUDA_PY312_GIT_URL=https://github.com/red-hat-data-services/notebooks
ODH_PIPELINE_RUNTIME_TENSORFLOW_ROCM_PY312_GIT_COMMIT=601928d3f91ddd82be56e310b92aed808aebef70
ODH_PIPELINE_RUNTIME_TENSORFLOW_ROCM_PY312_GIT_URL=https://github.com/red-hat-data-services/notebooks
ODH_RHEL9_OPERATOR_GIT_COMMIT=62a4cc2329a6457c5c83357d2f91f52500d94692
ODH_RHEL9_OPERATOR_GIT_URL=https://gitlab.cee.redhat.com/rhoai/private/rhods-operator
ODH_TA_LMES_DRIVER_GIT_COMMIT=e859085c5399b13b92b27d24e092d9dce6d92044
ODH_TA_LMES_DRIVER_GIT_URL=https://gitlab.cee.redhat.com/rhoai/private/trustyai-service-operator
ODH_TA_LMES_JOB_GIT_COMMIT=34be83fa8e228b2d930ca4047866005f5c4d9534
ODH_TA_LMES_JOB_GIT_URL=https://gitlab.cee.redhat.com/rhoai/private/lm-evaluation-harness
ODH_TRAINER_GIT_COMMIT=4f8eb80e65f7c00582ac4edbfccf6050cde06e59
ODH_TRAINER_GIT_URL=https://gitlab.cee.redhat.com/rhoai/private/trainer
ODH_TRAINING_CUDA121_TORCH24_PY311_GIT_COMMIT=6f9572f617f1aadc059018485343f4a706c2f2c9
ODH_TRAINING_CUDA121_TORCH24_PY311_GIT_URL=https://github.com/red-hat-data-services/distributed-workloads
ODH_TRAINING_CUDA124_TORCH25_PY311_GIT_COMMIT=6f9572f617f1aadc059018485343f4a706c2f2c9
ODH_TRAINING_CUDA124_TORCH25_PY311_GIT_URL=https://github.com/red-hat-data-services/distributed-workloads
ODH_TRAINING_CUDA128_TORCH28_PY312_GIT_COMMIT=09766f6df043e664e72a9dfc7e6112cb0b35d2a1
ODH_TRAINING_CUDA128_TORCH28_PY312_GIT_URL=https://github.com/red-hat-data-services/distributed-workloads
ODH_TRAINING_CUDA128_TORCH29_PY312_GIT_COMMIT=a567229e0b9fc57bb072a47f7f06a65056a449fb
ODH_TRAINING_CUDA128_TORCH29_PY312_GIT_URL=https://github.com/red-hat-data-services/distributed-workloads
ODH_TRAINING_OPERATOR_GIT_COMMIT=d2e7d13182f9a260ab6e2bd5c8a7754ee2dcde56
ODH_TRAINING_OPERATOR_GIT_URL=https://gitlab.cee.redhat.com/rhoai/private/training-operator
ODH_TRAINING_ROCM62_TORCH24_PY311_GIT_COMMIT=6f9572f617f1aadc059018485343f4a706c2f2c9
ODH_TRAINING_ROCM62_TORCH24_PY311_GIT_URL=https://github.com/red-hat-data-services/distributed-workloads
ODH_TRAINING_ROCM62_TORCH25_PY311_GIT_COMMIT=6f9572f617f1aadc059018485343f4a706c2f2c9
ODH_TRAINING_ROCM62_TORCH25_PY311_GIT_URL=https://github.com/red-hat-data-services/distributed-workloads
ODH_TRAINING_ROCM64_TORCH28_PY312_GIT_COMMIT=5a00585c68ad7ff4a7b8fd4fd7f7e818393c3de9
ODH_TRAINING_ROCM64_TORCH28_PY312_GIT_URL=https://github.com/red-hat-data-services/distributed-workloads
ODH_TRAINING_ROCM64_TORCH29_PY312_GIT_COMMIT=a567229e0b9fc57bb072a47f7f06a65056a449fb
ODH_TRAINING_ROCM64_TORCH29_PY312_GIT_URL=https://github.com/red-hat-data-services/distributed-workloads
ODH_TRUSTYAI_GARAK_LLS_PROVIDER_DSP_GIT_COMMIT=77b7afa549918ab8c95a51d50e6d021162fc383c
ODH_TRUSTYAI_GARAK_LLS_PROVIDER_DSP_GIT_URL=https://github.com/red-hat-data-services/llama-stack-provider-trustyai-garak
ODH_TRUSTYAI_SERVICE_OPERATOR_GIT_COMMIT=e859085c5399b13b92b27d24e092d9dce6d92044
ODH_TRUSTYAI_SERVICE_OPERATOR_GIT_URL=https://gitlab.cee.redhat.com/rhoai/private/trustyai-service-operator
ODH_TRUSTYAI_SERVICE_GIT_COMMIT=b3b2ef70c2264956ea6815cf118ca109376c55b6
ODH_TRUSTYAI_SERVICE_GIT_URL=https://github.com/red-hat-data-services/trustyai-explainability
ODH_TRUSTYAI_VLLM_ORCHESTRATOR_GATEWAY_GIT_COMMIT=6546869bd4a38e81fd37c461a2af91e76a54a54f
ODH_TRUSTYAI_VLLM_ORCHESTRATOR_GATEWAY_GIT_URL=https://gitlab.cee.redhat.com/rhoai/private/vllm-orchestrator-gateway
ODH_VLLM_CPU_GIT_COMMIT=da4b4856cbfa8ee463430b8b1a981445f081b6d7
ODH_VLLM_CPU_GIT_URL=https://github.com/red-hat-data-services/vllm-cpu
ODH_VLLM_GAUDI_GIT_COMMIT=cf1d3cc4923d08b2e30e6c120bd783093c841b2f
ODH_VLLM_GAUDI_GIT_URL=https://github.com/red-hat-data-services/vllm-gaudi
ODH_WORKBENCH_CODESERVER_DATASCIENCE_CPU_PY312_GIT_COMMIT=601928d3f91ddd82be56e310b92aed808aebef70
ODH_WORKBENCH_CODESERVER_DATASCIENCE_CPU_PY312_GIT_URL=https://github.com/red-hat-data-services/notebooks
ODH_WORKBENCH_JUPYTER_DATASCIENCE_CPU_PY312_GIT_COMMIT=601928d3f91ddd82be56e310b92aed808aebef70
ODH_WORKBENCH_JUPYTER_DATASCIENCE_CPU_PY312_GIT_URL=https://github.com/red-hat-data-services/notebooks
ODH_WORKBENCH_JUPYTER_MINIMAL_CPU_PY312_GIT_COMMIT=601928d3f91ddd82be56e310b92aed808aebef70
ODH_WORKBENCH_JUPYTER_MINIMAL_CPU_PY312_GIT_URL=https://github.com/red-hat-data-services/notebooks
ODH_WORKBENCH_JUPYTER_MINIMAL_CUDA_PY312_GIT_COMMIT=601928d3f91ddd82be56e310b92aed808aebef70
ODH_WORKBENCH_JUPYTER_MINIMAL_CUDA_PY312_GIT_URL=https://github.com/red-hat-data-services/notebooks
ODH_WORKBENCH_JUPYTER_MINIMAL_ROCM_PY312_GIT_COMMIT=601928d3f91ddd82be56e310b92aed808aebef70
ODH_WORKBENCH_JUPYTER_MINIMAL_ROCM_PY312_GIT_URL=https://github.com/red-hat-data-services/notebooks
ODH_WORKBENCH_JUPYTER_PYTORCH_CUDA_PY312_GIT_COMMIT=601928d3f91ddd82be56e310b92aed808aebef70
ODH_WORKBENCH_JUPYTER_PYTORCH_CUDA_PY312_GIT_URL=https://github.com/red-hat-data-services/notebooks
ODH_WORKBENCH_JUPYTER_PYTORCH_LLMCOMPRESSOR_CUDA_PY312_GIT_COMMIT=601928d3f91ddd82be56e310b92aed808aebef70
ODH_WORKBENCH_JUPYTER_PYTORCH_LLMCOMPRESSOR_CUDA_PY312_GIT_URL=https://github.com/red-hat-data-services/notebooks
ODH_WORKBENCH_JUPYTER_PYTORCH_ROCM_PY312_GIT_COMMIT=601928d3f91ddd82be56e310b92aed808aebef70
ODH_WORKBENCH_JUPYTER_PYTORCH_ROCM_PY312_GIT_URL=https://github.com/red-hat-data-services/notebooks
ODH_WORKBENCH_JUPYTER_TENSORFLOW_CUDA_PY312_GIT_COMMIT=601928d3f91ddd82be56e310b92aed808aebef70
ODH_WORKBENCH_JUPYTER_TENSORFLOW_CUDA_PY312_GIT_URL=https://github.com/red-hat-data-services/notebooks
ODH_WORKBENCH_JUPYTER_TENSORFLOW_ROCM_PY312_GIT_COMMIT=601928d3f91ddd82be56e310b92aed808aebef70
ODH_WORKBENCH_JUPYTER_TENSORFLOW_ROCM_PY312_GIT_URL=https://github.com/red-hat-data-services/notebooks
ODH_WORKBENCH_JUPYTER_TRUSTYAI_CPU_PY312_GIT_COMMIT=601928d3f91ddd82be56e310b92aed808aebef70
ODH_WORKBENCH_JUPYTER_TRUSTYAI_CPU_PY312_GIT_URL=https://github.com/red-hat-data-services/notebooks
RBC_RELEASE_BRANCH_COMMIT_34=7621bdb6ddb53f36b85720bc2b253d80fab9fe23
ODH_OPERATOR_BUNDLE_GIT_COMMIT=8a3c40688f072153d11dee9c9106fff9fbffe757
ODH_OPERATOR_BUNDLE_GIT_URL=https://gitlab.cee.redhat.com/rhoai/private/RHOAI-Build-Config
ODH_AI_GATEWAY_PAYLOAD_PROCESSING_GIT_COMMIT=3f92142b3fc8f4cacdf1167faab7ac44168bd34d
ODH_AI_GATEWAY_PAYLOAD_PROCESSING_GIT_URL=https://github.com/red-hat-data-services/ai-gateway-payload-processing
ODH_BUILT_IN_DETECTOR_GIT_COMMIT=a655116d0a15f3b08004750d3b62e66b8a49478b
ODH_BUILT_IN_DETECTOR_GIT_URL=https://gitlab.cee.redhat.com/rhoai/private/guardrails-detectors
ODH_CLI_GIT_COMMIT=7493a132f42cd25825b9c8aacf33d217ca385408
ODH_CLI_GIT_URL=https://github.com/red-hat-data-services/odh-cli
ODH_DASHBOARD_GIT_COMMIT=d06b506e5a265ea654dd9afd936c8c6ffec0d95a
ODH_DASHBOARD_GIT_URL=https://gitlab.cee.redhat.com/rhoai/private/odh-dashboard
ODH_DATA_SCIENCE_PIPELINES_ARGO_ARGOEXEC_GIT_COMMIT=86958a7ffc0d3a1dc775ecc896d6be59f80989db
ODH_DATA_SCIENCE_PIPELINES_ARGO_ARGOEXEC_GIT_URL=https://gitlab.cee.redhat.com/rhoai/private/argo-workflows
ODH_DATA_SCIENCE_PIPELINES_ARGO_WORKFLOWCONTROLLER_GIT_COMMIT=86958a7ffc0d3a1dc775ecc896d6be59f80989db
ODH_DATA_SCIENCE_PIPELINES_ARGO_WORKFLOWCONTROLLER_GIT_URL=https://gitlab.cee.redhat.com/rhoai/private/argo-workflows
ODH_DATA_SCIENCE_PIPELINES_OPERATOR_CONTROLLER_GIT_COMMIT=247d8eaa174c32c7dd00d4a7348a9137f8cb0124
ODH_DATA_SCIENCE_PIPELINES_OPERATOR_CONTROLLER_GIT_URL=https://gitlab.cee.redhat.com/rhoai/private/data-science-pipelines-operator
ODH_EVAL_HUB_GIT_COMMIT=d7a5c5cbb156a787a92169ae1ba9db78d1f14b57
ODH_EVAL_HUB_GIT_URL=https://gitlab.cee.redhat.com/rhoai/private/eval-hub
ODH_FEAST_OPERATOR_GIT_COMMIT=84517cb5f2d03917d27be7439a6f61b6264a1ae5
ODH_FEAST_OPERATOR_GIT_URL=https://gitlab.cee.redhat.com/rhoai/private/feast
ODH_FEATURE_SERVER_GIT_COMMIT=4386ca0cd7944a558b1532652309df98420f5c30
ODH_FEATURE_SERVER_GIT_URL=https://gitlab.cee.redhat.com/rhoai/private/feast
ODH_FMS_GUARDRAILS_ORCHESTRATOR_GIT_COMMIT=039120bd7cc600fe6e564857a23a493141937cb1
ODH_FMS_GUARDRAILS_ORCHESTRATOR_GIT_URL=https://github.com/red-hat-data-services/fms-guardrails-orchestrator
ODH_GUARDRAILS_DETECTOR_HUGGINGFACE_RUNTIME_GIT_COMMIT=b45cd1fe410ce5742e4bcf4c373c18050756b8f6
ODH_GUARDRAILS_DETECTOR_HUGGINGFACE_RUNTIME_GIT_URL=https://gitlab.cee.redhat.com/rhoai/private/guardrails-detectors
ODH_KF_NOTEBOOK_CONTROLLER_GIT_COMMIT=f7ded5a5b448f21b2ec4e56b4acd33379d367668
ODH_KF_NOTEBOOK_CONTROLLER_GIT_URL=https://gitlab.cee.redhat.com/rhoai/private/kubeflow
ODH_KSERVE_AGENT_GIT_COMMIT=dd6b1f133ec4c6920d6344f8b96a3236be6062ba
ODH_KSERVE_AGENT_GIT_URL=https://github.com/red-hat-data-services/kserve
ODH_KSERVE_CONTROLLER_GIT_COMMIT=dd6b1f133ec4c6920d6344f8b96a3236be6062ba
ODH_KSERVE_CONTROLLER_GIT_URL=https://github.com/red-hat-data-services/kserve
ODH_KSERVE_ROUTER_GIT_COMMIT=dd6b1f133ec4c6920d6344f8b96a3236be6062ba
ODH_KSERVE_ROUTER_GIT_URL=https://github.com/red-hat-data-services/kserve
ODH_KSERVE_STORAGE_INITIALIZER_GIT_COMMIT=dd6b1f133ec4c6920d6344f8b96a3236be6062ba
ODH_KSERVE_STORAGE_INITIALIZER_GIT_URL=https://github.com/red-hat-data-services/kserve
ODH_KUBE_AUTH_PROXY_GIT_COMMIT=d62ed8a6a074eb90c04a517f2edcde508d85cb4d
ODH_KUBE_AUTH_PROXY_GIT_URL=https://github.com/red-hat-data-services/kube-auth-proxy
ODH_KUBERAY_OPERATOR_CONTROLLER_GIT_COMMIT=97fef47b985bac6ed2863881b1da373f7944c958
ODH_KUBERAY_OPERATOR_CONTROLLER_GIT_URL=https://github.com/red-hat-data-services/kuberay
ODH_LLAMA_STACK_CORE_GIT_COMMIT=dfc2be5916b6de5ab63444df48c7386b24bbd78a
ODH_LLAMA_STACK_CORE_GIT_URL=https://github.com/red-hat-data-services/ogx-distribution
ODH_LLAMA_STACK_K8S_OPERATOR_GIT_COMMIT=dfe291b7b850f11bea29f180f1a514dfd1c8f0f9
ODH_LLAMA_STACK_K8S_OPERATOR_GIT_URL=https://github.com/red-hat-data-services/ogx-k8s-operator
ODH_LLM_D_INFERENCE_SCHEDULER_GIT_COMMIT=d23ba7930769970cd00d6069c4aaabf2dee46fcc
ODH_LLM_D_INFERENCE_SCHEDULER_GIT_URL=https://github.com/red-hat-data-services/llm-d-inference-scheduler
ODH_LLM_D_ROUTING_SIDECAR_GIT_COMMIT=d23ba7930769970cd00d6069c4aaabf2dee46fcc
ODH_LLM_D_ROUTING_SIDECAR_GIT_URL=https://github.com/red-hat-data-services/llm-d-inference-scheduler
ODH_MAAS_API_GIT_COMMIT=a1bd102d2179d4024f03c49c02977329950206b2
ODH_MAAS_API_GIT_URL=https://gitlab.cee.redhat.com/rhoai/private/models-as-a-service
ODH_MAAS_CONTROLLER_GIT_COMMIT=a1bd102d2179d4024f03c49c02977329950206b2
ODH_MAAS_CONTROLLER_GIT_URL=https://gitlab.cee.redhat.com/rhoai/private/models-as-a-service
ODH_ML_PIPELINES_API_SERVER_V2_GIT_COMMIT=5f29b99b2b095026c9f450100c9f949999011305
ODH_ML_PIPELINES_API_SERVER_V2_GIT_URL=https://gitlab.cee.redhat.com/rhoai/private/data-science-pipelines
ODH_ML_PIPELINES_DRIVER_GIT_COMMIT=5f29b99b2b095026c9f450100c9f949999011305
ODH_ML_PIPELINES_DRIVER_GIT_URL=https://gitlab.cee.redhat.com/rhoai/private/data-science-pipelines
ODH_ML_PIPELINES_LAUNCHER_GIT_COMMIT=5f29b99b2b095026c9f450100c9f949999011305
ODH_ML_PIPELINES_LAUNCHER_GIT_URL=https://gitlab.cee.redhat.com/rhoai/private/data-science-pipelines
ODH_ML_PIPELINES_PERSISTENCEAGENT_V2_GIT_COMMIT=5f29b99b2b095026c9f450100c9f949999011305
ODH_ML_PIPELINES_PERSISTENCEAGENT_V2_GIT_URL=https://gitlab.cee.redhat.com/rhoai/private/data-science-pipelines
ODH_ML_PIPELINES_SCHEDULEDWORKFLOW_V2_GIT_COMMIT=5f29b99b2b095026c9f450100c9f949999011305
ODH_ML_PIPELINES_SCHEDULEDWORKFLOW_V2_GIT_URL=https://gitlab.cee.redhat.com/rhoai/private/data-science-pipelines
ODH_MLFLOW_GIT_COMMIT=6229e4904e3f3bcc165ddaea0bd1bc49b3ec2d51
ODH_MLFLOW_GIT_URL=https://github.com/red-hat-data-services/mlflow
ODH_MLMD_GRPC_SERVER_GIT_COMMIT=ba9d36cf35c34d77219ef9ecc83affe531d6bb10
ODH_MLMD_GRPC_SERVER_GIT_URL=https://gitlab.cee.redhat.com/rhoai/private/ml-metadata
ODH_MLSERVER_GIT_COMMIT=09de58c45f368e5c023afd8e9cdae88c2aad28ff
ODH_MLSERVER_GIT_URL=https://github.com/red-hat-data-services/MLServer
ODH_MOD_ARCH_GEN_AI_GIT_COMMIT=100b781e27827aee2961ed300f97e5bcecb9ac18
ODH_MOD_ARCH_GEN_AI_GIT_URL=https://gitlab.cee.redhat.com/rhoai/private/odh-dashboard
ODH_MOD_ARCH_MAAS_GIT_COMMIT=100b781e27827aee2961ed300f97e5bcecb9ac18
ODH_MOD_ARCH_MAAS_GIT_URL=https://gitlab.cee.redhat.com/rhoai/private/odh-dashboard
ODH_MOD_ARCH_MLFLOW_GIT_COMMIT=100b781e27827aee2961ed300f97e5bcecb9ac18
ODH_MOD_ARCH_MLFLOW_GIT_URL=https://gitlab.cee.redhat.com/rhoai/private/odh-dashboard
ODH_MOD_ARCH_MODEL_REGISTRY_GIT_COMMIT=100b781e27827aee2961ed300f97e5bcecb9ac18
ODH_MOD_ARCH_MODEL_REGISTRY_GIT_URL=https://gitlab.cee.redhat.com/rhoai/private/odh-dashboard
ODH_MODEL_CONTROLLER_GIT_COMMIT=142fff6449410f8836a72ed5dff8c6f9aaf23849
ODH_MODEL_CONTROLLER_GIT_URL=https://gitlab.cee.redhat.com/rhoai/private/odh-model-controller
ODH_MODEL_METADATA_COLLECTION_GIT_COMMIT=4c57016ad43ed096ee809b76ee5b6045d6b1bde0
ODH_MODEL_METADATA_COLLECTION_GIT_URL=https://github.com/red-hat-data-services/model-metadata-collection
ODH_MODEL_PERFORMANCE_DATA_GIT_COMMIT=34e20b89d586d2ea7a1f452f661243b1f044ea0b
ODH_MODEL_PERFORMANCE_DATA_GIT_URL=https://github.com/red-hat-data-services/models-perf-benchmark-data
ODH_MODEL_REGISTRY_JOB_ASYNC_UPLOAD_GIT_COMMIT=95055035b79011a28de1bfbf4556d34552853c1c
ODH_MODEL_REGISTRY_JOB_ASYNC_UPLOAD_GIT_URL=https://github.com/red-hat-data-services/model-registry
ODH_MODEL_REGISTRY_OPERATOR_GIT_COMMIT=fe1bfe10d4d041baa94537999806a948c3acbee4
ODH_MODEL_REGISTRY_OPERATOR_GIT_URL=https://github.com/red-hat-data-services/model-registry-operator
ODH_MODEL_REGISTRY_GIT_COMMIT=46b7c66aef44d23169034eac8a6c16f26d37a83d
ODH_MODEL_REGISTRY_GIT_URL=https://github.com/red-hat-data-services/model-registry
ODH_MODEL_SERVING_API_GIT_COMMIT=142fff6449410f8836a72ed5dff8c6f9aaf23849
ODH_MODEL_SERVING_API_GIT_URL=https://gitlab.cee.redhat.com/rhoai/private/odh-model-controller
ODH_MUST_GATHER_GIT_COMMIT=90442508e8f449f6bbd0ecf36025155f080a0acf
ODH_MUST_GATHER_GIT_URL=https://github.com/red-hat-data-services/must-gather
ODH_NOTEBOOK_CONTROLLER_GIT_COMMIT=f7ded5a5b448f21b2ec4e56b4acd33379d367668
ODH_NOTEBOOK_CONTROLLER_GIT_URL=https://gitlab.cee.redhat.com/rhoai/private/kubeflow
ODH_OPENVINO_MODEL_SERVER_GIT_COMMIT=3ef2f473b8d4335f4ab16f9b039ae5eddb5f4091
ODH_OPENVINO_MODEL_SERVER_GIT_URL=https://github.com/red-hat-data-services/openvino_model_server
ODH_OPERATOR_GIT_COMMIT=ceadac29e7f2c2c098f4270015c8aee9bf502683
ODH_OPERATOR_GIT_URL=https://gitlab.cee.redhat.com/rhoai/private/rhods-operator
ODH_PIPELINE_RUNTIME_DATASCIENCE_CPU_PY312_GIT_COMMIT=2fa49680ab490603b1d0732e277fe3766075e460
ODH_PIPELINE_RUNTIME_DATASCIENCE_CPU_PY312_GIT_URL=https://github.com/red-hat-data-services/notebooks
ODH_PIPELINE_RUNTIME_MINIMAL_CPU_PY312_GIT_COMMIT=2fa49680ab490603b1d0732e277fe3766075e460
ODH_PIPELINE_RUNTIME_MINIMAL_CPU_PY312_GIT_URL=https://github.com/red-hat-data-services/notebooks
ODH_PIPELINE_RUNTIME_PYTORCH_CUDA_PY312_GIT_COMMIT=2fa49680ab490603b1d0732e277fe3766075e460
ODH_PIPELINE_RUNTIME_PYTORCH_CUDA_PY312_GIT_URL=https://github.com/red-hat-data-services/notebooks
ODH_PIPELINE_RUNTIME_PYTORCH_LLMCOMPRESSOR_CUDA_PY312_GIT_COMMIT=2fa49680ab490603b1d0732e277fe3766075e460
ODH_PIPELINE_RUNTIME_PYTORCH_LLMCOMPRESSOR_CUDA_PY312_GIT_URL=https://github.com/red-hat-data-services/notebooks
ODH_PIPELINE_RUNTIME_PYTORCH_ROCM_PY312_GIT_COMMIT=2fa49680ab490603b1d0732e277fe3766075e460
ODH_PIPELINE_RUNTIME_PYTORCH_ROCM_PY312_GIT_URL=https://github.com/red-hat-data-services/notebooks
ODH_PIPELINE_RUNTIME_TENSORFLOW_CUDA_PY312_GIT_COMMIT=2fa49680ab490603b1d0732e277fe3766075e460
ODH_PIPELINE_RUNTIME_TENSORFLOW_CUDA_PY312_GIT_URL=https://github.com/red-hat-data-services/notebooks
ODH_PIPELINE_RUNTIME_TENSORFLOW_ROCM_PY312_GIT_COMMIT=2fa49680ab490603b1d0732e277fe3766075e460
ODH_PIPELINE_RUNTIME_TENSORFLOW_ROCM_PY312_GIT_URL=https://github.com/red-hat-data-services/notebooks
ODH_PIPELINES_COMPONENTS_GIT_COMMIT=31ca14a29e88ab51d832af361aa3548b585feee0
ODH_PIPELINES_COMPONENTS_GIT_URL=https://github.com/red-hat-data-services/pipelines-components
ODH_RHEL9_OPERATOR_GIT_COMMIT=ceadac29e7f2c2c098f4270015c8aee9bf502683
ODH_RHEL9_OPERATOR_GIT_URL=https://gitlab.cee.redhat.com/rhoai/private/rhods-operator
ODH_SPARK_OPERATOR_GIT_COMMIT=fb243057236303f64617e6635e5a3ca771a73486
ODH_SPARK_OPERATOR_GIT_URL=https://github.com/red-hat-data-services/spark-operator
ODH_TA_LMES_DRIVER_GIT_COMMIT=6349d374837c68b0a7a4d3150a63d3dd0b0cbadd
ODH_TA_LMES_DRIVER_GIT_URL=https://gitlab.cee.redhat.com/rhoai/private/trustyai-service-operator
ODH_TA_LMES_JOB_GIT_COMMIT=ae37667aa1069958e13de2e50adbe2ad2f1254df
ODH_TA_LMES_JOB_GIT_URL=https://gitlab.cee.redhat.com/rhoai/private/lm-evaluation-harness
ODH_TRAINER_GIT_COMMIT=95ed1c158d08a4e8111f3b714a0dbab691632cda
ODH_TRAINER_GIT_URL=https://gitlab.cee.redhat.com/rhoai/private/trainer
ODH_TRAINING_CUDA121_TORCH24_PY311_GIT_COMMIT=2ecdbb279b5e71debc5371988d704d4cf9c8e0e2
ODH_TRAINING_CUDA121_TORCH24_PY311_GIT_URL=https://github.com/red-hat-data-services/distributed-workloads
ODH_TRAINING_CUDA124_TORCH25_PY311_GIT_COMMIT=2ecdbb279b5e71debc5371988d704d4cf9c8e0e2
ODH_TRAINING_CUDA124_TORCH25_PY311_GIT_URL=https://github.com/red-hat-data-services/distributed-workloads
ODH_TRAINING_CUDA128_TORCH28_PY312_GIT_COMMIT=2ecdbb279b5e71debc5371988d704d4cf9c8e0e2
ODH_TRAINING_CUDA128_TORCH28_PY312_GIT_URL=https://github.com/red-hat-data-services/distributed-workloads
ODH_TRAINING_CUDA128_TORCH29_PY312_GIT_COMMIT=2ecdbb279b5e71debc5371988d704d4cf9c8e0e2
ODH_TRAINING_CUDA128_TORCH29_PY312_GIT_URL=https://github.com/red-hat-data-services/distributed-workloads
ODH_TRAINING_OPERATOR_GIT_COMMIT=1121b3a838a851a3c47370507c82519d777a4667
ODH_TRAINING_OPERATOR_GIT_URL=https://gitlab.cee.redhat.com/rhoai/private/training-operator
ODH_TRAINING_ROCM62_TORCH24_PY311_GIT_COMMIT=2ecdbb279b5e71debc5371988d704d4cf9c8e0e2
ODH_TRAINING_ROCM62_TORCH24_PY311_GIT_URL=https://github.com/red-hat-data-services/distributed-workloads
ODH_TRAINING_ROCM62_TORCH25_PY311_GIT_COMMIT=2ecdbb279b5e71debc5371988d704d4cf9c8e0e2
ODH_TRAINING_ROCM62_TORCH25_PY311_GIT_URL=https://github.com/red-hat-data-services/distributed-workloads
ODH_TRAINING_ROCM64_TORCH28_PY312_GIT_COMMIT=2ecdbb279b5e71debc5371988d704d4cf9c8e0e2
ODH_TRAINING_ROCM64_TORCH28_PY312_GIT_URL=https://github.com/red-hat-data-services/distributed-workloads
ODH_TRAINING_ROCM64_TORCH29_PY312_GIT_COMMIT=2ecdbb279b5e71debc5371988d704d4cf9c8e0e2
ODH_TRAINING_ROCM64_TORCH29_PY312_GIT_URL=https://github.com/red-hat-data-services/distributed-workloads
ODH_TRUSTYAI_GARAK_LLS_PROVIDER_DSP_GIT_COMMIT=014ecc1fabdaa6abd30f0402fe99ce07328e402a
ODH_TRUSTYAI_GARAK_LLS_PROVIDER_DSP_GIT_URL=https://github.com/red-hat-data-services/llama-stack-provider-trustyai-garak
ODH_TRUSTYAI_SERVICE_OPERATOR_GIT_COMMIT=6349d374837c68b0a7a4d3150a63d3dd0b0cbadd
ODH_TRUSTYAI_SERVICE_OPERATOR_GIT_URL=https://gitlab.cee.redhat.com/rhoai/private/trustyai-service-operator
ODH_TRUSTYAI_SERVICE_GIT_COMMIT=3cfcf07ea04962eee79c72e533f79395706756ba
ODH_TRUSTYAI_SERVICE_GIT_URL=https://github.com/red-hat-data-services/trustyai-explainability
ODH_TRUSTYAI_VLLM_ORCHESTRATOR_GATEWAY_GIT_COMMIT=55faa30099f5bf6729e9e3ac97b15c68175e14f9
ODH_TRUSTYAI_VLLM_ORCHESTRATOR_GATEWAY_GIT_URL=https://gitlab.cee.redhat.com/rhoai/private/vllm-orchestrator-gateway
ODH_VLLM_CPU_GIT_COMMIT=f8477cdc2e55d4c3ba3da1b41e1a06c2f84d668e
ODH_VLLM_CPU_GIT_URL=https://github.com/red-hat-data-services/vllm-cpu
ODH_WORKBENCH_CODESERVER_DATASCIENCE_CPU_PY312_GIT_COMMIT=2fa49680ab490603b1d0732e277fe3766075e460
ODH_WORKBENCH_CODESERVER_DATASCIENCE_CPU_PY312_GIT_URL=https://github.com/red-hat-data-services/notebooks
ODH_WORKBENCH_JUPYTER_DATASCIENCE_CPU_PY312_GIT_COMMIT=2fa49680ab490603b1d0732e277fe3766075e460
ODH_WORKBENCH_JUPYTER_DATASCIENCE_CPU_PY312_GIT_URL=https://github.com/red-hat-data-services/notebooks
ODH_WORKBENCH_JUPYTER_MINIMAL_CPU_PY312_GIT_COMMIT=2fa49680ab490603b1d0732e277fe3766075e460
ODH_WORKBENCH_JUPYTER_MINIMAL_CPU_PY312_GIT_URL=https://github.com/red-hat-data-services/notebooks
ODH_WORKBENCH_JUPYTER_MINIMAL_CUDA_PY312_GIT_COMMIT=2fa49680ab490603b1d0732e277fe3766075e460
ODH_WORKBENCH_JUPYTER_MINIMAL_CUDA_PY312_GIT_URL=https://github.com/red-hat-data-services/notebooks
ODH_WORKBENCH_JUPYTER_MINIMAL_ROCM_PY312_GIT_COMMIT=2fa49680ab490603b1d0732e277fe3766075e460
ODH_WORKBENCH_JUPYTER_MINIMAL_ROCM_PY312_GIT_URL=https://github.com/red-hat-data-services/notebooks
ODH_WORKBENCH_JUPYTER_PYTORCH_CUDA_PY312_GIT_COMMIT=2fa49680ab490603b1d0732e277fe3766075e460
ODH_WORKBENCH_JUPYTER_PYTORCH_CUDA_PY312_GIT_URL=https://github.com/red-hat-data-services/notebooks
ODH_WORKBENCH_JUPYTER_PYTORCH_LLMCOMPRESSOR_CUDA_PY312_GIT_COMMIT=2fa49680ab490603b1d0732e277fe3766075e460
ODH_WORKBENCH_JUPYTER_PYTORCH_LLMCOMPRESSOR_CUDA_PY312_GIT_URL=https://github.com/red-hat-data-services/notebooks
ODH_WORKBENCH_JUPYTER_PYTORCH_ROCM_PY312_GIT_COMMIT=2fa49680ab490603b1d0732e277fe3766075e460
ODH_WORKBENCH_JUPYTER_PYTORCH_ROCM_PY312_GIT_URL=https://github.com/red-hat-data-services/notebooks
ODH_WORKBENCH_JUPYTER_TENSORFLOW_CUDA_PY312_GIT_COMMIT=2fa49680ab490603b1d0732e277fe3766075e460
ODH_WORKBENCH_JUPYTER_TENSORFLOW_CUDA_PY312_GIT_URL=https://github.com/red-hat-data-services/notebooks
ODH_WORKBENCH_JUPYTER_TENSORFLOW_ROCM_PY312_GIT_COMMIT=2fa49680ab490603b1d0732e277fe3766075e460
ODH_WORKBENCH_JUPYTER_TENSORFLOW_ROCM_PY312_GIT_URL=https://github.com/red-hat-data-services/notebooks
ODH_WORKBENCH_JUPYTER_TRUSTYAI_CPU_PY312_GIT_COMMIT=2fa49680ab490603b1d0732e277fe3766075e460
ODH_WORKBENCH_JUPYTER_TRUSTYAI_CPU_PY312_GIT_URL=https://github.com/red-hat-data-services/notebooks
ODH_WORKLOAD_VARIANT_AUTOSCALER_CONTROLLER_GIT_COMMIT=c7017cede46c43ba5507cf14418ff08c012dc572
ODH_WORKLOAD_VARIANT_AUTOSCALER_CONTROLLER_GIT_URL=https://github.com/red-hat-data-services/workload-variant-autoscaler
RBC_RELEASE_BRANCH_COMMIT=7621bdb6ddb53f36b85720bc2b253d80fab9fe23
