RBC_RELEASE_BRANCH_COMMIT=0f408af87aac8d78dfc98697a9de6948dd1f43a6
ODH_NOTEBOOK_CONTROLLER_GIT_URL=https://github.com/red-hat-data-services/kubeflow
ODH_TRUSTYAI_SERVICE_GIT_COMMIT=c43f8dc0ead412e69be14f657cfaf18ed70e2ed9
ODH_OPERATOR_BUNDLE_GIT_URL=https://github.com/red-hat-data-services/RHOAI-Build-Config
ODH_KUBERAY_OPERATOR_CONTROLLER_GIT_URL=https://github.com/red-hat-data-services/kuberay
ODH_OPERATOR_BUNDLE_GIT_COMMIT=691429e19274a3d3b9aeb0673f8e218e10971bff
ODH_DATA_SCIENCE_PIPELINES_ARGO_ARGOEXEC_GIT_URL=https://github.com/red-hat-data-services/argo-workflows
ODH_DATA_SCIENCE_PIPELINES_ARGO_WORKFLOWCONTROLLER_GIT_COMMIT=921ea2de4d3aa7c7450939b7a52606861f7cde25
ODH_KUEUE_CONTROLLER_GIT_COMMIT=a614abe3823dbfd4311e977cc85d723491c3ae79
ODH_ML_PIPELINES_API_SERVER_V2_GIT_URL=https://github.com/red-hat-data-services/data-science-pipelines
ODH_MODELMESH_RUNTIME_ADAPTER_GIT_URL=https://github.com/red-hat-data-services/modelmesh-runtime-adapter
ODH_MLMD_GRPC_SERVER_GIT_URL=https://github.com/red-hat-data-services/ml-metadata
ODH_MODEL_REGISTRY_GIT_COMMIT=74af3ede135ce7b587aa89a5c9faa824958d1e84
ODH_CODEFLARE_OPERATOR_GIT_COMMIT=a160fe3f26194dcc5c8bf85b1b564b89c99b5d00
ODH_MM_REST_PROXY_GIT_COMMIT=1f8cf5a6bd61b081868f644023bf7bd5c9ee69dc
ODH_MODELMESH_GIT_URL=https://github.com/red-hat-data-services/modelmesh
ODH_DATA_SCIENCE_PIPELINES_ARGO_WORKFLOWCONTROLLER_GIT_URL=https://github.com/red-hat-data-services/argo-workflows
ODH_DATA_SCIENCE_PIPELINES_OPERATOR_CONTROLLER_GIT_URL=https://github.com/red-hat-data-services/data-science-pipelines-operator
ODH_MODELMESH_RUNTIME_ADAPTER_GIT_COMMIT=f78490f68a3a64fcd99f3a070198ad867948f469
ODH_MODEL_CONTROLLER_GIT_URL=https://github.com/red-hat-data-services/odh-model-controller
ODH_ML_PIPELINES_PERSISTENCEAGENT_V2_GIT_COMMIT=663bc87f2acd440f26d20d86e819865eab328873
ODH_ML_PIPELINES_API_SERVER_V2_GIT_COMMIT=663bc87f2acd440f26d20d86e819865eab328873
ODH_MODEL_REGISTRY_OPERATOR_GIT_COMMIT=8f2473e5439446c027d536ae3b1976228a453cc0
ODH_RHEL9_OPERATOR_GIT_COMMIT=f755b77cee8e823ca2fda13d036d01f9cd11dc0e
ODH_ML_PIPELINES_SCHEDULEDWORKFLOW_V2_GIT_URL=https://github.com/red-hat-data-services/data-science-pipelines
ODH_MM_REST_PROXY_GIT_URL=https://github.com/red-hat-data-services/rest-proxy
ODH_MODEL_CONTROLLER_GIT_COMMIT=2b292e4ef6989c10539919df19bf0b87b2d0f919
ODH_ML_PIPELINES_LAUNCHER_GIT_URL=https://github.com/red-hat-data-services/data-science-pipelines
ODH_MLMD_GRPC_SERVER_GIT_COMMIT=17f490cc19f210e2ea84dd51cca6babcc393bb7a
ODH_MODELMESH_SERVING_CONTROLLER_GIT_URL=https://github.com/red-hat-data-services/modelmesh-serving
ODH_DATA_SCIENCE_PIPELINES_ARGO_ARGOEXEC_GIT_COMMIT=921ea2de4d3aa7c7450939b7a52606861f7cde25
ODH_ML_PIPELINES_LAUNCHER_GIT_COMMIT=663bc87f2acd440f26d20d86e819865eab328873
ODH_MODELMESH_GIT_COMMIT=8ea41e1bf38d85033064cf8ac655a582b0d1a109
ODH_CODEFLARE_OPERATOR_GIT_URL=https://github.com/red-hat-data-services/codeflare-operator
ODH_DASHBOARD_GIT_URL=https://github.com/red-hat-data-services/odh-dashboard
ODH_ML_PIPELINES_DRIVER_GIT_COMMIT=663bc87f2acd440f26d20d86e819865eab328873
ODH_ML_PIPELINES_PERSISTENCEAGENT_V2_GIT_URL=https://github.com/red-hat-data-services/data-science-pipelines
ODH_TRUSTYAI_SERVICE_GIT_URL=https://github.com/red-hat-data-services/trustyai-explainability
ODH_ML_PIPELINES_SCHEDULEDWORKFLOW_V2_GIT_COMMIT=663bc87f2acd440f26d20d86e819865eab328873
ODH_MODEL_REGISTRY_GIT_URL=https://github.com/red-hat-data-services/model-registry
ODH_TRAINING_OPERATOR_GIT_COMMIT=8c11b3061f6f5d865ed22169489834b17bee1369
ODH_DATA_SCIENCE_PIPELINES_OPERATOR_CONTROLLER_GIT_COMMIT=3e736c9cc62882baf86c04bdb8ca56edec9a12b3
ODH_KF_NOTEBOOK_CONTROLLER_GIT_URL=https://github.com/red-hat-data-services/kubeflow
ODH_DASHBOARD_GIT_COMMIT=91c9f4f819d7d238325520209489fdde094c761c
ODH_MODEL_REGISTRY_OPERATOR_GIT_URL=https://github.com/red-hat-data-services/model-registry-operator
ODH_TRUSTYAI_SERVICE_OPERATOR_GIT_COMMIT=ba0274ee4278c5e3d841a3588a0c8cb26990b720
ODH_KUEUE_CONTROLLER_GIT_URL=https://github.com/red-hat-data-services/kueue
ODH_RHEL9_OPERATOR_GIT_URL=https://github.com/red-hat-data-services/rhods-operator
ODH_TRAINING_OPERATOR_GIT_URL=https://github.com/red-hat-data-services/training-operator
ODH_ML_PIPELINES_DRIVER_GIT_URL=https://github.com/red-hat-data-services/data-science-pipelines
ODH_NOTEBOOK_CONTROLLER_GIT_COMMIT=04ecbb5294798886f30927701d666d2e64d59d4f
ODH_KF_NOTEBOOK_CONTROLLER_GIT_COMMIT=04ecbb5294798886f30927701d666d2e64d59d4f
ODH_MODELMESH_SERVING_CONTROLLER_GIT_COMMIT=d2637d9645ef5a3a4632ea7bc1dc0cd6444e0d91
ODH_TRUSTYAI_SERVICE_OPERATOR_GIT_URL=https://github.com/red-hat-data-services/trustyai-service-operator
ODH_KUBERAY_OPERATOR_CONTROLLER_GIT_COMMIT=c37eeca753c1b46298d67441d867d6b9680fa34c
